Archive member included to satisfy reference by file (symbol)

/Users/hamsikapongubala/Desktop/MP3-Project/toolchains/mac/gcc-arm-none-eabi-8-2019-q3-update/bin/../lib/gcc/arm-none-eabi/8.3.1/thumb/v7e-m+fp/hard/libgcc.a(_aeabi_ldivmod.o)
                              _build_lpc40xx_freertos/obj/tasks.o (__aeabi_ldivmod)
/Users/hamsikapongubala/Desktop/MP3-Project/toolchains/mac/gcc-arm-none-eabi-8-2019-q3-update/bin/../lib/gcc/arm-none-eabi/8.3.1/thumb/v7e-m+fp/hard/libgcc.a(_aeabi_uldivmod.o)
                              _build_lpc40xx_freertos/obj/delay.o (__aeabi_uldivmod)
/Users/hamsikapongubala/Desktop/MP3-Project/toolchains/mac/gcc-arm-none-eabi-8-2019-q3-update/bin/../lib/gcc/arm-none-eabi/8.3.1/thumb/v7e-m+fp/hard/libgcc.a(_udivmoddi4.o)
                              /Users/hamsikapongubala/Desktop/MP3-Project/toolchains/mac/gcc-arm-none-eabi-8-2019-q3-update/bin/../lib/gcc/arm-none-eabi/8.3.1/thumb/v7e-m+fp/hard/libgcc.a(_aeabi_ldivmod.o) (__udivmoddi4)
/Users/hamsikapongubala/Desktop/MP3-Project/toolchains/mac/gcc-arm-none-eabi-8-2019-q3-update/bin/../lib/gcc/arm-none-eabi/8.3.1/thumb/v7e-m+fp/hard/libgcc.a(_dvmd_tls.o)
                              /Users/hamsikapongubala/Desktop/MP3-Project/toolchains/mac/gcc-arm-none-eabi-8-2019-q3-update/bin/../lib/gcc/arm-none-eabi/8.3.1/thumb/v7e-m+fp/hard/libgcc.a(_aeabi_ldivmod.o) (__aeabi_ldiv0)
/Users/hamsikapongubala/Desktop/MP3-Project/toolchains/mac/gcc-arm-none-eabi-8-2019-q3-update/bin/../lib/gcc/arm-none-eabi/8.3.1/../../../../arm-none-eabi/lib/thumb/v7e-m+fp/hard/libg_nano.a(lib_a-atof.o)
                              _build_lpc40xx_freertos/obj/sl_string.o (atof)
/Users/hamsikapongubala/Desktop/MP3-Project/toolchains/mac/gcc-arm-none-eabi-8-2019-q3-update/bin/../lib/gcc/arm-none-eabi/8.3.1/../../../../arm-none-eabi/lib/thumb/v7e-m+fp/hard/libg_nano.a(lib_a-atoi.o)
                              _build_lpc40xx_freertos/obj/sl_string.o (atoi)
/Users/hamsikapongubala/Desktop/MP3-Project/toolchains/mac/gcc-arm-none-eabi-8-2019-q3-update/bin/../lib/gcc/arm-none-eabi/8.3.1/../../../../arm-none-eabi/lib/thumb/v7e-m+fp/hard/libg_nano.a(lib_a-ctype_.o)
                              _build_lpc40xx_freertos/obj/sl_string.o (_ctype_)
/Users/hamsikapongubala/Desktop/MP3-Project/toolchains/mac/gcc-arm-none-eabi-8-2019-q3-update/bin/../lib/gcc/arm-none-eabi/8.3.1/../../../../arm-none-eabi/lib/thumb/v7e-m+fp/hard/libg_nano.a(lib_a-fprintf.o)
                              _build_lpc40xx_freertos/obj/interrupt_vector_table.o (fprintf)
/Users/hamsikapongubala/Desktop/MP3-Project/toolchains/mac/gcc-arm-none-eabi-8-2019-q3-update/bin/../lib/gcc/arm-none-eabi/8.3.1/../../../../arm-none-eabi/lib/thumb/v7e-m+fp/hard/libg_nano.a(lib_a-fputs.o)
                              _build_lpc40xx_freertos/obj/entry_point.o (fputs)
/Users/hamsikapongubala/Desktop/MP3-Project/toolchains/mac/gcc-arm-none-eabi-8-2019-q3-update/bin/../lib/gcc/arm-none-eabi/8.3.1/../../../../arm-none-eabi/lib/thumb/v7e-m+fp/hard/libg_nano.a(lib_a-getchar.o)
                              _build_lpc40xx_freertos/obj/sj2_cli.o (getchar)
/Users/hamsikapongubala/Desktop/MP3-Project/toolchains/mac/gcc-arm-none-eabi-8-2019-q3-update/bin/../lib/gcc/arm-none-eabi/8.3.1/../../../../arm-none-eabi/lib/thumb/v7e-m+fp/hard/libg_nano.a(lib_a-impure.o)
                              _build_lpc40xx_freertos/obj/entry_point.o (_impure_ptr)
/Users/hamsikapongubala/Desktop/MP3-Project/toolchains/mac/gcc-arm-none-eabi-8-2019-q3-update/bin/../lib/gcc/arm-none-eabi/8.3.1/../../../../arm-none-eabi/lib/thumb/v7e-m+fp/hard/libg_nano.a(lib_a-lock.o)
                              /Users/hamsikapongubala/Desktop/MP3-Project/toolchains/mac/gcc-arm-none-eabi-8-2019-q3-update/bin/../lib/gcc/arm-none-eabi/8.3.1/../../../../arm-none-eabi/lib/thumb/v7e-m+fp/hard/libg_nano.a(lib_a-fputs.o) (__retarget_lock_acquire_recursive)
/Users/hamsikapongubala/Desktop/MP3-Project/toolchains/mac/gcc-arm-none-eabi-8-2019-q3-update/bin/../lib/gcc/arm-none-eabi/8.3.1/../../../../arm-none-eabi/lib/thumb/v7e-m+fp/hard/libg_nano.a(lib_a-malloc.o)
                              _build_lpc40xx_freertos/obj/heap_3.o (malloc)
/Users/hamsikapongubala/Desktop/MP3-Project/toolchains/mac/gcc-arm-none-eabi-8-2019-q3-update/bin/../lib/gcc/arm-none-eabi/8.3.1/../../../../arm-none-eabi/lib/thumb/v7e-m+fp/hard/libg_nano.a(lib_a-memcpy-stub.o)
                              _build_lpc40xx_freertos/obj/sl_string.o (memcpy)
/Users/hamsikapongubala/Desktop/MP3-Project/toolchains/mac/gcc-arm-none-eabi-8-2019-q3-update/bin/../lib/gcc/arm-none-eabi/8.3.1/../../../../arm-none-eabi/lib/thumb/v7e-m+fp/hard/libg_nano.a(lib_a-memmove.o)
                              _build_lpc40xx_freertos/obj/sl_string.o (memmove)
/Users/hamsikapongubala/Desktop/MP3-Project/toolchains/mac/gcc-arm-none-eabi-8-2019-q3-update/bin/../lib/gcc/arm-none-eabi/8.3.1/../../../../arm-none-eabi/lib/thumb/v7e-m+fp/hard/libg_nano.a(lib_a-memset.o)
[...]
Memory Configuration

Name             Origin             Length             Attributes
flash_512k       0x0000000000000000 0x0000000000080000 xr
ram_64k          0x0000000010000000 0x0000000000010000 xrw
ram_32k          0x0000000020000000 0x0000000000008000 xrw
*default*        0x0000000000000000 0xffffffffffffffff

Linker script and memory map

LOAD _build_lpc40xx_freertos/obj/entry_point.o
LOAD _build_lpc40xx_freertos/obj/interrupt_vector_table.o
LOAD _build_lpc40xx_freertos/obj/clock.o
LOAD _build_lpc40xx_freertos/obj/crash.o
LOAD _build_lpc40xx_freertos/obj/syscall.o
LOAD _build_lpc40xx_freertos/obj/startup.o
LOAD _build_lpc40xx_freertos/obj/acceleration.o
LOAD _build_lpc40xx_freertos/obj/sensors.o
LOAD _build_lpc40xx_freertos/obj/ff.o
LOAD _build_lpc40xx_freertos/obj/ffsystem.o
LOAD _build_lpc40xx_freertos/obj/ffunicode.o
LOAD _build_lpc40xx_freertos/obj/disk_glue_logic.o
LOAD _build_lpc40xx_freertos/obj/fatfs_time.o
LOAD _build_lpc40xx_freertos/obj/sd_card.o
LOAD _build_lpc40xx_freertos/obj/system_calls.o
LOAD _build_lpc40xx_freertos/obj/app_cli.o
LOAD _build_lpc40xx_freertos/obj/sj2_cli.o
LOAD _build_lpc40xx_freertos/obj/handler_i2c.o
LOAD _build_lpc40xx_freertos/obj/handlers_general.o
LOAD _build_lpc40xx_freertos/obj/file_io_example.o
LOAD _build_lpc40xx_freertos/obj/delay.o
LOAD _build_lpc40xx_freertos/obj/peripherals_init.o
LOAD _build_lpc40xx_freertos/obj/ssp2_mutex.o
LOAD _build_lpc40xx_freertos/obj/sys_time.o
LOAD _build_lpc40xx_freertos/obj/uart_printf.o
LOAD _build_lpc40xx_freertos/obj/main.o
LOAD _build_lpc40xx_freertos/obj/rtos_hooks.o
LOAD _build_lpc40xx_freertos/obj/periodic_callbacks.o
LOAD _build_lpc40xx_freertos/obj/periodic_scheduler.o
LOAD _build_lpc40xx_freertos/obj/leightweight_lock.o
LOAD _build_lpc40xx_freertos/obj/sl_string.o
LOAD _build_lpc40xx_freertos/obj/freertos_interrupt_handlers.o
LOAD _build_lpc40xx_freertos/obj/trcKernelPort.o
LOAD _build_lpc40xx_freertos/obj/trcSnapshotRecorder.o
LOAD _build_lpc40xx_freertos/obj/trcStreamingPort.o
LOAD _build_lpc40xx_freertos/obj/trcStreamingRecorder.o
LOAD _build_lpc40xx_freertos/obj/port.o
LOAD _build_lpc40xx_freertos/obj/heap_3.o
LOAD _build_lpc40xx_freertos/obj/croutine.o
LOAD _build_lpc40xx_freertos/obj/event_groups.o
LOAD _build_lpc40xx_freertos/obj/list.o
LOAD _build_lpc40xx_freertos/obj/queue.o
LOAD _build_lpc40xx_freertos/obj/stream_buffer.o
LOAD _build_lpc40xx_freertos/obj/tasks.o
LOAD _build_lpc40xx_freertos/obj/timers.o
LOAD _build_lpc40xx_freertos/obj/adc.o
LOAD _build_lpc40xx_freertos/obj/board_io.o
LOAD _build_lpc40xx_freertos/obj/can_bus.o
LOAD _build_lpc40xx_freertos/obj/gpio.o
LOAD _build_lpc40xx_freertos/obj/gpio_isr.o
LOAD _build_lpc40xx_freertos/obj/gpio_lab.o
LOAD _build_lpc40xx_freertos/obj/hw_timer.o
LOAD _build_lpc40xx_freertos/obj/i2c.o
LOAD _build_lpc40xx_freertos/obj/i2c_slave_init.o
LOAD _build_lpc40xx_freertos/obj/lcd.o
LOAD _build_lpc40xx_freertos/obj/lpc_peripherals.o
LOAD _build_lpc40xx_freertos/obj/mp3_decoder.o
LOAD _build_lpc40xx_freertos/obj/pwm1.o
LOAD _build_lpc40xx_freertos/obj/song_list.o
LOAD _build_lpc40xx_freertos/obj/ssp2.o
LOAD _build_lpc40xx_freertos/obj/ssp2_lab.o
LOAD _build_lpc40xx_freertos/obj/uart.o
LOAD _build_lpc40xx_freertos/obj/uart_lab.o
LOAD /Users/hamsikapongubala/Desktop/MP3-Project/toolchains/mac/gcc-arm-none-eabi-8-2019-q3-update/bin/../lib/gcc/arm-none-eabi/8.3.1/../../../../arm-none-eabi/lib/thumb/v7e-m+fp/hard/libm.a
START GROUP
LOAD /Users/hamsikapongubala/Desktop/MP3-Project/toolchains/mac/gcc-arm-none-eabi-8-2019-q3-update/bin/../lib/gcc/arm-none-eabi/8.3.1/thumb/v7e-m+fp/hard/libgcc.a
LOAD /Users/hamsikapongubala/Desktop/MP3-Project/toolchains/mac/gcc-arm-none-eabi-8-2019-q3-update/bin/../lib/gcc/arm-none-eabi/8.3.1/../../../../arm-none-eabi/lib/thumb/v7e-m+fp/hard/libg_nano.a
LOAD /Users/hamsikapongubala/Desktop/MP3-Project/toolchains/mac/gcc-arm-none-eabi-8-2019-q3-update/bin/../lib/gcc/arm-none-eabi/8.3.1/../../../../arm-none-eabi/lib/thumb/v7e-m+fp/hard/libc_nano.a
END GROUP
START GROUP
LOAD /Users/hamsikapongubala/Desktop/MP3-Project/toolchains/mac/gcc-arm-none-eabi-8-2019-q3-update/bin/../lib/gcc/arm-none-eabi/8.3.1/thumb/v7e-m+fp/hard/libgcc.a
LOAD /Users/hamsikapongubala/Desktop/MP3-Project/toolchains/mac/gcc-arm-none-eabi-8-2019-q3-update/bin/../lib/gcc/arm-none-eabi/8.3.1/../../../../arm-none-eabi/lib/thumb/v7e-m+fp/hard/libc_nano.a
LOAD /Users/hamsikapongubala/Desktop/MP3-Project/toolchains/mac/gcc-arm-none-eabi-8-2019-q3-update/bin/../lib/gcc/arm-none-eabi/8.3.1/../../../../arm-none-eabi/lib/thumb/v7e-m+fp/hard/libnosys.a
END GROUP
START GROUP
LOAD /Users/hamsikapongubala/Desktop/MP3-Project/toolchains/mac/gcc-arm-none-eabi-8-2019-q3-update/bin/../lib/gcc/arm-none-eabi/8.3.1/thumb/v7e-m+fp/hard/libgcc.a
LOAD /Users/hamsikapongubala/Desktop/MP3-Project/toolchains/mac/gcc-arm-none-eabi-8-2019-q3-update/bin/../lib/gcc/arm-none-eabi/8.3.1/../../../../arm-none-eabi/lib/thumb/v7e-m+fp/hard/libc_nano.a
LOAD /Users/hamsikapongubala/Desktop/MP3-Project/toolchains/mac/gcc-arm-none-eabi-8-2019-q3-update/bin/../lib/gcc/arm-none-eabi/8.3.1/../../../../arm-none-eabi/lib/thumb/v7e-m+fp/hard/libnosys.a
END GROUP
                0x0000000000000000                __base_flash = ORIGIN (flash_512k)
                0x0000000000080000                __top_flash = (__base_flash + LENGTH (flash_512k))
                0x0000000010000000                __base_ram_64k = ORIGIN (ram_64k)
                0x0000000010010000                __top_ram_64k = (__base_ram_64k + LENGTH (ram_64k))
                0x0000000020000000                __base_ram_32k = ORIGIN (ram_32k)
                0x0000000020008000                __top_ram_32k = (__base_ram_32k + LENGTH (ram_32k))

.text           0x0000000000000000     0xebbc
 FILL mask 0xff
 *(.interrupt_vector_table)
 .interrupt_vector_table
                0x0000000000000000       0xe4 _build_lpc40xx_freertos/obj/interrupt_vector_table.o
                0x0000000000000000                interrupt_vector_table
                0x00000000000000e4                . = ALIGN (0x4)
 *(.init)
                0x00000000000000e4                . = ALIGN (0x4)
                0x00000000000000e4                __preinit_array_start = .
 *(.preinit_array)
                0x00000000000000e4                __preinit_array_end = .
                0x00000000000000e4                . = ALIGN (0x4)
                0x00000000000000e4                __init_array_start = .
 *(SORT_BY_NAME(.init_array.*))
 *(.init_array)
                0x00000000000000e4                __init_array_end = .
 *(.fini)
                0x00000000000000e4                . = ALIGN (0x4)
 *crtbegin.o(.ctors)
 *(EXCLUDE_FILE(*crtend.o) .ctors)
 *(SORT_BY_NAME(.ctors.*))
 *crtend.o(.ctors)
                0x00000000000000e4                . = ALIGN (0x4)
 *crtbegin.o(.dtors)
 *(EXCLUDE_FILE(*crtend.o) .dtors)
 *(SORT_BY_NAME(.dtors.*))
 *crtend.o(.dtors)
 *(.text*)
 .text.entry_point
                0x00000000000000e4       0x74 _build_lpc40xx_freertos/obj/entry_point.o
                0x00000000000000e4                entry_point
 .text.isr_hard_fault
                0x0000000000000158       0x1a _build_lpc40xx_freertos/obj/interrupt_vector_table.o
 *fill*         0x0000000000000172        0x2 ff
 .text.halt     0x0000000000000174       0x5c _build_lpc40xx_freertos/obj/interrupt_vector_table.o
 .text.isr_hard_fault_handler
                0x00000000000001d0       0x4c _build_lpc40xx_freertos/obj/interrupt_vector_table.o
                0x00000000000001d0                isr_hard_fault_handler
 .text.clock__get_core_clock_hz
                0x000000000000021c        0x8 _build_lpc40xx_freertos/obj/clock.o
                0x000000000000021c                clock__get_core_clock_hz
 .text.clock__get_peripheral_clock_hz
                0x0000000000000224        0x8 _build_lpc40xx_freertos/obj/clock.o
                0x0000000000000224                clock__get_peripheral_clock_hz
 .text.clock__initialize_system_clock_96mhz
                0x000000000000022c       0x40 _build_lpc40xx_freertos/obj/clock.o
                0x000000000000022c                clock__initialize_system_clock_96mhz
 .text.crash__record_get
                0x000000000000026c       0x18 _build_lpc40xx_freertos/obj/crash.o
                0x000000000000026c                crash__record_get
 .text.crash__report_if_occurred
                0x0000000000000284       0xc0 _build_lpc40xx_freertos/obj/crash.o
                0x0000000000000284                crash__report_if_occurred
 .text._sbrk    0x0000000000000344       0x54 _build_lpc40xx_freertos/obj/syscall.o
                0x0000000000000344                _sbrk
 .text.startup__initialize_ram
                0x0000000000000398       0x3c _build_lpc40xx_freertos/obj/startup.o
                0x0000000000000398                startup__initialize_ram
 .text.startup__initialize_fpu
                0x00000000000003d4       0x14 _build_lpc40xx_freertos/obj/startup.o
                0x00000000000003d4                startup__initialize_fpu
 .text.startup__initialize_interrupts
                0x00000000000003e8       0x18 _build_lpc40xx_freertos/obj/startup.o
                0x00000000000003e8                startup__initialize_interrupts
 .text.acceleration__init
                0x0000000000000400       0x22 _build_lpc40xx_freertos/obj/acceleration.o
                0x0000000000000400                acceleration__init
 .text.sensors__init
                0x0000000000000422        0x4 _build_lpc40xx_freertos/obj/sensors.o
                0x0000000000000422                sensors__init
 .text.ld_dword
                0x0000000000000426       0x10 _build_lpc40xx_freertos/obj/ff.o
 .text.st_dword
                0x0000000000000436       0x10 _build_lpc40xx_freertos/obj/ff.o
 .text.mem_cmp  0x0000000000000446       0x1c _build_lpc40xx_freertos/obj/ff.o
 .text.clst2sect
                0x0000000000000462       0x16 _build_lpc40xx_freertos/obj/ff.o
 .text.sum_sfn  0x0000000000000478       0x1e _build_lpc40xx_freertos/obj/ff.o
 .text.get_ldnumber
                0x0000000000000496       0x2a _build_lpc40xx_freertos/obj/ff.o
 .text.mem_cpy.part.0
                0x00000000000004c0       0x12 _build_lpc40xx_freertos/obj/ff.o
 .text.ld_clust.isra.3
                0x00000000000004d2       0x1c _build_lpc40xx_freertos/obj/ff.o
 .text.st_clust.isra.4
                0x00000000000004ee       0x18 _build_lpc40xx_freertos/obj/ff.o
 .text.sync_window.part.6
                0x0000000000000506       0x40 _build_lpc40xx_freertos/obj/ff.o
 .text.move_window
                0x0000000000000546       0x44 _build_lpc40xx_freertos/obj/ff.o
 *fill*         0x000000000000058a        0x2 ff
 .text.check_fs
                0x000000000000058c       0x74 _build_lpc40xx_freertos/obj/ff.o
 .text.find_volume
                0x0000000000000600      0x2c0 _build_lpc40xx_freertos/obj/ff.o
 .text.put_fat  0x00000000000008c0       0xf8 _build_lpc40xx_freertos/obj/ff.o
 .text.get_fat.isra.10
                0x00000000000009b8       0xb4 _build_lpc40xx_freertos/obj/ff.o
 .text.dir_sdi  0x0000000000000a6c       0x82 _build_lpc40xx_freertos/obj/ff.o
 .text.create_chain
                0x0000000000000aee       0xe8 _build_lpc40xx_freertos/obj/ff.o
 .text.remove_chain
                0x0000000000000bd6       0x6e _build_lpc40xx_freertos/obj/ff.o
 .text.unlock_fs
                0x0000000000000c44       0x16 _build_lpc40xx_freertos/obj/ff.o
 .text.validate
                0x0000000000000c5a       0x50 _build_lpc40xx_freertos/obj/ff.o
 .text.get_fileinfo
                0x0000000000000caa      0x13c _build_lpc40xx_freertos/obj/ff.o
 .text.dir_clear
                0x0000000000000de6       0x5c _build_lpc40xx_freertos/obj/ff.o
 .text.dir_next
                0x0000000000000e42       0xaa _build_lpc40xx_freertos/obj/ff.o
 .text.dir_find
                0x0000000000000eec      0x148 _build_lpc40xx_freertos/obj/ff.o
 .text.dir_read.constprop.15
                0x0000000000001034      0x11c _build_lpc40xx_freertos/obj/ff.o
 .text.follow_path
                0x0000000000001150      0x294 _build_lpc40xx_freertos/obj/ff.o
 .text.sync_fs  0x00000000000013e4       0xa0 _build_lpc40xx_freertos/obj/ff.o
 .text.dir_register
                0x0000000000001484      0x288 _build_lpc40xx_freertos/obj/ff.o
 .text.f_mount  0x000000000000170c       0x70 _build_lpc40xx_freertos/obj/ff.o
                0x000000000000170c                f_mount
 .text.f_open   0x000000000000177c      0x1cc _build_lpc40xx_freertos/obj/ff.o
                0x000000000000177c                f_open
 .text.f_read   0x0000000000001948      0x17c _build_lpc40xx_freertos/obj/ff.o
                0x0000000000001948                f_read
 .text.f_sync   0x0000000000001ac4       0xa2 _build_lpc40xx_freertos/obj/ff.o
                0x0000000000001ac4                f_sync
 .text.f_close  0x0000000000001b66       0x28 _build_lpc40xx_freertos/obj/ff.o
                0x0000000000001b66                f_close
 .text.f_lseek  0x0000000000001b8e      0x15e _build_lpc40xx_freertos/obj/ff.o
                0x0000000000001b8e                f_lseek
 .text.f_opendir
                0x0000000000001cec       0x7e _build_lpc40xx_freertos/obj/ff.o
                0x0000000000001cec                f_opendir
 .text.f_closedir
                0x0000000000001d6a       0x1e _build_lpc40xx_freertos/obj/ff.o
                0x0000000000001d6a                f_closedir
 .text.f_readdir
                0x0000000000001d88       0x5a _build_lpc40xx_freertos/obj/ff.o
                0x0000000000001d88                f_readdir
 .text.ff_cre_syncobj
                0x0000000000001de2       0x14 _build_lpc40xx_freertos/obj/ffsystem.o
                0x0000000000001de2                ff_cre_syncobj
 .text.ff_del_syncobj
                0x0000000000001df6        0xa _build_lpc40xx_freertos/obj/ffsystem.o
                0x0000000000001df6                ff_del_syncobj
 .text.ff_req_grant
                0x0000000000001e00       0x12 _build_lpc40xx_freertos/obj/ffsystem.o
                0x0000000000001e00                ff_req_grant
 .text.ff_rel_grant
                0x0000000000001e12        0xa _build_lpc40xx_freertos/obj/ffsystem.o
                0x0000000000001e12                ff_rel_grant
 .text.ff_uni2oem
                0x0000000000001e1c       0x40 _build_lpc40xx_freertos/obj/ffunicode.o
                0x0000000000001e1c                ff_uni2oem
 .text.ff_oem2uni
                0x0000000000001e5c       0x28 _build_lpc40xx_freertos/obj/ffunicode.o
                0x0000000000001e5c                ff_oem2uni
 .text.ff_wtoupper
                0x0000000000001e84       0x8c _build_lpc40xx_freertos/obj/ffunicode.o
                0x0000000000001e84                ff_wtoupper
 .text.disk_initialize
                0x0000000000001f10       0x1c _build_lpc40xx_freertos/obj/disk_glue_logic.o
                0x0000000000001f10                disk_initialize
 .text.disk_status
                0x0000000000001f2c        0xa _build_lpc40xx_freertos/obj/disk_glue_logic.o
                0x0000000000001f2c                disk_status
 .text.disk_read
                0x0000000000001f36       0x28 _build_lpc40xx_freertos/obj/disk_glue_logic.o
                0x0000000000001f36                disk_read
 .text.disk_write
                0x0000000000001f5e       0x28 _build_lpc40xx_freertos/obj/disk_glue_logic.o
                0x0000000000001f5e                disk_write
 .text.disk_ioctl
                0x0000000000001f86       0x24 _build_lpc40xx_freertos/obj/disk_glue_logic.o
                0x0000000000001f86                disk_ioctl
 .text.get_fattime
                0x0000000000001faa        0x4 _build_lpc40xx_freertos/obj/fatfs_time.o
                0x0000000000001faa                get_fattime
 .text.sd_card__wait_for_ready
                0x0000000000001fae       0x28 _build_lpc40xx_freertos/obj/sd_card.o
 *fill*         0x0000000000001fd6        0x2 ff
 .text.sd_card__power_off
                0x0000000000001fd8       0x20 _build_lpc40xx_freertos/obj/sd_card.o
 .text.sd_card__transmit_datablock
                0x0000000000001ff8       0x5a _build_lpc40xx_freertos/obj/sd_card.o
 .text.sd_card__send_command
                0x0000000000002052       0x86 _build_lpc40xx_freertos/obj/sd_card.o
 .text.sd_card__read_datablock
                0x00000000000020d8       0x42 _build_lpc40xx_freertos/obj/sd_card.o
 *fill*         0x000000000000211a        0x2 ff
 .text.sd_card__update_status
                0x000000000000211c       0x20 _build_lpc40xx_freertos/obj/sd_card.o
                0x000000000000211c                sd_card__update_status
 .text.sd_card__initialize
                0x000000000000213c      0x13c _build_lpc40xx_freertos/obj/sd_card.o
                0x000000000000213c                sd_card__initialize
 .text.sd_card__status
                0x0000000000002278       0x10 _build_lpc40xx_freertos/obj/sd_card.o
                0x0000000000002278                sd_card__status
 .text.sd_card__read
                0x0000000000002288       0x8c _build_lpc40xx_freertos/obj/sd_card.o
                0x0000000000002288                sd_card__read
 .text.sd_card__write
                0x0000000000002314       0xa8 _build_lpc40xx_freertos/obj/sd_card.o
                0x0000000000002314                sd_card__write
 .text.sd_card__ioctl
                0x00000000000023bc      0x200 _build_lpc40xx_freertos/obj/sd_card.o
                0x00000000000023bc                sd_card__ioctl
 .text.system_calls__print_and_halt
                0x00000000000025bc       0x1e _build_lpc40xx_freertos/obj/system_calls.o
 *fill*         0x00000000000025da        0x2 ff
 .text._isatty  0x00000000000025dc       0x28 _build_lpc40xx_freertos/obj/system_calls.o
                0x00000000000025dc                _isatty
 .text._write   0x0000000000002604       0x70 _build_lpc40xx_freertos/obj/system_calls.o
                0x0000000000002604                _write
 .text._read    0x0000000000002674       0x1c _build_lpc40xx_freertos/obj/system_calls.o
                0x0000000000002674                _read
 .text.app_cli__private_print_list_of_all_commands
                0x0000000000002690       0x98 _build_lpc40xx_freertos/obj/app_cli.o
 .text.app_cli__initialize
                0x0000000000002728       0x16 _build_lpc40xx_freertos/obj/app_cli.o
                0x0000000000002728                app_cli__initialize
 .text.app_cli__add_command_handler
                0x000000000000273e        0xa _build_lpc40xx_freertos/obj/app_cli.o
                0x000000000000273e                app_cli__add_command_handler
 .text.app_cli__process_input
                0x0000000000002748      0x134 _build_lpc40xx_freertos/obj/app_cli.o
                0x0000000000002748                app_cli__process_input
 .text.sj2_cli__output_function
                0x000000000000287c       0x12 _build_lpc40xx_freertos/obj/sj2_cli.o
 *fill*         0x000000000000288e        0x2 ff
 .text.sj2_cli__task
                0x0000000000002890       0x78 _build_lpc40xx_freertos/obj/sj2_cli.o
 .text.sj2_cli__init
                0x0000000000002908       0x94 _build_lpc40xx_freertos/obj/sj2_cli.o
                0x0000000000002908                sj2_cli__init
 .text.cli__i2c_read
                0x000000000000299c       0xc8 _build_lpc40xx_freertos/obj/handler_i2c.o
 .text.cli__i2c_write
                0x0000000000002a64       0xe8 _build_lpc40xx_freertos/obj/handler_i2c.o
 .text.cli__i2c
                0x0000000000002b4c       0x48 _build_lpc40xx_freertos/obj/handler_i2c.o
                0x0000000000002b4c                cli__i2c
 .text.cli__crash_me
                0x0000000000002b94       0x10 _build_lpc40xx_freertos/obj/handlers_general.o
                0x0000000000002b94                cli__crash_me
 .text.cli__task_list
                0x0000000000002ba4       0xdc _build_lpc40xx_freertos/obj/handlers_general.o
                0x0000000000002ba4                cli__task_list
 .text.cli__task_control
                0x0000000000002c80       0x70 _build_lpc40xx_freertos/obj/handlers_general.o
                0x0000000000002c80                cli__task_control
 .text.delay__us
                0x0000000000002cf0       0x40 _build_lpc40xx_freertos/obj/delay.o
                0x0000000000002cf0                delay__us
 .text.delay__ms
                0x0000000000002d30        0xc _build_lpc40xx_freertos/obj/delay.o
                0x0000000000002d30                delay__ms
 .text.peripherals_init
                0x0000000000002d3c      0x120 _build_lpc40xx_freertos/obj/peripherals_init.o
                0x0000000000002d3c                peripherals_init
 .text.spi2_mutex__acquire
                0x0000000000002e5c       0x34 _build_lpc40xx_freertos/obj/ssp2_mutex.o
                0x0000000000002e5c                spi2_mutex__acquire
 .text.spi2_mutex__release
                0x0000000000002e90       0x24 _build_lpc40xx_freertos/obj/ssp2_mutex.o
                0x0000000000002e90                spi2_mutex__release
 .text.sys_time__one_minute_isr
                0x0000000000002eb4       0x24 _build_lpc40xx_freertos/obj/sys_time.o
 .text.sys_time__init
                0x0000000000002ed8       0x2c _build_lpc40xx_freertos/obj/sys_time.o
                0x0000000000002ed8                sys_time__init
 .text.sys_time__get_uptime_us
                0x0000000000002f04       0x2c _build_lpc40xx_freertos/obj/sys_time.o
                0x0000000000002f04                sys_time__get_uptime_us
 .text.sys_time__get_uptime_ms
                0x0000000000002f30       0x12 _build_lpc40xx_freertos/obj/sys_time.o
                0x0000000000002f30                sys_time__get_uptime_ms
 .text.uart_puts__polled
                0x0000000000002f42       0x2a _build_lpc40xx_freertos/obj/uart_printf.o
                0x0000000000002f42                uart_puts__polled
 .text.play_file_task
                0x0000000000002f6c       0x40 _build_lpc40xx_freertos/obj/main.o
                0x0000000000002f6c                play_file_task
 .text.play_pause_ISR
                0x0000000000002fac       0x38 _build_lpc40xx_freertos/obj/main.o
                0x0000000000002fac                play_pause_ISR
 .text.cursor_isr
                0x0000000000002fe4       0x18 _build_lpc40xx_freertos/obj/main.o
                0x0000000000002fe4                cursor_isr
 .text.prev_song_isr
                0x0000000000002ffc       0x64 _build_lpc40xx_freertos/obj/main.o
                0x0000000000002ffc                prev_song_isr
 .text.next_song_isr
                0x0000000000003060       0x6c _build_lpc40xx_freertos/obj/main.o
                0x0000000000003060                next_song_isr
 .text.open_mp3_file
                0x00000000000030cc       0xa4 _build_lpc40xx_freertos/obj/main.o
                0x00000000000030cc                open_mp3_file
 .text.print_song_info
                0x0000000000003170       0x88 _build_lpc40xx_freertos/obj/main.o
                0x0000000000003170                print_song_info
 .text.read_song_info
                0x00000000000031f8       0x5c _build_lpc40xx_freertos/obj/main.o
                0x00000000000031f8                read_song_info
 .text.mp3_file_reader_task
                0x0000000000003254       0x4c _build_lpc40xx_freertos/obj/main.o
                0x0000000000003254                mp3_file_reader_task
 .text.volume_down
                0x00000000000032a0       0x60 _build_lpc40xx_freertos/obj/main.o
                0x00000000000032a0                volume_down
 .text.treble_down
                0x0000000000003300       0x4c _build_lpc40xx_freertos/obj/main.o
                0x0000000000003300                treble_down
 .text.bass_down
                0x000000000000334c       0x4c _build_lpc40xx_freertos/obj/main.o
                0x000000000000334c                bass_down
 .text.build_menu
                0x0000000000003398       0x64 _build_lpc40xx_freertos/obj/main.o
                0x0000000000003398                build_menu
 .text.new_song_page
                0x00000000000033fc       0x20 _build_lpc40xx_freertos/obj/main.o
                0x00000000000033fc                new_song_page
 .text.build_main_menu
                0x000000000000341c       0x30 _build_lpc40xx_freertos/obj/main.o
                0x000000000000341c                build_main_menu
 .text.build_setting_menu
                0x000000000000344c       0x30 _build_lpc40xx_freertos/obj/main.o
                0x000000000000344c                build_setting_menu
 .text.back_isr
                0x000000000000347c       0x74 _build_lpc40xx_freertos/obj/main.o
                0x000000000000347c                back_isr
 .text.build_vol_menu
                0x00000000000034f0       0x38 _build_lpc40xx_freertos/obj/main.o
                0x00000000000034f0                build_vol_menu
 .text.build_trebble_bass_menu
                0x0000000000003528       0x64 _build_lpc40xx_freertos/obj/main.o
                0x0000000000003528                build_trebble_bass_menu
 .text.down_isr
                0x000000000000358c       0x50 _build_lpc40xx_freertos/obj/main.o
                0x000000000000358c                down_isr
 .text.select   0x00000000000035dc       0xe4 _build_lpc40xx_freertos/obj/main.o
                0x00000000000035dc                select
 .text.select_isr
                0x00000000000036c0       0x20 _build_lpc40xx_freertos/obj/main.o
                0x00000000000036c0                select_isr
 .text.button_init
                0x00000000000036e0      0x128 _build_lpc40xx_freertos/obj/main.o
                0x00000000000036e0                button_init
 .text.startup.main
                0x0000000000003808       0xd8 _build_lpc40xx_freertos/obj/main.o
                0x0000000000003808                main
 .text.cli__mp3_play
                0x00000000000038e0       0x48 _build_lpc40xx_freertos/obj/main.o
                0x00000000000038e0                cli__mp3_play
 .text.vApplicationStackOverflowHook
                0x0000000000003928       0x1c _build_lpc40xx_freertos/obj/rtos_hooks.o
                0x0000000000003928                vApplicationStackOverflowHook
 .text.vApplicationMallocFailedHook
                0x0000000000003944       0x10 _build_lpc40xx_freertos/obj/rtos_hooks.o
                0x0000000000003944                vApplicationMallocFailedHook
 .text.vApplicationIdleHook
                0x0000000000003954       0x10 _build_lpc40xx_freertos/obj/rtos_hooks.o
                0x0000000000003954                vApplicationIdleHook
 .text.configASSERT_callback
                0x0000000000003964       0x40 _build_lpc40xx_freertos/obj/rtos_hooks.o
                0x0000000000003964                configASSERT_callback
 .text.vApplicationGetIdleTaskMemory
                0x00000000000039a4       0x18 _build_lpc40xx_freertos/obj/rtos_hooks.o
                0x00000000000039a4                vApplicationGetIdleTaskMemory
 .text.freertos_hooks__get_run_time_counter_value
                0x00000000000039bc       0x14 _build_lpc40xx_freertos/obj/rtos_hooks.o
                0x00000000000039bc                freertos_hooks__get_run_time_counter_value
 .text.freertos_hooks__reset_run_time_stats
                0x00000000000039d0       0x14 _build_lpc40xx_freertos/obj/rtos_hooks.o
                0x00000000000039d0                freertos_hooks__reset_run_time_stats
 .text.sl_string__initialize
                0x00000000000039e4       0x28 _build_lpc40xx_freertos/obj/sl_string.o
                0x00000000000039e4                sl_string__initialize
 .text.sl_string__get_capacity
                0x0000000000003a0c       0x12 _build_lpc40xx_freertos/obj/sl_string.o
                0x0000000000003a0c                sl_string__get_capacity
 .text.sl_string__get_capacity_including_null_char
                0x0000000000003a1e        0xc _build_lpc40xx_freertos/obj/sl_string.o
                0x0000000000003a1e                sl_string__get_capacity_including_null_char
 .text.sl_string__get_length
                0x0000000000003a2a        0xc _build_lpc40xx_freertos/obj/sl_string.o
                0x0000000000003a2a                sl_string__get_length
 .text.sl_string__is_full
                0x0000000000003a36       0x1a _build_lpc40xx_freertos/obj/sl_string.o
                0x0000000000003a36                sl_string__is_full
 .text.sl_string__to_int
                0x0000000000003a50        0x4 _build_lpc40xx_freertos/obj/sl_string.o
                0x0000000000003a50                sl_string__to_int
 .text.sl_string__clear
                0x0000000000003a54        0x6 _build_lpc40xx_freertos/obj/sl_string.o
                0x0000000000003a54                sl_string__clear
 .text.sl_string__vprintf
                0x0000000000003a5a       0x1c _build_lpc40xx_freertos/obj/sl_string.o
                0x0000000000003a5a                sl_string__vprintf
 .text.sl_string__printf
                0x0000000000003a76       0x1a _build_lpc40xx_freertos/obj/sl_string.o
                0x0000000000003a76                sl_string__printf
 .text.sl_string__scanf
                0x0000000000003a90       0x22 _build_lpc40xx_freertos/obj/sl_string.o
                0x0000000000003a90                sl_string__scanf
 .text.sl_string__set
                0x0000000000003ab2       0x2e _build_lpc40xx_freertos/obj/sl_string.o
                0x0000000000003ab2                sl_string__set
 .text.sl_string__initialize_from
                0x0000000000003ae0       0x16 _build_lpc40xx_freertos/obj/sl_string.o
                0x0000000000003ae0                sl_string__initialize_from
 .text.sl_string__insert_at
                0x0000000000003af6       0x54 _build_lpc40xx_freertos/obj/sl_string.o
                0x0000000000003af6                sl_string__insert_at
 .text.sl_string__append
                0x0000000000003b4a       0x38 _build_lpc40xx_freertos/obj/sl_string.o
                0x0000000000003b4a                sl_string__append
 .text.sl_string__append_char
                0x0000000000003b82       0x18 _build_lpc40xx_freertos/obj/sl_string.o
                0x0000000000003b82                sl_string__append_char
 .text.sl_string__equals_to_ignore_case
                0x0000000000003b9a       0x14 _build_lpc40xx_freertos/obj/sl_string.o
                0x0000000000003b9a                sl_string__equals_to_ignore_case
 .text.sl_string__begins_with_limited_chars
                0x0000000000003bae       0x28 _build_lpc40xx_freertos/obj/sl_string.o
                0x0000000000003bae                sl_string__begins_with_limited_chars
 .text.sl_string__begins_with_ignore_case
                0x0000000000003bd6       0x2e _build_lpc40xx_freertos/obj/sl_string.o
                0x0000000000003bd6                sl_string__begins_with_ignore_case
 .text.sl_string__begins_with_whole_word
                0x0000000000003c04       0x44 _build_lpc40xx_freertos/obj/sl_string.o
                0x0000000000003c04                sl_string__begins_with_whole_word
 .text.sl_string__ends_with_newline
                0x0000000000003c48       0x22 _build_lpc40xx_freertos/obj/sl_string.o
                0x0000000000003c48                sl_string__ends_with_newline
 .text.sl_string__erase_after
                0x0000000000003c6a       0x38 _build_lpc40xx_freertos/obj/sl_string.o
                0x0000000000003c6a                sl_string__erase_after
 .text.sl_string__erase_first
                0x0000000000003ca2        0x8 _build_lpc40xx_freertos/obj/sl_string.o
                0x0000000000003ca2                sl_string__erase_first
 .text.sl_string__erase_last
                0x0000000000003caa       0x22 _build_lpc40xx_freertos/obj/sl_string.o
                0x0000000000003caa                sl_string__erase_last
 .text.sl_string__erase_at_substring
                0x0000000000003ccc       0x1c _build_lpc40xx_freertos/obj/sl_string.o
                0x0000000000003ccc                sl_string__erase_at_substring
 .text.sl_string__erase_first_word
                0x0000000000003ce8       0x1c _build_lpc40xx_freertos/obj/sl_string.o
                0x0000000000003ce8                sl_string__erase_first_word
 .text.sl_string__erase_int
                0x0000000000003d04       0x50 _build_lpc40xx_freertos/obj/sl_string.o
                0x0000000000003d04                sl_string__erase_int
 .text.sl_string__trim_end
                0x0000000000003d54       0x40 _build_lpc40xx_freertos/obj/sl_string.o
                0x0000000000003d54                sl_string__trim_end
 .text.vPortSVCHandler_wrapper
                0x0000000000003d94        0x4 _build_lpc40xx_freertos/obj/freertos_interrupt_handlers.o
                0x0000000000003d94                vPortSVCHandler_wrapper
 .text.xPortPendSVHandler_wrapper
                0x0000000000003d98        0x4 _build_lpc40xx_freertos/obj/freertos_interrupt_handlers.o
                0x0000000000003d98                xPortPendSVHandler_wrapper
 .text.xPortSysTickHandler_wrapper
                0x0000000000003d9c        0x4 _build_lpc40xx_freertos/obj/freertos_interrupt_handlers.o
                0x0000000000003d9c                xPortSysTickHandler_wrapper
 .text.prvPortStartFirstTask
                0x0000000000003da0       0x28 _build_lpc40xx_freertos/obj/port.o
 .text.vPortEnableVFP
                0x0000000000003dc8       0x14 _build_lpc40xx_freertos/obj/port.o
 .text.prvTaskExitError
                0x0000000000003ddc       0x3c _build_lpc40xx_freertos/obj/port.o
 .text.pxPortInitialiseStack
                0x0000000000003e18       0x2c _build_lpc40xx_freertos/obj/port.o
                0x0000000000003e18                pxPortInitialiseStack
 *fill*         0x0000000000003e44        0xc ff
 .text.vPortSVCHandler
                0x0000000000003e50       0x24 _build_lpc40xx_freertos/obj/port.o
                0x0000000000003e50                vPortSVCHandler
 .text.vPortEnterCritical
                0x0000000000003e74       0x44 _build_lpc40xx_freertos/obj/port.o
                0x0000000000003e74                vPortEnterCritical
 .text.vPortExitCritical
                0x0000000000003eb8       0x28 _build_lpc40xx_freertos/obj/port.o
                0x0000000000003eb8                vPortExitCritical
 .text.xPortPendSVHandler
                0x0000000000003ee0       0x64 _build_lpc40xx_freertos/obj/port.o
                0x0000000000003ee0                xPortPendSVHandler
 .text.xPortSysTickHandler
                0x0000000000003f44       0x2c _build_lpc40xx_freertos/obj/port.o
                0x0000000000003f44                xPortSysTickHandler
 .text.vPortSetupTimerInterrupt
                0x0000000000003f70       0x30 _build_lpc40xx_freertos/obj/port.o
                0x0000000000003f70                vPortSetupTimerInterrupt
 .text.xPortStartScheduler
                0x0000000000003fa0      0x100 _build_lpc40xx_freertos/obj/port.o
                0x0000000000003fa0                xPortStartScheduler
 .text.vPortValidateInterruptPriority
                0x00000000000040a0       0x58 _build_lpc40xx_freertos/obj/port.o
                0x00000000000040a0                vPortValidateInterruptPriority
 .text.pvPortMalloc
                0x00000000000040f8       0x1e _build_lpc40xx_freertos/obj/heap_3.o
                0x00000000000040f8                pvPortMalloc
 .text.vPortFree
                0x0000000000004116       0x1a _build_lpc40xx_freertos/obj/heap_3.o
                0x0000000000004116                vPortFree
 .text.vListInitialise
                0x0000000000004130       0x16 _build_lpc40xx_freertos/obj/list.o
                0x0000000000004130                vListInitialise
 .text.vListInitialiseItem
                0x0000000000004146        0x6 _build_lpc40xx_freertos/obj/list.o
                0x0000000000004146                vListInitialiseItem
 .text.vListInsertEnd
                0x000000000000414c       0x18 _build_lpc40xx_freertos/obj/list.o
                0x000000000000414c                vListInsertEnd
 .text.vListInsert
                0x0000000000004164       0x2e _build_lpc40xx_freertos/obj/list.o
                0x0000000000004164                vListInsert
 .text.uxListRemove
                0x0000000000004192       0x20 _build_lpc40xx_freertos/obj/list.o
                0x0000000000004192                uxListRemove
 .text.prvIsQueueEmpty
                0x00000000000041b2       0x16 _build_lpc40xx_freertos/obj/queue.o
 .text.prvCopyDataToQueue
                0x00000000000041c8       0x6a _build_lpc40xx_freertos/obj/queue.o
 .text.prvCopyDataFromQueue
                0x0000000000004232       0x2a _build_lpc40xx_freertos/obj/queue.o
 .text.prvUnlockQueue
                0x000000000000425c       0x70 _build_lpc40xx_freertos/obj/queue.o
 .text.xQueueGenericReset
                0x00000000000042cc       0x7c _build_lpc40xx_freertos/obj/queue.o
                0x00000000000042cc                xQueueGenericReset
 .text.xQueueGenericCreateStatic
                0x0000000000004348       0x94 _build_lpc40xx_freertos/obj/queue.o
                0x0000000000004348                xQueueGenericCreateStatic
 .text.xQueueGenericCreate
                0x00000000000043dc       0x4c _build_lpc40xx_freertos/obj/queue.o
                0x00000000000043dc                xQueueGenericCreate
 .text.xQueueGenericSend
                0x0000000000004428      0x15c _build_lpc40xx_freertos/obj/queue.o
                0x0000000000004428                xQueueGenericSend
 .text.xQueueCreateMutexStatic
                0x0000000000004584       0x2a _build_lpc40xx_freertos/obj/queue.o
                0x0000000000004584                xQueueCreateMutexStatic
 .text.xQueueCreateMutex
                0x00000000000045ae       0x24 _build_lpc40xx_freertos/obj/queue.o
                0x00000000000045ae                xQueueCreateMutex
 *fill*         0x00000000000045d2        0x2 ff
 .text.xQueueGenericSendFromISR
                0x00000000000045d4       0xbc _build_lpc40xx_freertos/obj/queue.o
                0x00000000000045d4                xQueueGenericSendFromISR
 .text.xQueueGiveFromISR
                0x0000000000004690       0xa4 _build_lpc40xx_freertos/obj/queue.o
                0x0000000000004690                xQueueGiveFromISR
 .text.xQueueReceive
                0x0000000000004734      0x13c _build_lpc40xx_freertos/obj/queue.o
                0x0000000000004734                xQueueReceive
 .text.xQueueSemaphoreTake
                0x0000000000004870      0x180 _build_lpc40xx_freertos/obj/queue.o
                0x0000000000004870                xQueueSemaphoreTake
 .text.xQueueReceiveFromISR
                0x00000000000049f0       0x9c _build_lpc40xx_freertos/obj/queue.o
                0x00000000000049f0                xQueueReceiveFromISR
 .text.vQueueDelete
                0x0000000000004a8c       0x24 _build_lpc40xx_freertos/obj/queue.o
                0x0000000000004a8c                vQueueDelete
 .text.prvSearchForNameWithinSingleList
                0x0000000000004ab0       0x54 _build_lpc40xx_freertos/obj/tasks.o
 .text.prvResetRunTimeStatsInList
                0x0000000000004b04       0x2e _build_lpc40xx_freertos/obj/tasks.o
 *fill*         0x0000000000004b32        0x2 ff
 .text.prvAddNewTaskToReadyList
                0x0000000000004b34       0xf4 _build_lpc40xx_freertos/obj/tasks.o
 .text.prvIdleTask
                0x0000000000004c28       0x28 _build_lpc40xx_freertos/obj/tasks.o
 .text.prvResetNextTaskUnblockTime
                0x0000000000004c50       0x24 _build_lpc40xx_freertos/obj/tasks.o
 .text.prvTaskIsTaskSuspended
                0x0000000000004c74       0x38 _build_lpc40xx_freertos/obj/tasks.o
 .text.prvInitialiseNewTask.isra.2
                0x0000000000004cac       0x98 _build_lpc40xx_freertos/obj/tasks.o
 .text.prvAddCurrentTaskToDelayedList
                0x0000000000004d44       0x8c _build_lpc40xx_freertos/obj/tasks.o
 .text.xTaskCreateStatic
                0x0000000000004dd0       0x6c _build_lpc40xx_freertos/obj/tasks.o
                0x0000000000004dd0                xTaskCreateStatic
 .text.xTaskCreate
                0x0000000000004e3c       0x5a _build_lpc40xx_freertos/obj/tasks.o
                0x0000000000004e3c                xTaskCreate
 *fill*         0x0000000000004e96        0x2 ff
 .text.eTaskGetState
                0x0000000000004e98       0x6c _build_lpc40xx_freertos/obj/tasks.o
                0x0000000000004e98                eTaskGetState
 .text.vTaskResume
                0x0000000000004f04       0x84 _build_lpc40xx_freertos/obj/tasks.o
                0x0000000000004f04                vTaskResume
 .text.vTaskStartScheduler
                0x0000000000004f88       0x74 _build_lpc40xx_freertos/obj/tasks.o
                0x0000000000004f88                vTaskStartScheduler
 .text.vTaskSuspendAll
                0x0000000000004ffc       0x10 _build_lpc40xx_freertos/obj/tasks.o
                0x0000000000004ffc                vTaskSuspendAll
 .text.xTaskIncrementTick
                0x000000000000500c      0x124 _build_lpc40xx_freertos/obj/tasks.o
                0x000000000000500c                xTaskIncrementTick
 .text.xTaskResumeAll
                0x0000000000005130       0xec _build_lpc40xx_freertos/obj/tasks.o
                0x0000000000005130                xTaskResumeAll
 .text.vTaskDelay
                0x000000000000521c       0x48 _build_lpc40xx_freertos/obj/tasks.o
                0x000000000000521c                vTaskDelay
 .text.xTaskGetHandle
                0x0000000000005264       0x7c _build_lpc40xx_freertos/obj/tasks.o
                0x0000000000005264                xTaskGetHandle
 .text.vTaskSwitchContext
                0x00000000000052e0       0xbc _build_lpc40xx_freertos/obj/tasks.o
                0x00000000000052e0                vTaskSwitchContext
 .text.vTaskSuspend
                0x000000000000539c       0xd4 _build_lpc40xx_freertos/obj/tasks.o
                0x000000000000539c                vTaskSuspend
 .text.vTaskPlaceOnEventList
                0x0000000000005470       0x30 _build_lpc40xx_freertos/obj/tasks.o
                0x0000000000005470                vTaskPlaceOnEventList
 .text.xTaskRemoveFromEventList
                0x00000000000054a0       0x80 _build_lpc40xx_freertos/obj/tasks.o
                0x00000000000054a0                xTaskRemoveFromEventList
 .text.vTaskInternalSetTimeOutState
                0x0000000000005520       0x18 _build_lpc40xx_freertos/obj/tasks.o
                0x0000000000005520                vTaskInternalSetTimeOutState
 .text.xTaskCheckForTimeOut
                0x0000000000005538       0x74 _build_lpc40xx_freertos/obj/tasks.o
                0x0000000000005538                xTaskCheckForTimeOut
 .text.vTaskMissedYield
                0x00000000000055ac        0xc _build_lpc40xx_freertos/obj/tasks.o
                0x00000000000055ac                vTaskMissedYield
 .text.vTaskGetInfo
                0x00000000000055b8       0x7c _build_lpc40xx_freertos/obj/tasks.o
                0x00000000000055b8                vTaskGetInfo
 .text.prvListTasksWithinSingleList
                0x0000000000005634       0x5a _build_lpc40xx_freertos/obj/tasks.o
 *fill*         0x000000000000568e        0x2 ff
 .text.uxTaskGetSystemState
                0x0000000000005690       0x98 _build_lpc40xx_freertos/obj/tasks.o
                0x0000000000005690                uxTaskGetSystemState
 .text.xTaskGetSchedulerState
                0x0000000000005728       0x20 _build_lpc40xx_freertos/obj/tasks.o
                0x0000000000005728                xTaskGetSchedulerState
 .text.xTaskPriorityInherit
                0x0000000000005748       0xa4 _build_lpc40xx_freertos/obj/tasks.o
                0x0000000000005748                xTaskPriorityInherit
 .text.xTaskPriorityDisinherit
                0x00000000000057ec       0x9c _build_lpc40xx_freertos/obj/tasks.o
                0x00000000000057ec                xTaskPriorityDisinherit
 .text.vTaskPriorityDisinheritAfterTimeout
                0x0000000000005888       0xb0 _build_lpc40xx_freertos/obj/tasks.o
                0x0000000000005888                vTaskPriorityDisinheritAfterTimeout
 .text.pvTaskIncrementMutexHeldCount
                0x0000000000005938       0x18 _build_lpc40xx_freertos/obj/tasks.o
                0x0000000000005938                pvTaskIncrementMutexHeldCount
 .text.vTaskResetRunTimeStats
                0x0000000000005950       0x6c _build_lpc40xx_freertos/obj/tasks.o
                0x0000000000005950                vTaskResetRunTimeStats
 .text.vRunTimeStatIsrEntry
                0x00000000000059bc       0x28 _build_lpc40xx_freertos/obj/tasks.o
                0x00000000000059bc                vRunTimeStatIsrEntry
 .text.vRunTimeStatIsrExit
                0x00000000000059e4       0x10 _build_lpc40xx_freertos/obj/tasks.o
                0x00000000000059e4                vRunTimeStatIsrExit
 .text.board_io__initialize
                0x00000000000059f4      0x104 _build_lpc40xx_freertos/obj/board_io.o
                0x00000000000059f4                board_io__initialize
 .text.board_io__sd_card_cs
                0x0000000000005af8       0x10 _build_lpc40xx_freertos/obj/board_io.o
                0x0000000000005af8                board_io__sd_card_cs
 .text.board_io__sd_card_ds
                0x0000000000005b08       0x10 _build_lpc40xx_freertos/obj/board_io.o
                0x0000000000005b08                board_io__sd_card_ds
 .text.board_io__sd_card_is_present
                0x0000000000005b18       0x14 _build_lpc40xx_freertos/obj/board_io.o
                0x0000000000005b18                board_io__sd_card_is_present
 .text.board_io__get_led0
                0x0000000000005b2c        0xc _build_lpc40xx_freertos/obj/board_io.o
                0x0000000000005b2c                board_io__get_led0
 .text.board_io__get_led1
                0x0000000000005b38        0xc _build_lpc40xx_freertos/obj/board_io.o
                0x0000000000005b38                board_io__get_led1
 .text.board_io__get_led2
                0x0000000000005b44        0xc _build_lpc40xx_freertos/obj/board_io.o
                0x0000000000005b44                board_io__get_led2
 .text.board_io__get_led3
                0x0000000000005b50        0xc _build_lpc40xx_freertos/obj/board_io.o
                0x0000000000005b50                board_io__get_led3
 .text.gpio__set_function
                0x0000000000005b5c       0x2a _build_lpc40xx_freertos/obj/gpio.o
                0x0000000000005b5c                gpio__set_function
 .text.gpio__construct_with_function
                0x0000000000005b86       0x2a _build_lpc40xx_freertos/obj/gpio.o
                0x0000000000005b86                gpio__construct_with_function
 .text.gpio__enable_open_drain
                0x0000000000005bb0       0x20 _build_lpc40xx_freertos/obj/gpio.o
                0x0000000000005bb0                gpio__enable_open_drain
 .text.gpio__enable_pull_down_resistors
                0x0000000000005bd0       0x28 _build_lpc40xx_freertos/obj/gpio.o
                0x0000000000005bd0                gpio__enable_pull_down_resistors
 .text.gpio__set_as_input
                0x0000000000005bf8       0x24 _build_lpc40xx_freertos/obj/gpio.o
                0x0000000000005bf8                gpio__set_as_input
 .text.gpio__construct_as_input
                0x0000000000005c1c       0x28 _build_lpc40xx_freertos/obj/gpio.o
                0x0000000000005c1c                gpio__construct_as_input
 .text.gpio__set_as_output
                0x0000000000005c44       0x20 _build_lpc40xx_freertos/obj/gpio.o
                0x0000000000005c44                gpio__set_as_output
 .text.gpio__construct_as_output
                0x0000000000005c64       0x28 _build_lpc40xx_freertos/obj/gpio.o
                0x0000000000005c64                gpio__construct_as_output
 .text.gpio__get
                0x0000000000005c8c       0x24 _build_lpc40xx_freertos/obj/gpio.o
                0x0000000000005c8c                gpio__get
 .text.gpio__set
                0x0000000000005cb0       0x1c _build_lpc40xx_freertos/obj/gpio.o
                0x0000000000005cb0                gpio__set
 .text.gpio__reset
                0x0000000000005ccc       0x1c _build_lpc40xx_freertos/obj/gpio.o
                0x0000000000005ccc                gpio__reset
 .text.gpio__toggle
                0x0000000000005ce8       0x1e _build_lpc40xx_freertos/obj/gpio.o
                0x0000000000005ce8                gpio__toggle
 *fill*         0x0000000000005d06        0x2 ff
 .text.gpio0__attach_interrupt
                0x0000000000005d08       0x38 _build_lpc40xx_freertos/obj/gpio_isr.o
                0x0000000000005d08                gpio0__attach_interrupt
 .text.pin_generate_interrupt
                0x0000000000005d40       0x28 _build_lpc40xx_freertos/obj/gpio_isr.o
                0x0000000000005d40                pin_generate_interrupt
 .text.clear_pin_interrupt
                0x0000000000005d68       0x14 _build_lpc40xx_freertos/obj/gpio_isr.o
                0x0000000000005d68                clear_pin_interrupt
 .text.gpio0__interrupt_dispatcher
                0x0000000000005d7c       0x2c _build_lpc40xx_freertos/obj/gpio_isr.o
                0x0000000000005d7c                gpio0__interrupt_dispatcher
 .text.hw_timer__enable
                0x0000000000005da8       0x48 _build_lpc40xx_freertos/obj/hw_timer.o
                0x0000000000005da8                hw_timer__enable
 .text.hw_timer__enable_match_isr
                0x0000000000005df0       0x24 _build_lpc40xx_freertos/obj/hw_timer.o
                0x0000000000005df0                hw_timer__enable_match_isr
 .text.hw_timer__acknowledge_interrupt
                0x0000000000005e14       0x18 _build_lpc40xx_freertos/obj/hw_timer.o
                0x0000000000005e14                hw_timer__acknowledge_interrupt
 .text.hw_timer__get_value
                0x0000000000005e2c       0x10 _build_lpc40xx_freertos/obj/hw_timer.o
                0x0000000000005e2c                hw_timer__get_value
 .text.hw_timer__set_value
                0x0000000000005e3c       0x10 _build_lpc40xx_freertos/obj/hw_timer.o
                0x0000000000005e3c                hw_timer__set_value
 .text.i2c__transfer_unprotected
                0x0000000000005e4c       0x5e _build_lpc40xx_freertos/obj/i2c.o
 *fill*         0x0000000000005eaa        0x2 ff
 .text.i2c__handle_interrupt
                0x0000000000005eac      0x128 _build_lpc40xx_freertos/obj/i2c.o
 .text.i2c2_isr
                0x0000000000005fd4        0xc _build_lpc40xx_freertos/obj/i2c.o
 .text.i2c1_isr
                0x0000000000005fe0        0xc _build_lpc40xx_freertos/obj/i2c.o
 .text.i2c0_isr
                0x0000000000005fec        0xc _build_lpc40xx_freertos/obj/i2c.o
 .text.i2c__initialize
                0x0000000000005ff8       0xb0 _build_lpc40xx_freertos/obj/i2c.o
                0x0000000000005ff8                i2c__initialize
 .text.i2c__read_slave_data
                0x00000000000060a8       0x54 _build_lpc40xx_freertos/obj/i2c.o
                0x00000000000060a8                i2c__read_slave_data
 .text.i2c__read_single
                0x00000000000060fc       0x1e _build_lpc40xx_freertos/obj/i2c.o
                0x00000000000060fc                i2c__read_single
 *fill*         0x000000000000611a        0x2 ff
 .text.i2c__write_slave_data
                0x000000000000611c       0x50 _build_lpc40xx_freertos/obj/i2c.o
                0x000000000000611c                i2c__write_slave_data
 .text.i2c__detect
                0x000000000000616c       0x18 _build_lpc40xx_freertos/obj/i2c.o
                0x000000000000616c                i2c__detect
 .text.i2c__write_single
                0x0000000000006184       0x18 _build_lpc40xx_freertos/obj/i2c.o
                0x0000000000006184                i2c__write_single
 .text.lcd_pin_init
                0x000000000000619c      0x124 _build_lpc40xx_freertos/obj/lcd.o
                0x000000000000619c                lcd_pin_init
 .text.HD44780_SetUpper
                0x00000000000062c0       0x6c _build_lpc40xx_freertos/obj/lcd.o
                0x00000000000062c0                HD44780_SetUpper
 .text.HD44780_SetLower
                0x000000000000632c       0x6c _build_lpc40xx_freertos/obj/lcd.o
                0x000000000000632c                HD44780_SetLower
 .text.get_row  0x0000000000006398        0xc _build_lpc40xx_freertos/obj/lcd.o
                0x0000000000006398                get_row
 .text.pulse_E  0x00000000000063a4       0x30 _build_lpc40xx_freertos/obj/lcd.o
                0x00000000000063a4                pulse_E
 .text.send_8bit_data_mode
                0x00000000000063d4       0x16 _build_lpc40xx_freertos/obj/lcd.o
                0x00000000000063d4                send_8bit_data_mode
 *fill*         0x00000000000063ea        0x2 ff
 .text.check_busy_flag
                0x00000000000063ec       0x5c _build_lpc40xx_freertos/obj/lcd.o
                0x00000000000063ec                check_busy_flag
 .text.write_to_data_register
                0x0000000000006448       0x2c _build_lpc40xx_freertos/obj/lcd.o
                0x0000000000006448                write_to_data_register
 .text.LCD_print_string
                0x0000000000006474       0x24 _build_lpc40xx_freertos/obj/lcd.o
                0x0000000000006474                LCD_print_string
 .text.write_to_instruction_register
                0x0000000000006498       0x2c _build_lpc40xx_freertos/obj/lcd.o
                0x0000000000006498                write_to_instruction_register
 .text.lcd_playlist
                0x00000000000064c4       0x2c _build_lpc40xx_freertos/obj/lcd.o
                0x00000000000064c4                lcd_playlist
 .text.lcd_cursor_on
                0x00000000000064f0        0x6 _build_lpc40xx_freertos/obj/lcd.o
                0x00000000000064f0                lcd_cursor_on
 .text.LCD_display_clear
                0x00000000000064f6        0x6 _build_lpc40xx_freertos/obj/lcd.o
                0x00000000000064f6                LCD_display_clear
 .text.lcd_init
                0x00000000000064fc       0x70 _build_lpc40xx_freertos/obj/lcd.o
                0x00000000000064fc                lcd_init
 .text.lpc_peripheral__halt_handler
                0x000000000000656c        0x2 _build_lpc40xx_freertos/obj/lpc_peripherals.o
 *fill*         0x000000000000656e        0x2 ff
 .text.lpc_peripheral__interrupt_dispatcher
                0x0000000000006570       0x34 _build_lpc40xx_freertos/obj/lpc_peripherals.o
                0x0000000000006570                lpc_peripheral__interrupt_dispatcher
 .text.lpc_peripheral__turn_on_power_to
                0x00000000000065a4       0x24 _build_lpc40xx_freertos/obj/lpc_peripherals.o
                0x00000000000065a4                lpc_peripheral__turn_on_power_to
 .text.lpc_peripheral__is_powered_on
                0x00000000000065c8       0x24 _build_lpc40xx_freertos/obj/lpc_peripherals.o
                0x00000000000065c8                lpc_peripheral__is_powered_on
 .text.lpc_peripheral__enable_interrupt
                0x00000000000065ec       0x30 _build_lpc40xx_freertos/obj/lpc_peripherals.o
                0x00000000000065ec                lpc_peripheral__enable_interrupt
 .text.ssp0__set_max_clock
                0x000000000000661c       0x2c _build_lpc40xx_freertos/obj/mp3_decoder.o
 .text.ssp0__init
                0x0000000000006648       0x24 _build_lpc40xx_freertos/obj/mp3_decoder.o
                0x0000000000006648                ssp0__init
 .text.ssp0_transferByte
                0x000000000000666c       0x14 _build_lpc40xx_freertos/obj/mp3_decoder.o
                0x000000000000666c                ssp0_transferByte
 .text.pin__init
                0x0000000000006680       0x6c _build_lpc40xx_freertos/obj/mp3_decoder.o
                0x0000000000006680                pin__init
 .text.set__XDCS
                0x00000000000066ec       0x10 _build_lpc40xx_freertos/obj/mp3_decoder.o
                0x00000000000066ec                set__XDCS
 .text.reset__XDCS
                0x00000000000066fc       0x10 _build_lpc40xx_freertos/obj/mp3_decoder.o
                0x00000000000066fc                reset__XDCS
 .text.set__CS  0x000000000000670c       0x10 _build_lpc40xx_freertos/obj/mp3_decoder.o
                0x000000000000670c                set__CS
 .text.reset__CS
                0x000000000000671c       0x10 _build_lpc40xx_freertos/obj/mp3_decoder.o
                0x000000000000671c                reset__CS
 .text.reset__RST
                0x000000000000672c       0x10 _build_lpc40xx_freertos/obj/mp3_decoder.o
                0x000000000000672c                reset__RST
 .text.DREQ_status
                0x000000000000673c       0x10 _build_lpc40xx_freertos/obj/mp3_decoder.o
                0x000000000000673c                DREQ_status
 .text.read_register
                0x000000000000674c       0x48 _build_lpc40xx_freertos/obj/mp3_decoder.o
                0x000000000000674c                read_register
 .text.write_register
                0x0000000000006794       0x3a _build_lpc40xx_freertos/obj/mp3_decoder.o
                0x0000000000006794                write_register
 *fill*         0x00000000000067ce        0x2 ff
 .text.mp3_decoder_setup
                0x00000000000067d0       0xb4 _build_lpc40xx_freertos/obj/mp3_decoder.o
                0x00000000000067d0                mp3_decoder_setup
 .text.send_mp3Data
                0x0000000000006884       0x12 _build_lpc40xx_freertos/obj/mp3_decoder.o
                0x0000000000006884                send_mp3Data
 *fill*         0x0000000000006896        0x2 ff
 .text.song_list__populate
                0x0000000000006898       0x70 _build_lpc40xx_freertos/obj/song_list.o
                0x0000000000006898                song_list__populate
 .text.song_list__get_item_count
                0x0000000000006908        0xc _build_lpc40xx_freertos/obj/song_list.o
                0x0000000000006908                song_list__get_item_count
 .text.song_list__get_name_for_item
                0x0000000000006914       0x20 _build_lpc40xx_freertos/obj/song_list.o
                0x0000000000006914                song_list__get_name_for_item
 .text.ssp2__dma_transfer_block
                0x0000000000006934       0x98 _build_lpc40xx_freertos/obj/ssp2.o
 .text.ssp2__set_max_clock
                0x00000000000069cc       0x2c _build_lpc40xx_freertos/obj/ssp2.o
                0x00000000000069cc                ssp2__set_max_clock
 .text.ssp2__initialize
                0x00000000000069f8       0x44 _build_lpc40xx_freertos/obj/ssp2.o
                0x00000000000069f8                ssp2__initialize
 .text.ssp2__exchange_byte
                0x0000000000006a3c       0x14 _build_lpc40xx_freertos/obj/ssp2.o
                0x0000000000006a3c                ssp2__exchange_byte
 .text.ssp2__dma_write_block
                0x0000000000006a50        0x6 _build_lpc40xx_freertos/obj/ssp2.o
                0x0000000000006a50                ssp2__dma_write_block
 .text.ssp2__dma_read_block
                0x0000000000006a56        0x6 _build_lpc40xx_freertos/obj/ssp2.o
                0x0000000000006a56                ssp2__dma_read_block
 .text.uart__isr_common
                0x0000000000006a5c       0x94 _build_lpc40xx_freertos/obj/uart.o
 .text.uart3_isr
                0x0000000000006af0        0xc _build_lpc40xx_freertos/obj/uart.o
 .text.uart2_isr
                0x0000000000006afc        0xc _build_lpc40xx_freertos/obj/uart.o
 .text.uart1_isr
                0x0000000000006b08        0xc _build_lpc40xx_freertos/obj/uart.o
 .text.uart0_isr
                0x0000000000006b14        0xc _build_lpc40xx_freertos/obj/uart.o
 .text.uart__init
                0x0000000000006b20       0x60 _build_lpc40xx_freertos/obj/uart.o
                0x0000000000006b20                uart__init
 .text.uart__is_initialized
                0x0000000000006b80       0x28 _build_lpc40xx_freertos/obj/uart.o
                0x0000000000006b80                uart__is_initialized
 .text.uart__is_transmit_queue_initialized
                0x0000000000006ba8       0x14 _build_lpc40xx_freertos/obj/uart.o
                0x0000000000006ba8                uart__is_transmit_queue_initialized
 .text.uart__enable_queues
                0x0000000000006bbc       0x70 _build_lpc40xx_freertos/obj/uart.o
                0x0000000000006bbc                uart__enable_queues
 .text.uart__polled_put
                0x0000000000006c2c       0x24 _build_lpc40xx_freertos/obj/uart.o
                0x0000000000006c2c                uart__polled_put
 .text.uart__get
                0x0000000000006c50       0x4c _build_lpc40xx_freertos/obj/uart.o
                0x0000000000006c50                uart__get
 .text.uart__polled_get
                0x0000000000006c9c       0x54 _build_lpc40xx_freertos/obj/uart.o
                0x0000000000006c9c                uart__polled_get
 .text.uart__put
                0x0000000000006cf0       0x7c _build_lpc40xx_freertos/obj/uart.o
                0x0000000000006cf0                uart__put
 .text          0x0000000000006d6c       0x30 /Users/hamsikapongubala/Desktop/MP3-Project/toolchains/mac/gcc-arm-none-eabi-8-2019-q3-update/bin/../lib/gcc/arm-none-eabi/8.3.1/thumb/v7e-m+fp/hard/libgcc.a(_aeabi_uldivmod.o)
                0x0000000000006d6c                __aeabi_uldivmod
 .text          0x0000000000006d9c      0x2d0 /Users/hamsikapongubala/Desktop/MP3-Project/toolchains/mac/gcc-arm-none-eabi-8-2019-q3-update/bin/../lib/gcc/arm-none-eabi/8.3.1/thumb/v7e-m+fp/hard/libgcc.a(_udivmoddi4.o)
                0x0000000000006d9c                __udivmoddi4
 .text          0x000000000000706c        0x4 /Users/hamsikapongubala/Desktop/MP3-Project/toolchains/mac/gcc-arm-none-eabi-8-2019-q3-update/bin/../lib/gcc/arm-none-eabi/8.3.1/thumb/v7e-m+fp/hard/libgcc.a(_dvmd_tls.o)
                0x000000000000706c                __aeabi_ldiv0
                0x000000000000706c                __aeabi_idiv0
 .text.atoi     0x0000000000007070        0x8 /Users/hamsikapongubala/Desktop/MP3-Project/toolchains/mac/gcc-arm-none-eabi-8-2019-q3-update/bin/../lib/gcc/arm-none-eabi/8.3.1/../../../../arm-none-eabi/lib/thumb/v7e-m+fp/hard/libg_nano.a(lib_a-atoi.o)
                0x0000000000007070                atoi
 .text.fprintf  0x0000000000007078       0x24 /Users/hamsikapongubala/Desktop/MP3-Project/toolchains/mac/gcc-arm-none-eabi-8-2019-q3-update/bin/../lib/gcc/arm-none-eabi/8.3.1/../../../../arm-none-eabi/lib/thumb/v7e-m+fp/hard/libg_nano.a(lib_a-fprintf.o)
                0x0000000000007078                fprintf
                0x0000000000007078                fiprintf
 .text._fputs_r
                0x000000000000709c       0xcc /Users/hamsikapongubala/Desktop/MP3-Project/toolchains/mac/gcc-arm-none-eabi-8-2019-q3-update/bin/../lib/gcc/arm-none-eabi/8.3.1/../../../../arm-none-eabi/lib/thumb/v7e-m+fp/hard/libg_nano.a(lib_a-fputs.o)
                0x000000000000709c                _fputs_r
 .text.fputs    0x0000000000007168       0x10 /Users/hamsikapongubala/Desktop/MP3-Project/toolchains/mac/gcc-arm-none-eabi-8-2019-q3-update/bin/../lib/gcc/arm-none-eabi/8.3.1/../../../../arm-none-eabi/lib/thumb/v7e-m+fp/hard/libg_nano.a(lib_a-fputs.o)
                0x0000000000007168                fputs
 .text.getchar  0x0000000000007178       0x24 /Users/hamsikapongubala/Desktop/MP3-Project/toolchains/mac/gcc-arm-none-eabi-8-2019-q3-update/bin/../lib/gcc/arm-none-eabi/8.3.1/../../../../arm-none-eabi/lib/thumb/v7e-m+fp/hard/libg_nano.a(lib_a-getchar.o)
                0x0000000000007178                getchar
 .text.__retarget_lock_init_recursive
                0x000000000000719c        0x2 /Users/hamsikapongubala/Desktop/MP3-Project/toolchains/mac/gcc-arm-none-eabi-8-2019-q3-update/bin/../lib/gcc/arm-none-eabi/8.3.1/../../../../arm-none-eabi/lib/thumb/v7e-m+fp/hard/libg_nano.a(lib_a-lock.o)
                0x000000000000719c                __retarget_lock_init_recursive
 .text.__retarget_lock_acquire_recursive
                0x000000000000719e        0x2 /Users/hamsikapongubala/Desktop/MP3-Project/toolchains/mac/gcc-arm-none-eabi-8-2019-q3-update/bin/../lib/gcc/arm-none-eabi/8.3.1/../../../../arm-none-eabi/lib/thumb/v7e-m+fp/hard/libg_nano.a(lib_a-lock.o)
                0x000000000000719e                __retarget_lock_acquire_recursive
 .text.__retarget_lock_release_recursive
                0x00000000000071a0        0x2 /Users/hamsikapongubala/Desktop/MP3-Project/toolchains/mac/gcc-arm-none-eabi-8-2019-q3-update/bin/../lib/gcc/arm-none-eabi/8.3.1/../../../../arm-none-eabi/lib/thumb/v7e-m+fp/hard/libg_nano.a(lib_a-lock.o)
                0x00000000000071a0                __retarget_lock_release_recursive
 *fill*         0x00000000000071a2        0x2 ff
 .text.malloc   0x00000000000071a4       0x10 /Users/hamsikapongubala/Desktop/MP3-Project/toolchains/mac/gcc-arm-none-eabi-8-2019-q3-update/bin/../lib/gcc/arm-none-eabi/8.3.1/../../../../arm-none-eabi/lib/thumb/v7e-m+fp/hard/libg_nano.a(lib_a-malloc.o)
                0x00000000000071a4                malloc
 .text.free     0x00000000000071b4       0x10 /Users/hamsikapongubala/Desktop/MP3-Project/toolchains/mac/gcc-arm-none-eabi-8-2019-q3-update/bin/../lib/gcc/arm-none-eabi/8.3.1/../../../../arm-none-eabi/lib/thumb/v7e-m+fp/hard/libg_nano.a(lib_a-malloc.o)
                0x00000000000071b4                free
 .text.memcpy   0x00000000000071c4       0x1c /Users/hamsikapongubala/Desktop/MP3-Project/toolchains/mac/gcc-arm-none-eabi-8-2019-q3-update/bin/../lib/gcc/arm-none-eabi/8.3.1/../../../../arm-none-eabi/lib/thumb/v7e-m+fp/hard/libg_nano.a(lib_a-memcpy-stub.o)
                0x00000000000071c4                memcpy
 .text.memmove  0x00000000000071e0       0x34 /Users/hamsikapongubala/Desktop/MP3-Project/toolchains/mac/gcc-arm-none-eabi-8-2019-q3-update/bin/../lib/gcc/arm-none-eabi/8.3.1/../../../../arm-none-eabi/lib/thumb/v7e-m+fp/hard/libg_nano.a(lib_a-memmove.o)
                0x00000000000071e0                memmove
 .text.memset   0x0000000000007214       0x10 /Users/hamsikapongubala/Desktop/MP3-Project/toolchains/mac/gcc-arm-none-eabi-8-2019-q3-update/bin/../lib/gcc/arm-none-eabi/8.3.1/../../../../arm-none-eabi/lib/thumb/v7e-m+fp/hard/libg_nano.a(lib_a-memset.o)
                0x0000000000007214                memset
 .text._free_r  0x0000000000007224       0x9c /Users/hamsikapongubala/Desktop/MP3-Project/toolchains/mac/gcc-arm-none-eabi-8-2019-q3-update/bin/../lib/gcc/arm-none-eabi/8.3.1/../../../../arm-none-eabi/lib/thumb/v7e-m+fp/hard/libg_nano.a(lib_a-nano-freer.o)
                0x0000000000007224                _free_r
 .text._malloc_r
                0x00000000000072c0       0xb4 /Users/hamsikapongubala/Desktop/MP3-Project/toolchains/mac/gcc-arm-none-eabi-8-2019-q3-update/bin/../lib/gcc/arm-none-eabi/8.3.1/../../../../arm-none-eabi/lib/thumb/v7e-m+fp/hard/libg_nano.a(lib_a-nano-mallocr.o)
                0x00000000000072c0                _malloc_r
 .text.__sfputc_r
                0x0000000000007374       0x2e /Users/hamsikapongubala/Desktop/MP3-Project/toolchains/mac/gcc-arm-none-eabi-8-2019-q3-update/bin/../lib/gcc/arm-none-eabi/8.3.1/../../../../arm-none-eabi/lib/thumb/v7e-m+fp/hard/libg_nano.a(lib_a-nano-vfprintf.o)
 .text.__sfputs_r
                0x00000000000073a2       0x24 /Users/hamsikapongubala/Desktop/MP3-Project/toolchains/mac/gcc-arm-none-eabi-8-2019-q3-update/bin/../lib/gcc/arm-none-eabi/8.3.1/../../../../arm-none-eabi/lib/thumb/v7e-m+fp/hard/libg_nano.a(lib_a-nano-vfprintf.o)
                0x00000000000073a2                __sfputs_r
 *fill*         0x00000000000073c6        0x2 ff
 .text._vfprintf_r
                0x00000000000073c8      0x250 /Users/hamsikapongubala/Desktop/MP3-Project/toolchains/mac/gcc-arm-none-eabi-8-2019-q3-update/bin/../lib/gcc/arm-none-eabi/8.3.1/../../../../arm-none-eabi/lib/thumb/v7e-m+fp/hard/libg_nano.a(lib_a-nano-vfprintf.o)
                0x00000000000073c8                _vfiprintf_r
                0x00000000000073c8                _vfprintf_r
 .text.__cvt    0x0000000000007618       0xba /Users/hamsikapongubala/Desktop/MP3-Project/toolchains/mac/gcc-arm-none-eabi-8-2019-q3-update/bin/../lib/gcc/arm-none-eabi/8.3.1/../../../../arm-none-eabi/lib/thumb/v7e-m+fp/hard/libg_nano.a(lib_a-nano-vfprintf_float.o)
                0x0000000000007618                __cvt
 .text.__exponent
                0x00000000000076d2       0x64 /Users/hamsikapongubala/Desktop/MP3-Project/toolchains/mac/gcc-arm-none-eabi-8-2019-q3-update/bin/../lib/gcc/arm-none-eabi/8.3.1/../../../../arm-none-eabi/lib/thumb/v7e-m+fp/hard/libg_nano.a(lib_a-nano-vfprintf_float.o)
                0x00000000000076d2                __exponent
 *fill*         0x0000000000007736        0x2 ff
 .text._printf_float
                0x0000000000007738      0x454 /Users/hamsikapongubala/Desktop/MP3-Project/toolchains/mac/gcc-arm-none-eabi-8-2019-q3-update/bin/../lib/gcc/arm-none-eabi/8.3.1/../../../../arm-none-eabi/lib/thumb/v7e-m+fp/hard/libg_nano.a(lib_a-nano-vfprintf_float.o)
                0x0000000000007738                _printf_float
 .text._printf_common
                0x0000000000007b8c       0xea /Users/hamsikapongubala/Desktop/MP3-Project/toolchains/mac/gcc-arm-none-eabi-8-2019-q3-update/bin/../lib/gcc/arm-none-eabi/8.3.1/../../../../arm-none-eabi/lib/thumb/v7e-m+fp/hard/libg_nano.a(lib_a-nano-vfprintf_i.o)
                0x0000000000007b8c                _printf_common
 *fill*         0x0000000000007c76        0x2 ff
 .text._printf_i
                0x0000000000007c78      0x228 /Users/hamsikapongubala/Desktop/MP3-Project/toolchains/mac/gcc-arm-none-eabi-8-2019-q3-update/bin/../lib/gcc/arm-none-eabi/8.3.1/../../../../arm-none-eabi/lib/thumb/v7e-m+fp/hard/libg_nano.a(lib_a-nano-vfprintf_i.o)
                0x0000000000007c78                _printf_i
 .text._scanf_float
                0x0000000000007ea0      0x3c0 /Users/hamsikapongubala/Desktop/MP3-Project/toolchains/mac/gcc-arm-none-eabi-8-2019-q3-update/bin/../lib/gcc/arm-none-eabi/8.3.1/../../../../arm-none-eabi/lib/thumb/v7e-m+fp/hard/libg_nano.a(lib_a-nano-vfscanf_float.o)
                0x0000000000007ea0                _scanf_float
 .text.printf   0x0000000000008260       0x30 /Users/hamsikapongubala/Desktop/MP3-Project/toolchains/mac/gcc-arm-none-eabi-8-2019-q3-update/bin/../lib/gcc/arm-none-eabi/8.3.1/../../../../arm-none-eabi/lib/thumb/v7e-m+fp/hard/libg_nano.a(lib_a-printf.o)
                0x0000000000008260                printf
                0x0000000000008260                iprintf
 .text.putchar  0x0000000000008290       0x28 /Users/hamsikapongubala/Desktop/MP3-Project/toolchains/mac/gcc-arm-none-eabi-8-2019-q3-update/bin/../lib/gcc/arm-none-eabi/8.3.1/../../../../arm-none-eabi/lib/thumb/v7e-m+fp/hard/libg_nano.a(lib_a-putchar.o)
                0x0000000000008290                putchar
 .text._puts_r  0x00000000000082b8       0xdc /Users/hamsikapongubala/Desktop/MP3-Project/toolchains/mac/gcc-arm-none-eabi-8-2019-q3-update/bin/../lib/gcc/arm-none-eabi/8.3.1/../../../../arm-none-eabi/lib/thumb/v7e-m+fp/hard/libg_nano.a(lib_a-puts.o)
                0x00000000000082b8                _puts_r
 .text.puts     0x0000000000008394       0x10 /Users/hamsikapongubala/Desktop/MP3-Project/toolchains/mac/gcc-arm-none-eabi-8-2019-q3-update/bin/../lib/gcc/arm-none-eabi/8.3.1/../../../../arm-none-eabi/lib/thumb/v7e-m+fp/hard/libg_nano.a(lib_a-puts.o)
                0x0000000000008394                puts
 .text._sbrk_r  0x00000000000083a4       0x20 /Users/hamsikapongubala/Desktop/MP3-Project/toolchains/mac/gcc-arm-none-eabi-8-2019-q3-update/bin/../lib/gcc/arm-none-eabi/8.3.1/../../../../arm-none-eabi/lib/thumb/v7e-m+fp/hard/libg_nano.a(lib_a-sbrkr.o)
                0x00000000000083a4                _sbrk_r
 .text.setvbuf  0x00000000000083c4      0x184 /Users/hamsikapongubala/Desktop/MP3-Project/toolchains/mac/gcc-arm-none-eabi-8-2019-q3-update/bin/../lib/gcc/arm-none-eabi/8.3.1/../../../../arm-none-eabi/lib/thumb/v7e-m+fp/hard/libg_nano.a(lib_a-setvbuf.o)
                0x00000000000083c4                setvbuf
 .text.nanf     0x0000000000008548        0xc /Users/hamsikapongubala/Desktop/MP3-Project/toolchains/mac/gcc-arm-none-eabi-8-2019-q3-update/bin/../lib/gcc/arm-none-eabi/8.3.1/../../../../arm-none-eabi/lib/thumb/v7e-m+fp/hard/libg_nano.a(lib_a-sf_nan.o)
                0x0000000000008548                nanf
 .text.sprintf  0x0000000000008554       0x40 /Users/hamsikapongubala/Desktop/MP3-Project/toolchains/mac/gcc-arm-none-eabi-8-2019-q3-update/bin/../lib/gcc/arm-none-eabi/8.3.1/../../../../arm-none-eabi/lib/thumb/v7e-m+fp/hard/libg_nano.a(lib_a-sprintf.o)
                0x0000000000008554                sprintf
                0x0000000000008554                siprintf
 .text.strcasecmp
                0x0000000000008594       0x38 /Users/hamsikapongubala/Desktop/MP3-Project/toolchains/mac/gcc-arm-none-eabi-8-2019-q3-update/bin/../lib/gcc/arm-none-eabi/8.3.1/../../../../arm-none-eabi/lib/thumb/v7e-m+fp/hard/libg_nano.a(lib_a-strcasecmp.o)
                0x0000000000008594                strcasecmp
 .text.strchr   0x00000000000085cc       0x1a /Users/hamsikapongubala/Desktop/MP3-Project/toolchains/mac/gcc-arm-none-eabi-8-2019-q3-update/bin/../lib/gcc/arm-none-eabi/8.3.1/../../../../arm-none-eabi/lib/thumb/v7e-m+fp/hard/libg_nano.a(lib_a-strchr.o)
                0x00000000000085cc                strchr
 .text          0x00000000000085e6       0x10 /Users/hamsikapongubala/Desktop/MP3-Project/toolchains/mac/gcc-arm-none-eabi-8-2019-q3-update/bin/../lib/gcc/arm-none-eabi/8.3.1/../../../../arm-none-eabi/lib/thumb/v7e-m+fp/hard/libg_nano.a(lib_a-strlen.o)
                0x00000000000085e6                strlen
 *fill*         0x00000000000085f6        0x2 ff
 .text.strncasecmp
                0x00000000000085f8       0x44 /Users/hamsikapongubala/Desktop/MP3-Project/toolchains/mac/gcc-arm-none-eabi-8-2019-q3-update/bin/../lib/gcc/arm-none-eabi/8.3.1/../../../../arm-none-eabi/lib/thumb/v7e-m+fp/hard/libg_nano.a(lib_a-strncasecmp.o)
                0x00000000000085f8                strncasecmp
 .text.strncmp  0x000000000000863c       0x24 /Users/hamsikapongubala/Desktop/MP3-Project/toolchains/mac/gcc-arm-none-eabi-8-2019-q3-update/bin/../lib/gcc/arm-none-eabi/8.3.1/../../../../arm-none-eabi/lib/thumb/v7e-m+fp/hard/libg_nano.a(lib_a-strncmp.o)
                0x000000000000863c                strncmp
 .text.strncpy  0x0000000000008660       0x26 /Users/hamsikapongubala/Desktop/MP3-Project/toolchains/mac/gcc-arm-none-eabi-8-2019-q3-update/bin/../lib/gcc/arm-none-eabi/8.3.1/../../../../arm-none-eabi/lib/thumb/v7e-m+fp/hard/libg_nano.a(lib_a-strncpy.o)
                0x0000000000008660                strncpy
 .text.strstr   0x0000000000008686       0x2e /Users/hamsikapongubala/Desktop/MP3-Project/toolchains/mac/gcc-arm-none-eabi-8-2019-q3-update/bin/../lib/gcc/arm-none-eabi/8.3.1/../../../../arm-none-eabi/lib/thumb/v7e-m+fp/hard/libg_nano.a(lib_a-strstr.o)
                0x0000000000008686                strstr
 .text.sulp     0x00000000000086b4       0x38 /Users/hamsikapongubala/Desktop/MP3-Project/toolchains/mac/gcc-arm-none-eabi-8-2019-q3-update/bin/../lib/gcc/arm-none-eabi/8.3.1/../../../../arm-none-eabi/lib/thumb/v7e-m+fp/hard/libg_nano.a(lib_a-strtod.o)
 *fill*         0x00000000000086ec        0x4 ff
 .text._strtod_l
                0x00000000000086f0      0xb98 /Users/hamsikapongubala/Desktop/MP3-Project/toolchains/mac/gcc-arm-none-eabi-8-2019-q3-update/bin/../lib/gcc/arm-none-eabi/8.3.1/../../../../arm-none-eabi/lib/thumb/v7e-m+fp/hard/libg_nano.a(lib_a-strtod.o)
                0x00000000000086f0                _strtod_l
 .text._strtod_r
                0x0000000000009288        0xc /Users/hamsikapongubala/Desktop/MP3-Project/toolchains/mac/gcc-arm-none-eabi-8-2019-q3-update/bin/../lib/gcc/arm-none-eabi/8.3.1/../../../../arm-none-eabi/lib/thumb/v7e-m+fp/hard/libg_nano.a(lib_a-strtod.o)
                0x0000000000009288                _strtod_r
 .text._strtol_l.isra.0
                0x0000000000009294       0xf0 /Users/hamsikapongubala/Desktop/MP3-Project/toolchains/mac/gcc-arm-none-eabi-8-2019-q3-update/bin/../lib/gcc/arm-none-eabi/8.3.1/../../../../arm-none-eabi/lib/thumb/v7e-m+fp/hard/libg_nano.a(lib_a-strtol.o)
 .text._strtol_r
                0x0000000000009384        0x4 /Users/hamsikapongubala/Desktop/MP3-Project/toolchains/mac/gcc-arm-none-eabi-8-2019-q3-update/bin/../lib/gcc/arm-none-eabi/8.3.1/../../../../arm-none-eabi/lib/thumb/v7e-m+fp/hard/libg_nano.a(lib_a-strtol.o)
                0x0000000000009384                _strtol_r
 .text.strtol   0x0000000000009388       0x14 /Users/hamsikapongubala/Desktop/MP3-Project/toolchains/mac/gcc-arm-none-eabi-8-2019-q3-update/bin/../lib/gcc/arm-none-eabi/8.3.1/../../../../arm-none-eabi/lib/thumb/v7e-m+fp/hard/libg_nano.a(lib_a-strtol.o)
                0x0000000000009388                strtol
 .text._vsnprintf_r
                0x000000000000939c       0x58 /Users/hamsikapongubala/Desktop/MP3-Project/toolchains/mac/gcc-arm-none-eabi-8-2019-q3-update/bin/../lib/gcc/arm-none-eabi/8.3.1/../../../../arm-none-eabi/lib/thumb/v7e-m+fp/hard/libg_nano.a(lib_a-vsnprintf.o)
                0x000000000000939c                _vsnprintf_r
                0x000000000000939c                _vsniprintf_r
 .text.vsnprintf
                0x00000000000093f4       0x1c /Users/hamsikapongubala/Desktop/MP3-Project/toolchains/mac/gcc-arm-none-eabi-8-2019-q3-update/bin/../lib/gcc/arm-none-eabi/8.3.1/../../../../arm-none-eabi/lib/thumb/v7e-m+fp/hard/libg_nano.a(lib_a-vsnprintf.o)
                0x00000000000093f4                vsnprintf
                0x00000000000093f4                vsniprintf
 .text._vsscanf_r
                0x0000000000009410       0x48 /Users/hamsikapongubala/Desktop/MP3-Project/toolchains/mac/gcc-arm-none-eabi-8-2019-q3-update/bin/../lib/gcc/arm-none-eabi/8.3.1/../../../../arm-none-eabi/lib/thumb/v7e-m+fp/hard/libg_nano.a(lib_a-vsscanf.o)
                0x0000000000009410                _vsiscanf_r
                0x0000000000009410                _vsscanf_r
 .text.vsscanf  0x0000000000009458       0x14 /Users/hamsikapongubala/Desktop/MP3-Project/toolchains/mac/gcc-arm-none-eabi-8-2019-q3-update/bin/../lib/gcc/arm-none-eabi/8.3.1/../../../../arm-none-eabi/lib/thumb/v7e-m+fp/hard/libg_nano.a(lib_a-vsscanf.o)
                0x0000000000009458                vsscanf
                0x0000000000009458                vsiscanf
 .text.__swbuf_r
                0x000000000000946c       0xa4 /Users/hamsikapongubala/Desktop/MP3-Project/toolchains/mac/gcc-arm-none-eabi-8-2019-q3-update/bin/../lib/gcc/arm-none-eabi/8.3.1/../../../../arm-none-eabi/lib/thumb/v7e-m+fp/hard/libg_nano.a(lib_a-wbuf.o)
                0x000000000000946c                __swbuf_r
 .text.__swsetup_r
                0x0000000000009510       0xdc /Users/hamsikapongubala/Desktop/MP3-Project/toolchains/mac/gcc-arm-none-eabi-8-2019-q3-update/bin/../lib/gcc/arm-none-eabi/8.3.1/../../../../arm-none-eabi/lib/thumb/v7e-m+fp/hard/libg_nano.a(lib_a-wsetup.o)
                0x0000000000009510                __swsetup_r
 .text.quorem   0x00000000000095ec      0x112 /Users/hamsikapongubala/Desktop/MP3-Project/toolchains/mac/gcc-arm-none-eabi-8-2019-q3-update/bin/../lib/gcc/arm-none-eabi/8.3.1/../../../../arm-none-eabi/lib/thumb/v7e-m+fp/hard/libg_nano.a(lib_a-dtoa.o)
 *fill*         0x00000000000096fe        0x2 ff
 .text._dtoa_r  0x0000000000009700      0xb74 /Users/hamsikapongubala/Desktop/MP3-Project/toolchains/mac/gcc-arm-none-eabi-8-2019-q3-update/bin/../lib/gcc/arm-none-eabi/8.3.1/../../../../arm-none-eabi/lib/thumb/v7e-m+fp/hard/libg_nano.a(lib_a-dtoa.o)
                0x0000000000009700                _dtoa_r
 .text.__sflush_r
                0x000000000000a274      0x10c /Users/hamsikapongubala/Desktop/MP3-Project/toolchains/mac/gcc-arm-none-eabi-8-2019-q3-update/bin/../lib/gcc/arm-none-eabi/8.3.1/../../../../arm-none-eabi/lib/thumb/v7e-m+fp/hard/libg_nano.a(lib_a-fflush.o)
                0x000000000000a274                __sflush_r
 .text._fflush_r
                0x000000000000a380       0x78 /Users/hamsikapongubala/Desktop/MP3-Project/toolchains/mac/gcc-arm-none-eabi-8-2019-q3-update/bin/../lib/gcc/arm-none-eabi/8.3.1/../../../../arm-none-eabi/lib/thumb/v7e-m+fp/hard/libg_nano.a(lib_a-fflush.o)
                0x000000000000a380                _fflush_r
 .text.fflush   0x000000000000a3f8       0x24 /Users/hamsikapongubala/Desktop/MP3-Project/toolchains/mac/gcc-arm-none-eabi-8-2019-q3-update/bin/../lib/gcc/arm-none-eabi/8.3.1/../../../../arm-none-eabi/lib/thumb/v7e-m+fp/hard/libg_nano.a(lib_a-fflush.o)
                0x000000000000a3f8                fflush
 .text.std      0x000000000000a41c       0x48 /Users/hamsikapongubala/Desktop/MP3-Project/toolchains/mac/gcc-arm-none-eabi-8-2019-q3-update/bin/../lib/gcc/arm-none-eabi/8.3.1/../../../../arm-none-eabi/lib/thumb/v7e-m+fp/hard/libg_nano.a(lib_a-findfp.o)
 .text._cleanup_r
                0x000000000000a464        0xc /Users/hamsikapongubala/Desktop/MP3-Project/toolchains/mac/gcc-arm-none-eabi-8-2019-q3-update/bin/../lib/gcc/arm-none-eabi/8.3.1/../../../../arm-none-eabi/lib/thumb/v7e-m+fp/hard/libg_nano.a(lib_a-findfp.o)
                0x000000000000a464                _cleanup_r
 .text.__sfmoreglue
                0x000000000000a470       0x2c /Users/hamsikapongubala/Desktop/MP3-Project/toolchains/mac/gcc-arm-none-eabi-8-2019-q3-update/bin/../lib/gcc/arm-none-eabi/8.3.1/../../../../arm-none-eabi/lib/thumb/v7e-m+fp/hard/libg_nano.a(lib_a-findfp.o)
                0x000000000000a470                __sfmoreglue
 .text.__sfp_lock_acquire
                0x000000000000a49c        0xc /Users/hamsikapongubala/Desktop/MP3-Project/toolchains/mac/gcc-arm-none-eabi-8-2019-q3-update/bin/../lib/gcc/arm-none-eabi/8.3.1/../../../../arm-none-eabi/lib/thumb/v7e-m+fp/hard/libg_nano.a(lib_a-findfp.o)
                0x000000000000a49c                __sfp_lock_acquire
 .text.__sfp_lock_release
                0x000000000000a4a8        0xc /Users/hamsikapongubala/Desktop/MP3-Project/toolchains/mac/gcc-arm-none-eabi-8-2019-q3-update/bin/../lib/gcc/arm-none-eabi/8.3.1/../../../../arm-none-eabi/lib/thumb/v7e-m+fp/hard/libg_nano.a(lib_a-findfp.o)
                0x000000000000a4a8                __sfp_lock_release
 .text.__sinit_lock_acquire
                0x000000000000a4b4        0xc /Users/hamsikapongubala/Desktop/MP3-Project/toolchains/mac/gcc-arm-none-eabi-8-2019-q3-update/bin/../lib/gcc/arm-none-eabi/8.3.1/../../../../arm-none-eabi/lib/thumb/v7e-m+fp/hard/libg_nano.a(lib_a-findfp.o)
                0x000000000000a4b4                __sinit_lock_acquire
 .text.__sinit_lock_release
                0x000000000000a4c0        0xc /Users/hamsikapongubala/Desktop/MP3-Project/toolchains/mac/gcc-arm-none-eabi-8-2019-q3-update/bin/../lib/gcc/arm-none-eabi/8.3.1/../../../../arm-none-eabi/lib/thumb/v7e-m+fp/hard/libg_nano.a(lib_a-findfp.o)
                0x000000000000a4c0                __sinit_lock_release
 .text.__sinit  0x000000000000a4cc       0x70 /Users/hamsikapongubala/Desktop/MP3-Project/toolchains/mac/gcc-arm-none-eabi-8-2019-q3-update/bin/../lib/gcc/arm-none-eabi/8.3.1/../../../../arm-none-eabi/lib/thumb/v7e-m+fp/hard/libg_nano.a(lib_a-findfp.o)
                0x000000000000a4cc                __sinit
 .text.__sfp    0x000000000000a53c       0x8c /Users/hamsikapongubala/Desktop/MP3-Project/toolchains/mac/gcc-arm-none-eabi-8-2019-q3-update/bin/../lib/gcc/arm-none-eabi/8.3.1/../../../../arm-none-eabi/lib/thumb/v7e-m+fp/hard/libg_nano.a(lib_a-findfp.o)
                0x000000000000a53c                __sfp
 .text._fwalk   0x000000000000a5c8       0x38 /Users/hamsikapongubala/Desktop/MP3-Project/toolchains/mac/gcc-arm-none-eabi-8-2019-q3-update/bin/../lib/gcc/arm-none-eabi/8.3.1/../../../../arm-none-eabi/lib/thumb/v7e-m+fp/hard/libg_nano.a(lib_a-fwalk.o)
                0x000000000000a5c8                _fwalk
 .text._fwalk_reent
                0x000000000000a600       0x3c /Users/hamsikapongubala/Desktop/MP3-Project/toolchains/mac/gcc-arm-none-eabi-8-2019-q3-update/bin/../lib/gcc/arm-none-eabi/8.3.1/../../../../arm-none-eabi/lib/thumb/v7e-m+fp/hard/libg_nano.a(lib_a-fwalk.o)
                0x000000000000a600                _fwalk_reent
 .text.rshift   0x000000000000a63c       0x74 /Users/hamsikapongubala/Desktop/MP3-Project/toolchains/mac/gcc-arm-none-eabi-8-2019-q3-update/bin/../lib/gcc/arm-none-eabi/8.3.1/../../../../arm-none-eabi/lib/thumb/v7e-m+fp/hard/libg_nano.a(lib_a-gdtoa-gethex.o)
 .text.__hexdig_fun
                0x000000000000a6b0       0x2a /Users/hamsikapongubala/Desktop/MP3-Project/toolchains/mac/gcc-arm-none-eabi-8-2019-q3-update/bin/../lib/gcc/arm-none-eabi/8.3.1/../../../../arm-none-eabi/lib/thumb/v7e-m+fp/hard/libg_nano.a(lib_a-gdtoa-gethex.o)
                0x000000000000a6b0                __hexdig_fun
 *fill*         0x000000000000a6da        0x2 ff
 .text.__gethex
                0x000000000000a6dc      0x448 /Users/hamsikapongubala/Desktop/MP3-Project/toolchains/mac/gcc-arm-none-eabi-8-2019-q3-update/bin/../lib/gcc/arm-none-eabi/8.3.1/../../../../arm-none-eabi/lib/thumb/v7e-m+fp/hard/libg_nano.a(lib_a-gdtoa-gethex.o)
                0x000000000000a6dc                __gethex
 .text.L_shift  0x000000000000ab24       0x24 /Users/hamsikapongubala/Desktop/MP3-Project/toolchains/mac/gcc-arm-none-eabi-8-2019-q3-update/bin/../lib/gcc/arm-none-eabi/8.3.1/../../../../arm-none-eabi/lib/thumb/v7e-m+fp/hard/libg_nano.a(lib_a-gdtoa-hexnan.o)
 .text.__match  0x000000000000ab48       0x28 /Users/hamsikapongubala/Desktop/MP3-Project/toolchains/mac/gcc-arm-none-eabi-8-2019-q3-update/bin/../lib/gcc/arm-none-eabi/8.3.1/../../../../arm-none-eabi/lib/thumb/v7e-m+fp/hard/libg_nano.a(lib_a-gdtoa-hexnan.o)
                0x000000000000ab48                __match
 .text.__hexnan
                0x000000000000ab70      0x120 /Users/hamsikapongubala/Desktop/MP3-Project/toolchains/mac/gcc-arm-none-eabi-8-2019-q3-update/bin/../lib/gcc/arm-none-eabi/8.3.1/../../../../arm-none-eabi/lib/thumb/v7e-m+fp/hard/libg_nano.a(lib_a-gdtoa-hexnan.o)
                0x000000000000ab70                __hexnan
 .text._getc_r  0x000000000000ac90       0x80 /Users/hamsikapongubala/Desktop/MP3-Project/toolchains/mac/gcc-arm-none-eabi-8-2019-q3-update/bin/../lib/gcc/arm-none-eabi/8.3.1/../../../../arm-none-eabi/lib/thumb/v7e-m+fp/hard/libg_nano.a(lib_a-getc.o)
                0x000000000000ac90                _getc_r
 .text._localeconv_r
                0x000000000000ad10        0x8 /Users/hamsikapongubala/Desktop/MP3-Project/toolchains/mac/gcc-arm-none-eabi-8-2019-q3-update/bin/../lib/gcc/arm-none-eabi/8.3.1/../../../../arm-none-eabi/lib/thumb/v7e-m+fp/hard/libg_nano.a(lib_a-localeconv.o)
                0x000000000000ad10                _localeconv_r
 .text.__swhatbuf_r
                0x000000000000ad18       0x48 /Users/hamsikapongubala/Desktop/MP3-Project/toolchains/mac/gcc-arm-none-eabi-8-2019-q3-update/bin/../lib/gcc/arm-none-eabi/8.3.1/../../../../arm-none-eabi/lib/thumb/v7e-m+fp/hard/libg_nano.a(lib_a-makebuf.o)
                0x000000000000ad18                __swhatbuf_r
 .text.__smakebuf_r
                0x000000000000ad60       0x80 /Users/hamsikapongubala/Desktop/MP3-Project/toolchains/mac/gcc-arm-none-eabi-8-2019-q3-update/bin/../lib/gcc/arm-none-eabi/8.3.1/../../../../arm-none-eabi/lib/thumb/v7e-m+fp/hard/libg_nano.a(lib_a-makebuf.o)
                0x000000000000ad60                __smakebuf_r
 .text.__ascii_mbtowc
                0x000000000000ade0       0x24 /Users/hamsikapongubala/Desktop/MP3-Project/toolchains/mac/gcc-arm-none-eabi-8-2019-q3-update/bin/../lib/gcc/arm-none-eabi/8.3.1/../../../../arm-none-eabi/lib/thumb/v7e-m+fp/hard/libg_nano.a(lib_a-mbtowc_r.o)
                0x000000000000ade0                __ascii_mbtowc
 *fill*         0x000000000000ae04        0xc ff
 .text          0x000000000000ae10       0xa0 /Users/hamsikapongubala/Desktop/MP3-Project/toolchains/mac/gcc-arm-none-eabi-8-2019-q3-update/bin/../lib/gcc/arm-none-eabi/8.3.1/../../../../arm-none-eabi/lib/thumb/v7e-m+fp/hard/libg_nano.a(lib_a-memchr.o)
                0x000000000000ae10                memchr
 .text.__malloc_lock
                0x000000000000aeb0        0xc /Users/hamsikapongubala/Desktop/MP3-Project/toolchains/mac/gcc-arm-none-eabi-8-2019-q3-update/bin/../lib/gcc/arm-none-eabi/8.3.1/../../../../arm-none-eabi/lib/thumb/v7e-m+fp/hard/libg_nano.a(lib_a-mlock.o)
                0x000000000000aeb0                __malloc_lock
 .text.__malloc_unlock
                0x000000000000aebc        0xc /Users/hamsikapongubala/Desktop/MP3-Project/toolchains/mac/gcc-arm-none-eabi-8-2019-q3-update/bin/../lib/gcc/arm-none-eabi/8.3.1/../../../../arm-none-eabi/lib/thumb/v7e-m+fp/hard/libg_nano.a(lib_a-mlock.o)
                0x000000000000aebc                __malloc_unlock
 .text._Balloc  0x000000000000aec8       0x68 /Users/hamsikapongubala/Desktop/MP3-Project/toolchains/mac/gcc-arm-none-eabi-8-2019-q3-update/bin/../lib/gcc/arm-none-eabi/8.3.1/../../../../arm-none-eabi/lib/thumb/v7e-m+fp/hard/libg_nano.a(lib_a-mprec.o)
                0x000000000000aec8                _Balloc
 .text._Bfree   0x000000000000af30       0x2e /Users/hamsikapongubala/Desktop/MP3-Project/toolchains/mac/gcc-arm-none-eabi-8-2019-q3-update/bin/../lib/gcc/arm-none-eabi/8.3.1/../../../../arm-none-eabi/lib/thumb/v7e-m+fp/hard/libg_nano.a(lib_a-mprec.o)
                0x000000000000af30                _Bfree
 .text.__multadd
                0x000000000000af5e       0x76 /Users/hamsikapongubala/Desktop/MP3-Project/toolchains/mac/gcc-arm-none-eabi-8-2019-q3-update/bin/../lib/gcc/arm-none-eabi/8.3.1/../../../../arm-none-eabi/lib/thumb/v7e-m+fp/hard/libg_nano.a(lib_a-mprec.o)
                0x000000000000af5e                __multadd
 .text.__s2b    0x000000000000afd4       0x7c /Users/hamsikapongubala/Desktop/MP3-Project/toolchains/mac/gcc-arm-none-eabi-8-2019-q3-update/bin/../lib/gcc/arm-none-eabi/8.3.1/../../../../arm-none-eabi/lib/thumb/v7e-m+fp/hard/libg_nano.a(lib_a-mprec.o)
                0x000000000000afd4                __s2b
 .text.__hi0bits
                0x000000000000b050       0x40 /Users/hamsikapongubala/Desktop/MP3-Project/toolchains/mac/gcc-arm-none-eabi-8-2019-q3-update/bin/../lib/gcc/arm-none-eabi/8.3.1/../../../../arm-none-eabi/lib/thumb/v7e-m+fp/hard/libg_nano.a(lib_a-mprec.o)
                0x000000000000b050                __hi0bits
 .text.__lo0bits
                0x000000000000b090       0x60 /Users/hamsikapongubala/Desktop/MP3-Project/toolchains/mac/gcc-arm-none-eabi-8-2019-q3-update/bin/../lib/gcc/arm-none-eabi/8.3.1/../../../../arm-none-eabi/lib/thumb/v7e-m+fp/hard/libg_nano.a(lib_a-mprec.o)
                0x000000000000b090                __lo0bits
 .text.__i2b    0x000000000000b0f0       0x12 /Users/hamsikapongubala/Desktop/MP3-Project/toolchains/mac/gcc-arm-none-eabi-8-2019-q3-update/bin/../lib/gcc/arm-none-eabi/8.3.1/../../../../arm-none-eabi/lib/thumb/v7e-m+fp/hard/libg_nano.a(lib_a-mprec.o)
                0x000000000000b0f0                __i2b
 .text.__multiply
                0x000000000000b102      0x120 /Users/hamsikapongubala/Desktop/MP3-Project/toolchains/mac/gcc-arm-none-eabi-8-2019-q3-update/bin/../lib/gcc/arm-none-eabi/8.3.1/../../../../arm-none-eabi/lib/thumb/v7e-m+fp/hard/libg_nano.a(lib_a-mprec.o)
                0x000000000000b102                __multiply
 *fill*         0x000000000000b222        0x2 ff
 .text.__pow5mult
                0x000000000000b224       0x9c /Users/hamsikapongubala/Desktop/MP3-Project/toolchains/mac/gcc-arm-none-eabi-8-2019-q3-update/bin/../lib/gcc/arm-none-eabi/8.3.1/../../../../arm-none-eabi/lib/thumb/v7e-m+fp/hard/libg_nano.a(lib_a-mprec.o)
                0x000000000000b224                __pow5mult
 .text.__lshift
                0x000000000000b2c0       0xa6 /Users/hamsikapongubala/Desktop/MP3-Project/toolchains/mac/gcc-arm-none-eabi-8-2019-q3-update/bin/../lib/gcc/arm-none-eabi/8.3.1/../../../../arm-none-eabi/lib/thumb/v7e-m+fp/hard/libg_nano.a(lib_a-mprec.o)
                0x000000000000b2c0                __lshift
 .text.__mcmp   0x000000000000b366       0x34 /Users/hamsikapongubala/Desktop/MP3-Project/toolchains/mac/gcc-arm-none-eabi-8-2019-q3-update/bin/../lib/gcc/arm-none-eabi/8.3.1/../../../../arm-none-eabi/lib/thumb/v7e-m+fp/hard/libg_nano.a(lib_a-mprec.o)
                0x000000000000b366                __mcmp
 .text.__mdiff  0x000000000000b39a       0xba /Users/hamsikapongubala/Desktop/MP3-Project/toolchains/mac/gcc-arm-none-eabi-8-2019-q3-update/bin/../lib/gcc/arm-none-eabi/8.3.1/../../../../arm-none-eabi/lib/thumb/v7e-m+fp/hard/libg_nano.a(lib_a-mprec.o)
                0x000000000000b39a                __mdiff
 .text.__ulp    0x000000000000b454       0x4c /Users/hamsikapongubala/Desktop/MP3-Project/toolchains/mac/gcc-arm-none-eabi-8-2019-q3-update/bin/../lib/gcc/arm-none-eabi/8.3.1/../../../../arm-none-eabi/lib/thumb/v7e-m+fp/hard/libg_nano.a(lib_a-mprec.o)
                0x000000000000b454                __ulp
 .text.__b2d    0x000000000000b4a0       0xa0 /Users/hamsikapongubala/Desktop/MP3-Project/toolchains/mac/gcc-arm-none-eabi-8-2019-q3-update/bin/../lib/gcc/arm-none-eabi/8.3.1/../../../../arm-none-eabi/lib/thumb/v7e-m+fp/hard/libg_nano.a(lib_a-mprec.o)
                0x000000000000b4a0                __b2d
 .text.__d2b    0x000000000000b540       0x9c /Users/hamsikapongubala/Desktop/MP3-Project/toolchains/mac/gcc-arm-none-eabi-8-2019-q3-update/bin/../lib/gcc/arm-none-eabi/8.3.1/../../../../arm-none-eabi/lib/thumb/v7e-m+fp/hard/libg_nano.a(lib_a-mprec.o)
                0x000000000000b540                __d2b
 .text.__ratio  0x000000000000b5dc       0x66 /Users/hamsikapongubala/Desktop/MP3-Project/toolchains/mac/gcc-arm-none-eabi-8-2019-q3-update/bin/../lib/gcc/arm-none-eabi/8.3.1/../../../../arm-none-eabi/lib/thumb/v7e-m+fp/hard/libg_nano.a(lib_a-mprec.o)
                0x000000000000b5dc                __ratio
 .text.__copybits
                0x000000000000b642       0x34 /Users/hamsikapongubala/Desktop/MP3-Project/toolchains/mac/gcc-arm-none-eabi-8-2019-q3-update/bin/../lib/gcc/arm-none-eabi/8.3.1/../../../../arm-none-eabi/lib/thumb/v7e-m+fp/hard/libg_nano.a(lib_a-mprec.o)
                0x000000000000b642                __copybits
 .text.__any_on
                0x000000000000b676       0x42 /Users/hamsikapongubala/Desktop/MP3-Project/toolchains/mac/gcc-arm-none-eabi-8-2019-q3-update/bin/../lib/gcc/arm-none-eabi/8.3.1/../../../../arm-none-eabi/lib/thumb/v7e-m+fp/hard/libg_nano.a(lib_a-mprec.o)