Archive member included to satisfy reference by file (symbol)

/Users/hamsikapongubala/Desktop/MP3-Project/toolchains/mac/gcc-arm-none-eabi-8-2019-q3-update/bin/../lib/gcc/arm-none-eabi/8.3.1/thumb/v7e-m+fp/hard/libgcc.a(_aeabi_ldivmod.o)
                              _build_lpc40xx_freertos/obj/tasks.o (__aeabi_ldivmod)
/Users/hamsikapongubala/Desktop/MP3-Project/toolchains/mac/gcc-arm-none-eabi-8-2019-q3-update/bin/../lib/gcc/arm-none-eabi/8.3.1/thumb/v7e-m+fp/hard/libgcc.a(_aeabi_uldivmod.o)
                              _build_lpc40xx_freertos/obj/delay.o (__aeabi_uldivmod)
/Users/hamsikapongubala/Desktop/MP3-Project/toolchains/mac/gcc-arm-none-eabi-8-2019-q3-update/bin/../lib/gcc/arm-none-eabi/8.3.1/thumb/v7e-m+fp/hard/libgcc.a(_udivmoddi4.o)
                              /Users/hamsikapongubala/Desktop/MP3-Project/toolchains/mac/gcc-arm-none-eabi-8-2019-q3-update/bin/../lib/gcc/arm-none-eabi/8.3.1/thumb/v7e-m+fp/hard/libgcc.a(_aeabi_ldivmod.o) (__udivmoddi4)
/Users/hamsikapongubala/Desktop/MP3-Project/toolchains/mac/gcc-arm-none-eabi-8-2019-q3-update/bin/../lib/gcc/arm-none-eabi/8.3.1/thumb/v7e-m+fp/hard/libgcc.a(_dvmd_tls.o)
                              /Users/hamsikapongubala/Desktop/MP3-Project/toolchains/mac/gcc-arm-none-eabi-8-2019-q3-update/bin/../lib/gcc/arm-none-eabi/8.3.1/thumb/v7e-m+fp/hard/libgcc.a(_aeabi_ldivmod.o) (__aeabi_ldiv0)
/Users/hamsikapongubala/Desktop/MP3-Project/toolchains/mac/gcc-arm-none-eabi-8-2019-q3-update/bin/../lib/gcc/arm-none-eabi/8.3.1/../../../../arm-none-eabi/lib/thumb/v7e-m+fp/hard/libg_nano.a(lib_a-atof.o)
                              _build_lpc40xx_freertos/obj/sl_string.o (atof)
/Users/hamsikapongubala/Desktop/MP3-Project/toolchains/mac/gcc-arm-none-eabi-8-2019-q3-update/bin/../lib/gcc/arm-none-eabi/8.3.1/../../../../arm-none-eabi/lib/thumb/v7e-m+fp/hard/libg_nano.a(lib_a-atoi.o)
                              _build_lpc40xx_freertos/obj/sl_string.o (atoi)
/Users/hamsikapongubala/Desktop/MP3-Project/toolchains/mac/gcc-arm-none-eabi-8-2019-q3-update/bin/../lib/gcc/arm-none-eabi/8.3.1/../../../../arm-none-eabi/lib/thumb/v7e-m+fp/hard/libg_nano.a(lib_a-ctype_.o)
                              _build_lpc40xx_freertos/obj/sl_string.o (_ctype_)
/Users/hamsikapongubala/Desktop/MP3-Project/toolchains/mac/gcc-arm-none-eabi-8-2019-q3-update/bin/../lib/gcc/arm-none-eabi/8.3.1/../../../../arm-none-eabi/lib/thumb/v7e-m+fp/hard/libg_nano.a(lib_a-fprintf.o)
                              _build_lpc40xx_freertos/obj/interrupt_vector_table.o (fprintf)
/Users/hamsikapongubala/Desktop/MP3-Project/toolchains/mac/gcc-arm-none-eabi-8-2019-q3-update/bin/../lib/gcc/arm-none-eabi/8.3.1/../../../../arm-none-eabi/lib/thumb/v7e-m+fp/hard/libg_nano.a(lib_a-fputs.o)
                              _build_lpc40xx_freertos/obj/entry_point.o (fputs)
/Users/hamsikapongubala/Desktop/MP3-Project/toolchains/mac/gcc-arm-none-eabi-8-2019-q3-update/bin/../lib/gcc/arm-none-eabi/8.3.1/../../../../arm-none-eabi/lib/thumb/v7e-m+fp/hard/libg_nano.a(lib_a-getchar.o)
                              _build_lpc40xx_freertos/obj/sj2_cli.o (getchar)
/Users/hamsikapongubala/Desktop/MP3-Project/toolchains/mac/gcc-arm-none-eabi-8-2019-q3-update/bin/../lib/gcc/arm-none-eabi/8.3.1/../../../../arm-none-eabi/lib/thumb/v7e-m+fp/hard/libg_nano.a(lib_a-impure.o)
                              _build_lpc40xx_freertos/obj/entry_point.o (_impure_ptr)
/Users/hamsikapongubala/Desktop/MP3-Project/toolchains/mac/gcc-arm-none-eabi-8-2019-q3-update/bin/../lib/gcc/arm-none-eabi/8.3.1/../../../../arm-none-eabi/lib/thumb/v7e-m+fp/hard/libg_nano.a(lib_a-lock.o)
                              /Users/hamsikapongubala/Desktop/MP3-Project/toolchains/mac/gcc-arm-none-eabi-8-2019-q3-update/bin/../lib/gcc/arm-none-eabi/8.3.1/../../../../arm-none-eabi/lib/thumb/v7e-m+fp/hard/libg_nano.a(lib_a-fputs.o) (__retarget_lock_acquire_recursive)
/Users/hamsikapongubala/Desktop/MP3-Project/toolchains/mac/gcc-arm-none-eabi-8-2019-q3-update/bin/../lib/gcc/arm-none-eabi/8.3.1/../../../../arm-none-eabi/lib/thumb/v7e-m+fp/hard/libg_nano.a(lib_a-malloc.o)
                              _build_lpc40xx_freertos/obj/heap_3.o (malloc)
/Users/hamsikapongubala/Desktop/MP3-Project/toolchains/mac/gcc-arm-none-eabi-8-2019-q3-update/bin/../lib/gcc/arm-none-eabi/8.3.1/../../../../arm-none-eabi/lib/thumb/v7e-m+fp/hard/libg_nano.a(lib_a-memcpy-stub.o)
                              _build_lpc40xx_freertos/obj/sl_string.o (memcpy)
/Users/hamsikapongubala/Desktop/MP3-Project/toolchains/mac/gcc-arm-none-eabi-8-2019-q3-update/bin/../lib/gcc/arm-none-eabi/8.3.1/../../../../arm-none-eabi/lib/thumb/v7e-m+fp/hard/libg_nano.a(lib_a-memmove.o)
                              _build_lpc40xx_freertos/obj/sl_string.o (memmove)
/Users/hamsikapongubala/Desktop/MP3-Project/toolchains/mac/gcc-arm-none-eabi-8-2019-q3-update/bin/../lib/gcc/arm-none-eabi/8.3.1/../../../../arm-none-eabi/lib/thumb/v7e-m+fp/hard/libg_nano.a(lib_a-memset.o)
[...]
Memory Configuration

Name             Origin             Length             Attributes
flash_512k       0x0000000000000000 0x0000000000080000 xr
ram_64k          0x0000000010000000 0x0000000000010000 xrw
ram_32k          0x0000000020000000 0x0000000000008000 xrw
*default*        0x0000000000000000 0xffffffffffffffff

Linker script and memory map

LOAD _build_lpc40xx_freertos/obj/entry_point.o
LOAD _build_lpc40xx_freertos/obj/interrupt_vector_table.o
LOAD _build_lpc40xx_freertos/obj/clock.o
LOAD _build_lpc40xx_freertos/obj/crash.o
LOAD _build_lpc40xx_freertos/obj/syscall.o
LOAD _build_lpc40xx_freertos/obj/startup.o
LOAD _build_lpc40xx_freertos/obj/acceleration.o
LOAD _build_lpc40xx_freertos/obj/sensors.o
LOAD _build_lpc40xx_freertos/obj/ff.o
LOAD _build_lpc40xx_freertos/obj/ffsystem.o
LOAD _build_lpc40xx_freertos/obj/ffunicode.o
LOAD _build_lpc40xx_freertos/obj/disk_glue_logic.o
LOAD _build_lpc40xx_freertos/obj/fatfs_time.o
LOAD _build_lpc40xx_freertos/obj/sd_card.o
LOAD _build_lpc40xx_freertos/obj/system_calls.o
LOAD _build_lpc40xx_freertos/obj/app_cli.o
LOAD _build_lpc40xx_freertos/obj/sj2_cli.o
LOAD _build_lpc40xx_freertos/obj/handler_i2c.o
LOAD _build_lpc40xx_freertos/obj/handlers_general.o
LOAD _build_lpc40xx_freertos/obj/file_io_example.o
LOAD _build_lpc40xx_freertos/obj/delay.o
LOAD _build_lpc40xx_freertos/obj/peripherals_init.o
LOAD _build_lpc40xx_freertos/obj/ssp2_mutex.o
LOAD _build_lpc40xx_freertos/obj/sys_time.o
LOAD _build_lpc40xx_freertos/obj/uart_printf.o
LOAD _build_lpc40xx_freertos/obj/main.o
LOAD _build_lpc40xx_freertos/obj/rtos_hooks.o
LOAD _build_lpc40xx_freertos/obj/periodic_callbacks.o
LOAD _build_lpc40xx_freertos/obj/periodic_scheduler.o
LOAD _build_lpc40xx_freertos/obj/leightweight_lock.o
LOAD _build_lpc40xx_freertos/obj/sl_string.o
LOAD _build_lpc40xx_freertos/obj/freertos_interrupt_handlers.o
LOAD _build_lpc40xx_freertos/obj/trcKernelPort.o
LOAD _build_lpc40xx_freertos/obj/trcSnapshotRecorder.o
LOAD _build_lpc40xx_freertos/obj/trcStreamingPort.o
LOAD _build_lpc40xx_freertos/obj/trcStreamingRecorder.o
LOAD _build_lpc40xx_freertos/obj/port.o
LOAD _build_lpc40xx_freertos/obj/heap_3.o
LOAD _build_lpc40xx_freertos/obj/croutine.o
LOAD _build_lpc40xx_freertos/obj/event_groups.o
LOAD _build_lpc40xx_freertos/obj/list.o
LOAD _build_lpc40xx_freertos/obj/queue.o
LOAD _build_lpc40xx_freertos/obj/stream_buffer.o
LOAD _build_lpc40xx_freertos/obj/tasks.o
LOAD _build_lpc40xx_freertos/obj/timers.o
LOAD _build_lpc40xx_freertos/obj/adc.o
LOAD _build_lpc40xx_freertos/obj/board_io.o
LOAD _build_lpc40xx_freertos/obj/can_bus.o
LOAD _build_lpc40xx_freertos/obj/gpio.o
LOAD _build_lpc40xx_freertos/obj/gpio_isr.o
LOAD _build_lpc40xx_freertos/obj/gpio_lab.o
LOAD _build_lpc40xx_freertos/obj/hw_timer.o
LOAD _build_lpc40xx_freertos/obj/i2c.o
LOAD _build_lpc40xx_freertos/obj/i2c_slave_init.o
LOAD _build_lpc40xx_freertos/obj/lcd.o
LOAD _build_lpc40xx_freertos/obj/lpc_peripherals.o
LOAD _build_lpc40xx_freertos/obj/mp3_decoder.o
LOAD _build_lpc40xx_freertos/obj/pwm1.o
LOAD _build_lpc40xx_freertos/obj/ssp2.o
LOAD _build_lpc40xx_freertos/obj/ssp2_lab.o
LOAD _build_lpc40xx_freertos/obj/uart.o
LOAD _build_lpc40xx_freertos/obj/uart_lab.o
LOAD /Users/hamsikapongubala/Desktop/MP3-Project/toolchains/mac/gcc-arm-none-eabi-8-2019-q3-update/bin/../lib/gcc/arm-none-eabi/8.3.1/../../../../arm-none-eabi/lib/thumb/v7e-m+fp/hard/libm.a
START GROUP
LOAD /Users/hamsikapongubala/Desktop/MP3-Project/toolchains/mac/gcc-arm-none-eabi-8-2019-q3-update/bin/../lib/gcc/arm-none-eabi/8.3.1/thumb/v7e-m+fp/hard/libgcc.a
LOAD /Users/hamsikapongubala/Desktop/MP3-Project/toolchains/mac/gcc-arm-none-eabi-8-2019-q3-update/bin/../lib/gcc/arm-none-eabi/8.3.1/../../../../arm-none-eabi/lib/thumb/v7e-m+fp/hard/libg_nano.a
LOAD /Users/hamsikapongubala/Desktop/MP3-Project/toolchains/mac/gcc-arm-none-eabi-8-2019-q3-update/bin/../lib/gcc/arm-none-eabi/8.3.1/../../../../arm-none-eabi/lib/thumb/v7e-m+fp/hard/libc_nano.a
END GROUP
START GROUP
LOAD /Users/hamsikapongubala/Desktop/MP3-Project/toolchains/mac/gcc-arm-none-eabi-8-2019-q3-update/bin/../lib/gcc/arm-none-eabi/8.3.1/thumb/v7e-m+fp/hard/libgcc.a
LOAD /Users/hamsikapongubala/Desktop/MP3-Project/toolchains/mac/gcc-arm-none-eabi-8-2019-q3-update/bin/../lib/gcc/arm-none-eabi/8.3.1/../../../../arm-none-eabi/lib/thumb/v7e-m+fp/hard/libc_nano.a
LOAD /Users/hamsikapongubala/Desktop/MP3-Project/toolchains/mac/gcc-arm-none-eabi-8-2019-q3-update/bin/../lib/gcc/arm-none-eabi/8.3.1/../../../../arm-none-eabi/lib/thumb/v7e-m+fp/hard/libnosys.a
END GROUP
START GROUP
LOAD /Users/hamsikapongubala/Desktop/MP3-Project/toolchains/mac/gcc-arm-none-eabi-8-2019-q3-update/bin/../lib/gcc/arm-none-eabi/8.3.1/thumb/v7e-m+fp/hard/libgcc.a
LOAD /Users/hamsikapongubala/Desktop/MP3-Project/toolchains/mac/gcc-arm-none-eabi-8-2019-q3-update/bin/../lib/gcc/arm-none-eabi/8.3.1/../../../../arm-none-eabi/lib/thumb/v7e-m+fp/hard/libc_nano.a
LOAD /Users/hamsikapongubala/Desktop/MP3-Project/toolchains/mac/gcc-arm-none-eabi-8-2019-q3-update/bin/../lib/gcc/arm-none-eabi/8.3.1/../../../../arm-none-eabi/lib/thumb/v7e-m+fp/hard/libnosys.a
END GROUP
                0x0000000000000000                __base_flash = ORIGIN (flash_512k)
                0x0000000000080000                __top_flash = (__base_flash + LENGTH (flash_512k))
                0x0000000010000000                __base_ram_64k = ORIGIN (ram_64k)
                0x0000000010010000                __top_ram_64k = (__base_ram_64k + LENGTH (ram_64k))
                0x0000000020000000                __base_ram_32k = ORIGIN (ram_32k)
                0x0000000020008000                __top_ram_32k = (__base_ram_32k + LENGTH (ram_32k))

.text           0x0000000000000000     0x9e3c
 FILL mask 0xff
 *(.interrupt_vector_table)
 .interrupt_vector_table
                0x0000000000000000       0xe4 _build_lpc40xx_freertos/obj/interrupt_vector_table.o
                0x0000000000000000                interrupt_vector_table
                0x00000000000000e4                . = ALIGN (0x4)
 *(.init)
                0x00000000000000e4                . = ALIGN (0x4)
                0x00000000000000e4                __preinit_array_start = .
 *(.preinit_array)
                0x00000000000000e4                __preinit_array_end = .
                0x00000000000000e4                . = ALIGN (0x4)
                0x00000000000000e4                __init_array_start = .
 *(SORT_BY_NAME(.init_array.*))
 *(.init_array)
                0x00000000000000e4                __init_array_end = .
 *(.fini)
                0x00000000000000e4                . = ALIGN (0x4)
 *crtbegin.o(.ctors)
 *(EXCLUDE_FILE(*crtend.o) .ctors)
 *(SORT_BY_NAME(.ctors.*))
 *crtend.o(.ctors)
                0x00000000000000e4                . = ALIGN (0x4)
 *crtbegin.o(.dtors)
 *(EXCLUDE_FILE(*crtend.o) .dtors)
 *(SORT_BY_NAME(.dtors.*))
 *crtend.o(.dtors)
 *(.text*)
 .text.entry_point
                0x00000000000000e4       0x74 _build_lpc40xx_freertos/obj/entry_point.o
                0x00000000000000e4                entry_point
 .text.isr_hard_fault
                0x0000000000000158       0x1a _build_lpc40xx_freertos/obj/interrupt_vector_table.o
 *fill*         0x0000000000000172        0x2 ff
 .text.halt     0x0000000000000174       0x5c _build_lpc40xx_freertos/obj/interrupt_vector_table.o
 .text.isr_hard_fault_handler
                0x00000000000001d0       0x4c _build_lpc40xx_freertos/obj/interrupt_vector_table.o
                0x00000000000001d0                isr_hard_fault_handler
 .text.clock__get_core_clock_hz
                0x000000000000021c        0x8 _build_lpc40xx_freertos/obj/clock.o
                0x000000000000021c                clock__get_core_clock_hz
 .text.clock__get_peripheral_clock_hz
                0x0000000000000224        0x8 _build_lpc40xx_freertos/obj/clock.o
                0x0000000000000224                clock__get_peripheral_clock_hz
 .text.clock__initialize_system_clock_96mhz
                0x000000000000022c       0x40 _build_lpc40xx_freertos/obj/clock.o
                0x000000000000022c                clock__initialize_system_clock_96mhz
 .text.crash__record_get
                0x000000000000026c       0x18 _build_lpc40xx_freertos/obj/crash.o
                0x000000000000026c                crash__record_get
 .text.crash__report_if_occurred
                0x0000000000000284       0xc0 _build_lpc40xx_freertos/obj/crash.o
                0x0000000000000284                crash__report_if_occurred
 .text._sbrk    0x0000000000000344       0x54 _build_lpc40xx_freertos/obj/syscall.o
                0x0000000000000344                _sbrk
 .text.startup__initialize_ram
                0x0000000000000398       0x3c _build_lpc40xx_freertos/obj/startup.o
                0x0000000000000398                startup__initialize_ram
 .text.startup__initialize_fpu
                0x00000000000003d4       0x14 _build_lpc40xx_freertos/obj/startup.o
                0x00000000000003d4                startup__initialize_fpu
 .text.startup__initialize_interrupts
                0x00000000000003e8       0x18 _build_lpc40xx_freertos/obj/startup.o
                0x00000000000003e8                startup__initialize_interrupts
 .text.acceleration__init
                0x0000000000000400       0x22 _build_lpc40xx_freertos/obj/acceleration.o
                0x0000000000000400                acceleration__init
 .text.sensors__init
                0x0000000000000422        0x4 _build_lpc40xx_freertos/obj/sensors.o
                0x0000000000000422                sensors__init
 .text.ld_dword
                0x0000000000000426       0x10 _build_lpc40xx_freertos/obj/ff.o
 .text.mem_cmp  0x0000000000000436       0x1c _build_lpc40xx_freertos/obj/ff.o
 .text.get_ldnumber
                0x0000000000000452       0x2a _build_lpc40xx_freertos/obj/ff.o
 .text.sync_window.part.6
                0x000000000000047c       0x40 _build_lpc40xx_freertos/obj/ff.o
 .text.move_window
                0x00000000000004bc       0x44 _build_lpc40xx_freertos/obj/ff.o
 .text.check_fs
                0x0000000000000500       0x74 _build_lpc40xx_freertos/obj/ff.o
 .text.find_volume
                0x0000000000000574      0x2c0 _build_lpc40xx_freertos/obj/ff.o
 .text.unlock_fs
                0x0000000000000834       0x16 _build_lpc40xx_freertos/obj/ff.o
 *fill*         0x000000000000084a        0x2 ff
 .text.f_mount  0x000000000000084c       0x70 _build_lpc40xx_freertos/obj/ff.o
                0x000000000000084c                f_mount
 .text.ff_cre_syncobj
                0x00000000000008bc       0x14 _build_lpc40xx_freertos/obj/ffsystem.o
                0x00000000000008bc                ff_cre_syncobj
 .text.ff_del_syncobj
                0x00000000000008d0        0xa _build_lpc40xx_freertos/obj/ffsystem.o
                0x00000000000008d0                ff_del_syncobj
 .text.ff_req_grant
                0x00000000000008da       0x12 _build_lpc40xx_freertos/obj/ffsystem.o
                0x00000000000008da                ff_req_grant
 .text.ff_rel_grant
                0x00000000000008ec        0xa _build_lpc40xx_freertos/obj/ffsystem.o
                0x00000000000008ec                ff_rel_grant
 .text.disk_initialize
                0x00000000000008f6       0x1c _build_lpc40xx_freertos/obj/disk_glue_logic.o
                0x00000000000008f6                disk_initialize
 .text.disk_status
                0x0000000000000912        0xa _build_lpc40xx_freertos/obj/disk_glue_logic.o
                0x0000000000000912                disk_status
 .text.disk_read
                0x000000000000091c       0x28 _build_lpc40xx_freertos/obj/disk_glue_logic.o
                0x000000000000091c                disk_read
 .text.disk_write
                0x0000000000000944       0x28 _build_lpc40xx_freertos/obj/disk_glue_logic.o
                0x0000000000000944                disk_write
 .text.sd_card__wait_for_ready
                0x000000000000096c       0x28 _build_lpc40xx_freertos/obj/sd_card.o
 .text.sd_card__power_off
                0x0000000000000994       0x20 _build_lpc40xx_freertos/obj/sd_card.o
 .text.sd_card__transmit_datablock
                0x00000000000009b4       0x5a _build_lpc40xx_freertos/obj/sd_card.o
 .text.sd_card__send_command
                0x0000000000000a0e       0x86 _build_lpc40xx_freertos/obj/sd_card.o
 .text.sd_card__read_datablock
                0x0000000000000a94       0x42 _build_lpc40xx_freertos/obj/sd_card.o
 *fill*         0x0000000000000ad6        0x2 ff
 .text.sd_card__update_status
                0x0000000000000ad8       0x20 _build_lpc40xx_freertos/obj/sd_card.o
                0x0000000000000ad8                sd_card__update_status
 .text.sd_card__initialize
                0x0000000000000af8      0x13c _build_lpc40xx_freertos/obj/sd_card.o
                0x0000000000000af8                sd_card__initialize
 .text.sd_card__status
                0x0000000000000c34       0x10 _build_lpc40xx_freertos/obj/sd_card.o
                0x0000000000000c34                sd_card__status
 .text.sd_card__read
                0x0000000000000c44       0x8c _build_lpc40xx_freertos/obj/sd_card.o
                0x0000000000000c44                sd_card__read
 .text.sd_card__write
                0x0000000000000cd0       0xa8 _build_lpc40xx_freertos/obj/sd_card.o
                0x0000000000000cd0                sd_card__write
 .text.system_calls__print_and_halt
                0x0000000000000d78       0x1e _build_lpc40xx_freertos/obj/system_calls.o
 *fill*         0x0000000000000d96        0x2 ff
 .text._isatty  0x0000000000000d98       0x28 _build_lpc40xx_freertos/obj/system_calls.o
                0x0000000000000d98                _isatty
 .text._write   0x0000000000000dc0       0x70 _build_lpc40xx_freertos/obj/system_calls.o
                0x0000000000000dc0                _write
 .text._read    0x0000000000000e30       0x1c _build_lpc40xx_freertos/obj/system_calls.o
                0x0000000000000e30                _read
 .text.delay__us
                0x0000000000000e4c       0x40 _build_lpc40xx_freertos/obj/delay.o
                0x0000000000000e4c                delay__us
 .text.delay__ms
                0x0000000000000e8c        0xc _build_lpc40xx_freertos/obj/delay.o
                0x0000000000000e8c                delay__ms
 .text.peripherals_init
                0x0000000000000e98      0x120 _build_lpc40xx_freertos/obj/peripherals_init.o
                0x0000000000000e98                peripherals_init
 .text.spi2_mutex__acquire
                0x0000000000000fb8       0x34 _build_lpc40xx_freertos/obj/ssp2_mutex.o
                0x0000000000000fb8                spi2_mutex__acquire
 .text.spi2_mutex__release
                0x0000000000000fec       0x24 _build_lpc40xx_freertos/obj/ssp2_mutex.o
                0x0000000000000fec                spi2_mutex__release
 .text.sys_time__one_minute_isr
                0x0000000000001010       0x24 _build_lpc40xx_freertos/obj/sys_time.o
 .text.sys_time__init
                0x0000000000001034       0x2c _build_lpc40xx_freertos/obj/sys_time.o
                0x0000000000001034                sys_time__init
 .text.sys_time__get_uptime_us
                0x0000000000001060       0x2c _build_lpc40xx_freertos/obj/sys_time.o
                0x0000000000001060                sys_time__get_uptime_us
 .text.sys_time__get_uptime_ms
                0x000000000000108c       0x12 _build_lpc40xx_freertos/obj/sys_time.o
                0x000000000000108c                sys_time__get_uptime_ms
 .text.uart_puts__polled
                0x000000000000109e       0x2a _build_lpc40xx_freertos/obj/uart_printf.o
                0x000000000000109e                uart_puts__polled
 .text.startup.main
                0x00000000000010c8       0x68 _build_lpc40xx_freertos/obj/main.o
                0x00000000000010c8                main
 .text.vApplicationStackOverflowHook
                0x0000000000001130       0x1c _build_lpc40xx_freertos/obj/rtos_hooks.o
                0x0000000000001130                vApplicationStackOverflowHook
 .text.vApplicationMallocFailedHook
                0x000000000000114c       0x10 _build_lpc40xx_freertos/obj/rtos_hooks.o
                0x000000000000114c                vApplicationMallocFailedHook
 .text.vApplicationIdleHook
                0x000000000000115c       0x10 _build_lpc40xx_freertos/obj/rtos_hooks.o
                0x000000000000115c                vApplicationIdleHook
 .text.configASSERT_callback
                0x000000000000116c       0x40 _build_lpc40xx_freertos/obj/rtos_hooks.o
                0x000000000000116c                configASSERT_callback
 .text.vApplicationGetIdleTaskMemory
                0x00000000000011ac       0x18 _build_lpc40xx_freertos/obj/rtos_hooks.o
                0x00000000000011ac                vApplicationGetIdleTaskMemory
 .text.freertos_hooks__get_run_time_counter_value
                0x00000000000011c4       0x14 _build_lpc40xx_freertos/obj/rtos_hooks.o
                0x00000000000011c4                freertos_hooks__get_run_time_counter_value
 .text.vPortSVCHandler_wrapper
                0x00000000000011d8        0x4 _build_lpc40xx_freertos/obj/freertos_interrupt_handlers.o
                0x00000000000011d8                vPortSVCHandler_wrapper
 .text.xPortPendSVHandler_wrapper
                0x00000000000011dc        0x4 _build_lpc40xx_freertos/obj/freertos_interrupt_handlers.o
                0x00000000000011dc                xPortPendSVHandler_wrapper
 .text.xPortSysTickHandler_wrapper
                0x00000000000011e0        0x4 _build_lpc40xx_freertos/obj/freertos_interrupt_handlers.o
                0x00000000000011e0                xPortSysTickHandler_wrapper
 .text.prvPortStartFirstTask
                0x00000000000011e4       0x28 _build_lpc40xx_freertos/obj/port.o
 .text.vPortEnableVFP
                0x000000000000120c       0x14 _build_lpc40xx_freertos/obj/port.o
 .text.prvTaskExitError
                0x0000000000001220       0x3c _build_lpc40xx_freertos/obj/port.o
 .text.pxPortInitialiseStack
                0x000000000000125c       0x2c _build_lpc40xx_freertos/obj/port.o
                0x000000000000125c                pxPortInitialiseStack
 *fill*         0x0000000000001288        0x8 ff
 .text.vPortSVCHandler
                0x0000000000001290       0x24 _build_lpc40xx_freertos/obj/port.o
                0x0000000000001290                vPortSVCHandler
 .text.vPortEnterCritical
                0x00000000000012b4       0x44 _build_lpc40xx_freertos/obj/port.o
                0x00000000000012b4                vPortEnterCritical
 .text.vPortExitCritical
                0x00000000000012f8       0x28 _build_lpc40xx_freertos/obj/port.o
                0x00000000000012f8                vPortExitCritical
 .text.xPortPendSVHandler
                0x0000000000001320       0x64 _build_lpc40xx_freertos/obj/port.o
                0x0000000000001320                xPortPendSVHandler
 .text.xPortSysTickHandler
                0x0000000000001384       0x2c _build_lpc40xx_freertos/obj/port.o
                0x0000000000001384                xPortSysTickHandler
 .text.vPortSetupTimerInterrupt
                0x00000000000013b0       0x30 _build_lpc40xx_freertos/obj/port.o
                0x00000000000013b0                vPortSetupTimerInterrupt
 .text.xPortStartScheduler
                0x00000000000013e0      0x100 _build_lpc40xx_freertos/obj/port.o
                0x00000000000013e0                xPortStartScheduler
 .text.vPortValidateInterruptPriority
                0x00000000000014e0       0x58 _build_lpc40xx_freertos/obj/port.o
                0x00000000000014e0                vPortValidateInterruptPriority
 .text.pvPortMalloc
                0x0000000000001538       0x1e _build_lpc40xx_freertos/obj/heap_3.o
                0x0000000000001538                pvPortMalloc
 .text.vPortFree
                0x0000000000001556       0x1a _build_lpc40xx_freertos/obj/heap_3.o
                0x0000000000001556                vPortFree
 .text.vListInitialise
                0x0000000000001570       0x16 _build_lpc40xx_freertos/obj/list.o
                0x0000000000001570                vListInitialise
 .text.vListInitialiseItem
                0x0000000000001586        0x6 _build_lpc40xx_freertos/obj/list.o
                0x0000000000001586                vListInitialiseItem
 .text.vListInsertEnd
                0x000000000000158c       0x18 _build_lpc40xx_freertos/obj/list.o
                0x000000000000158c                vListInsertEnd
 .text.vListInsert
                0x00000000000015a4       0x2e _build_lpc40xx_freertos/obj/list.o
                0x00000000000015a4                vListInsert
 .text.uxListRemove
                0x00000000000015d2       0x20 _build_lpc40xx_freertos/obj/list.o
                0x00000000000015d2                uxListRemove
 .text.prvIsQueueEmpty
                0x00000000000015f2       0x16 _build_lpc40xx_freertos/obj/queue.o
 .text.prvCopyDataToQueue
                0x0000000000001608       0x6a _build_lpc40xx_freertos/obj/queue.o
 .text.prvCopyDataFromQueue
                0x0000000000001672       0x2a _build_lpc40xx_freertos/obj/queue.o
 .text.prvUnlockQueue
                0x000000000000169c       0x70 _build_lpc40xx_freertos/obj/queue.o
 .text.xQueueGenericReset
                0x000000000000170c       0x7c _build_lpc40xx_freertos/obj/queue.o
                0x000000000000170c                xQueueGenericReset
 .text.xQueueGenericCreateStatic
                0x0000000000001788       0x94 _build_lpc40xx_freertos/obj/queue.o
                0x0000000000001788                xQueueGenericCreateStatic
 .text.xQueueGenericCreate
                0x000000000000181c       0x4c _build_lpc40xx_freertos/obj/queue.o
                0x000000000000181c                xQueueGenericCreate
 .text.xQueueGenericSend
                0x0000000000001868      0x15c _build_lpc40xx_freertos/obj/queue.o
                0x0000000000001868                xQueueGenericSend
 .text.xQueueCreateMutexStatic
                0x00000000000019c4       0x2a _build_lpc40xx_freertos/obj/queue.o
                0x00000000000019c4                xQueueCreateMutexStatic
 .text.xQueueCreateMutex
                0x00000000000019ee       0x24 _build_lpc40xx_freertos/obj/queue.o
                0x00000000000019ee                xQueueCreateMutex
 *fill*         0x0000000000001a12        0x2 ff
 .text.xQueueGenericSendFromISR
                0x0000000000001a14       0xbc _build_lpc40xx_freertos/obj/queue.o
                0x0000000000001a14                xQueueGenericSendFromISR
 .text.xQueueGiveFromISR
                0x0000000000001ad0       0xa4 _build_lpc40xx_freertos/obj/queue.o
                0x0000000000001ad0                xQueueGiveFromISR
 .text.xQueueReceive
                0x0000000000001b74      0x13c _build_lpc40xx_freertos/obj/queue.o
                0x0000000000001b74                xQueueReceive
 .text.xQueueSemaphoreTake
                0x0000000000001cb0      0x180 _build_lpc40xx_freertos/obj/queue.o
                0x0000000000001cb0                xQueueSemaphoreTake
 .text.xQueueReceiveFromISR
                0x0000000000001e30       0x9c _build_lpc40xx_freertos/obj/queue.o
                0x0000000000001e30                xQueueReceiveFromISR
 .text.vQueueDelete
                0x0000000000001ecc       0x24 _build_lpc40xx_freertos/obj/queue.o
                0x0000000000001ecc                vQueueDelete
 .text.prvAddNewTaskToReadyList
                0x0000000000001ef0       0xf4 _build_lpc40xx_freertos/obj/tasks.o
 .text.prvIdleTask
                0x0000000000001fe4       0x28 _build_lpc40xx_freertos/obj/tasks.o
 .text.prvResetNextTaskUnblockTime
                0x000000000000200c       0x24 _build_lpc40xx_freertos/obj/tasks.o
 .text.prvInitialiseNewTask.isra.2
                0x0000000000002030       0x98 _build_lpc40xx_freertos/obj/tasks.o
 .text.prvAddCurrentTaskToDelayedList
                0x00000000000020c8       0x8c _build_lpc40xx_freertos/obj/tasks.o
 .text.xTaskCreateStatic
                0x0000000000002154       0x6c _build_lpc40xx_freertos/obj/tasks.o
                0x0000000000002154                xTaskCreateStatic
 .text.vTaskStartScheduler
                0x00000000000021c0       0x74 _build_lpc40xx_freertos/obj/tasks.o
                0x00000000000021c0                vTaskStartScheduler
 .text.vTaskSuspendAll
                0x0000000000002234       0x10 _build_lpc40xx_freertos/obj/tasks.o
                0x0000000000002234                vTaskSuspendAll
 .text.xTaskIncrementTick
                0x0000000000002244      0x124 _build_lpc40xx_freertos/obj/tasks.o
                0x0000000000002244                xTaskIncrementTick
 .text.xTaskResumeAll
                0x0000000000002368       0xec _build_lpc40xx_freertos/obj/tasks.o
                0x0000000000002368                xTaskResumeAll
 .text.vTaskDelay
                0x0000000000002454       0x48 _build_lpc40xx_freertos/obj/tasks.o
                0x0000000000002454                vTaskDelay
 .text.vTaskSwitchContext
                0x000000000000249c       0xbc _build_lpc40xx_freertos/obj/tasks.o
                0x000000000000249c                vTaskSwitchContext
 .text.vTaskPlaceOnEventList
                0x0000000000002558       0x30 _build_lpc40xx_freertos/obj/tasks.o
                0x0000000000002558                vTaskPlaceOnEventList
 .text.xTaskRemoveFromEventList
                0x0000000000002588       0x80 _build_lpc40xx_freertos/obj/tasks.o
                0x0000000000002588                xTaskRemoveFromEventList
 .text.vTaskInternalSetTimeOutState
                0x0000000000002608       0x18 _build_lpc40xx_freertos/obj/tasks.o
                0x0000000000002608                vTaskInternalSetTimeOutState
 .text.xTaskCheckForTimeOut
                0x0000000000002620       0x74 _build_lpc40xx_freertos/obj/tasks.o
                0x0000000000002620                xTaskCheckForTimeOut
 .text.vTaskMissedYield
                0x0000000000002694        0xc _build_lpc40xx_freertos/obj/tasks.o
                0x0000000000002694                vTaskMissedYield
 .text.xTaskGetSchedulerState
                0x00000000000026a0       0x20 _build_lpc40xx_freertos/obj/tasks.o
                0x00000000000026a0                xTaskGetSchedulerState
 .text.xTaskPriorityInherit
                0x00000000000026c0       0xa4 _build_lpc40xx_freertos/obj/tasks.o
                0x00000000000026c0                xTaskPriorityInherit
 .text.xTaskPriorityDisinherit
                0x0000000000002764       0x9c _build_lpc40xx_freertos/obj/tasks.o
                0x0000000000002764                xTaskPriorityDisinherit
 .text.vTaskPriorityDisinheritAfterTimeout
                0x0000000000002800       0xb0 _build_lpc40xx_freertos/obj/tasks.o
                0x0000000000002800                vTaskPriorityDisinheritAfterTimeout
 .text.pvTaskIncrementMutexHeldCount
                0x00000000000028b0       0x18 _build_lpc40xx_freertos/obj/tasks.o
                0x00000000000028b0                pvTaskIncrementMutexHeldCount
 .text.vRunTimeStatIsrEntry
                0x00000000000028c8       0x28 _build_lpc40xx_freertos/obj/tasks.o
                0x00000000000028c8                vRunTimeStatIsrEntry
 .text.vRunTimeStatIsrExit
                0x00000000000028f0       0x10 _build_lpc40xx_freertos/obj/tasks.o
                0x00000000000028f0                vRunTimeStatIsrExit
 .text.board_io__initialize
                0x0000000000002900      0x104 _build_lpc40xx_freertos/obj/board_io.o
                0x0000000000002900                board_io__initialize
 .text.board_io__sd_card_cs
                0x0000000000002a04       0x10 _build_lpc40xx_freertos/obj/board_io.o
                0x0000000000002a04                board_io__sd_card_cs
 .text.board_io__sd_card_ds
                0x0000000000002a14       0x10 _build_lpc40xx_freertos/obj/board_io.o
                0x0000000000002a14                board_io__sd_card_ds
 .text.board_io__sd_card_is_present
                0x0000000000002a24       0x14 _build_lpc40xx_freertos/obj/board_io.o
                0x0000000000002a24                board_io__sd_card_is_present
 .text.board_io__get_led0
                0x0000000000002a38        0xc _build_lpc40xx_freertos/obj/board_io.o
                0x0000000000002a38                board_io__get_led0
 .text.board_io__get_led1
                0x0000000000002a44        0xc _build_lpc40xx_freertos/obj/board_io.o
                0x0000000000002a44                board_io__get_led1
 .text.board_io__get_led2
                0x0000000000002a50        0xc _build_lpc40xx_freertos/obj/board_io.o
                0x0000000000002a50                board_io__get_led2
 .text.board_io__get_led3
                0x0000000000002a5c        0xc _build_lpc40xx_freertos/obj/board_io.o
                0x0000000000002a5c                board_io__get_led3
 .text.gpio__set_function
                0x0000000000002a68       0x2a _build_lpc40xx_freertos/obj/gpio.o
                0x0000000000002a68                gpio__set_function
 .text.gpio__construct_with_function
                0x0000000000002a92       0x2a _build_lpc40xx_freertos/obj/gpio.o
                0x0000000000002a92                gpio__construct_with_function
 .text.gpio__enable_open_drain
                0x0000000000002abc       0x20 _build_lpc40xx_freertos/obj/gpio.o
                0x0000000000002abc                gpio__enable_open_drain
 .text.gpio__enable_pull_down_resistors
                0x0000000000002adc       0x28 _build_lpc40xx_freertos/obj/gpio.o
                0x0000000000002adc                gpio__enable_pull_down_resistors
 .text.gpio__set_as_input
                0x0000000000002b04       0x24 _build_lpc40xx_freertos/obj/gpio.o
                0x0000000000002b04                gpio__set_as_input
 .text.gpio__construct_as_input
                0x0000000000002b28       0x28 _build_lpc40xx_freertos/obj/gpio.o
                0x0000000000002b28                gpio__construct_as_input
 .text.gpio__set_as_output
                0x0000000000002b50       0x20 _build_lpc40xx_freertos/obj/gpio.o
                0x0000000000002b50                gpio__set_as_output
 .text.gpio__construct_as_output
                0x0000000000002b70       0x28 _build_lpc40xx_freertos/obj/gpio.o
                0x0000000000002b70                gpio__construct_as_output
 .text.gpio__get
                0x0000000000002b98       0x24 _build_lpc40xx_freertos/obj/gpio.o
                0x0000000000002b98                gpio__get
 .text.gpio__set
                0x0000000000002bbc       0x1c _build_lpc40xx_freertos/obj/gpio.o
                0x0000000000002bbc                gpio__set
 .text.gpio__reset
                0x0000000000002bd8       0x1c _build_lpc40xx_freertos/obj/gpio.o
                0x0000000000002bd8                gpio__reset
 .text.gpio__toggle
                0x0000000000002bf4       0x1e _build_lpc40xx_freertos/obj/gpio.o
                0x0000000000002bf4                gpio__toggle
 *fill*         0x0000000000002c12        0x2 ff
 .text.hw_timer__enable
                0x0000000000002c14       0x48 _build_lpc40xx_freertos/obj/hw_timer.o
                0x0000000000002c14                hw_timer__enable
 .text.hw_timer__enable_match_isr
                0x0000000000002c5c       0x24 _build_lpc40xx_freertos/obj/hw_timer.o
                0x0000000000002c5c                hw_timer__enable_match_isr
 .text.hw_timer__acknowledge_interrupt
                0x0000000000002c80       0x18 _build_lpc40xx_freertos/obj/hw_timer.o
                0x0000000000002c80                hw_timer__acknowledge_interrupt
 .text.hw_timer__get_value
                0x0000000000002c98       0x10 _build_lpc40xx_freertos/obj/hw_timer.o
                0x0000000000002c98                hw_timer__get_value
 .text.hw_timer__set_value
                0x0000000000002ca8       0x10 _build_lpc40xx_freertos/obj/hw_timer.o
                0x0000000000002ca8                hw_timer__set_value
 .text.i2c__transfer_unprotected
                0x0000000000002cb8       0x5e _build_lpc40xx_freertos/obj/i2c.o
 *fill*         0x0000000000002d16        0x2 ff
 .text.i2c__handle_interrupt
                0x0000000000002d18      0x128 _build_lpc40xx_freertos/obj/i2c.o
 .text.i2c2_isr
                0x0000000000002e40        0xc _build_lpc40xx_freertos/obj/i2c.o
 .text.i2c1_isr
                0x0000000000002e4c        0xc _build_lpc40xx_freertos/obj/i2c.o
 .text.i2c0_isr
                0x0000000000002e58        0xc _build_lpc40xx_freertos/obj/i2c.o
 .text.i2c__initialize
                0x0000000000002e64       0xb0 _build_lpc40xx_freertos/obj/i2c.o
                0x0000000000002e64                i2c__initialize
 .text.i2c__read_slave_data
                0x0000000000002f14       0x54 _build_lpc40xx_freertos/obj/i2c.o
                0x0000000000002f14                i2c__read_slave_data
 .text.i2c__read_single
                0x0000000000002f68       0x1e _build_lpc40xx_freertos/obj/i2c.o
                0x0000000000002f68                i2c__read_single
 *fill*         0x0000000000002f86        0x2 ff
 .text.i2c__write_slave_data
                0x0000000000002f88       0x50 _build_lpc40xx_freertos/obj/i2c.o
                0x0000000000002f88                i2c__write_slave_data
 .text.i2c__detect
                0x0000000000002fd8       0x18 _build_lpc40xx_freertos/obj/i2c.o
                0x0000000000002fd8                i2c__detect
 .text.i2c__write_single
                0x0000000000002ff0       0x18 _build_lpc40xx_freertos/obj/i2c.o
                0x0000000000002ff0                i2c__write_single
 .text.lcd_pin_init
                0x0000000000003008      0x124 _build_lpc40xx_freertos/obj/lcd.o
                0x0000000000003008                lcd_pin_init
 .text.HD44780_SetUpper
                0x000000000000312c       0x6c _build_lpc40xx_freertos/obj/lcd.o
                0x000000000000312c                HD44780_SetUpper
 .text.HD44780_SetLower
                0x0000000000003198       0x6c _build_lpc40xx_freertos/obj/lcd.o
                0x0000000000003198                HD44780_SetLower
 .text.pulse_E  0x0000000000003204       0x30 _build_lpc40xx_freertos/obj/lcd.o
                0x0000000000003204                pulse_E
 .text.send_8bit_data_mode
                0x0000000000003234       0x16 _build_lpc40xx_freertos/obj/lcd.o
                0x0000000000003234                send_8bit_data_mode
 *fill*         0x000000000000324a        0x2 ff
 .text.check_busy_flag
                0x000000000000324c       0x5c _build_lpc40xx_freertos/obj/lcd.o
                0x000000000000324c                check_busy_flag
 .text.write_to_data_register
                0x00000000000032a8       0x2c _build_lpc40xx_freertos/obj/lcd.o
                0x00000000000032a8                write_to_data_register
 .text.LCD_print_string
                0x00000000000032d4       0x1c _build_lpc40xx_freertos/obj/lcd.o
                0x00000000000032d4                LCD_print_string
 .text.write_to_instruction_register
                0x00000000000032f0       0x2c _build_lpc40xx_freertos/obj/lcd.o
                0x00000000000032f0                write_to_instruction_register
 .text.lcd_init
                0x000000000000331c       0x62 _build_lpc40xx_freertos/obj/lcd.o
                0x000000000000331c                lcd_init
 .text.LCD_display_clear
                0x000000000000337e        0x6 _build_lpc40xx_freertos/obj/lcd.o
                0x000000000000337e                LCD_display_clear
 .text.lpc_peripheral__halt_handler
                0x0000000000003384        0x2 _build_lpc40xx_freertos/obj/lpc_peripherals.o
 *fill*         0x0000000000003386        0x2 ff
 .text.lpc_peripheral__interrupt_dispatcher
                0x0000000000003388       0x34 _build_lpc40xx_freertos/obj/lpc_peripherals.o
                0x0000000000003388                lpc_peripheral__interrupt_dispatcher
 .text.lpc_peripheral__turn_on_power_to
                0x00000000000033bc       0x24 _build_lpc40xx_freertos/obj/lpc_peripherals.o
                0x00000000000033bc                lpc_peripheral__turn_on_power_to
 .text.lpc_peripheral__is_powered_on
                0x00000000000033e0       0x24 _build_lpc40xx_freertos/obj/lpc_peripherals.o
                0x00000000000033e0                lpc_peripheral__is_powered_on
 .text.lpc_peripheral__enable_interrupt
                0x0000000000003404       0x30 _build_lpc40xx_freertos/obj/lpc_peripherals.o
                0x0000000000003404                lpc_peripheral__enable_interrupt
 .text.ssp2__dma_transfer_block
                0x0000000000003434       0x98 _build_lpc40xx_freertos/obj/ssp2.o
 .text.ssp2__set_max_clock
                0x00000000000034cc       0x2c _build_lpc40xx_freertos/obj/ssp2.o
                0x00000000000034cc                ssp2__set_max_clock
 .text.ssp2__initialize
                0x00000000000034f8       0x44 _build_lpc40xx_freertos/obj/ssp2.o
                0x00000000000034f8                ssp2__initialize
 .text.ssp2__exchange_byte
                0x000000000000353c       0x14 _build_lpc40xx_freertos/obj/ssp2.o
                0x000000000000353c                ssp2__exchange_byte
 .text.ssp2__dma_write_block
                0x0000000000003550        0x6 _build_lpc40xx_freertos/obj/ssp2.o
                0x0000000000003550                ssp2__dma_write_block
 .text.ssp2__dma_read_block
                0x0000000000003556        0x6 _build_lpc40xx_freertos/obj/ssp2.o
                0x0000000000003556                ssp2__dma_read_block
 .text.uart__isr_common
                0x000000000000355c       0x94 _build_lpc40xx_freertos/obj/uart.o
 .text.uart3_isr
                0x00000000000035f0        0xc _build_lpc40xx_freertos/obj/uart.o
 .text.uart2_isr
                0x00000000000035fc        0xc _build_lpc40xx_freertos/obj/uart.o
 .text.uart1_isr
                0x0000000000003608        0xc _build_lpc40xx_freertos/obj/uart.o
 .text.uart0_isr
                0x0000000000003614        0xc _build_lpc40xx_freertos/obj/uart.o
 .text.uart__init
                0x0000000000003620       0x60 _build_lpc40xx_freertos/obj/uart.o
                0x0000000000003620                uart__init
 .text.uart__is_initialized
                0x0000000000003680       0x28 _build_lpc40xx_freertos/obj/uart.o
                0x0000000000003680                uart__is_initialized
 .text.uart__is_transmit_queue_initialized
                0x00000000000036a8       0x14 _build_lpc40xx_freertos/obj/uart.o
                0x00000000000036a8                uart__is_transmit_queue_initialized
 .text.uart__enable_queues
                0x00000000000036bc       0x70 _build_lpc40xx_freertos/obj/uart.o
                0x00000000000036bc                uart__enable_queues
 .text.uart__polled_put
                0x000000000000372c       0x24 _build_lpc40xx_freertos/obj/uart.o
                0x000000000000372c                uart__polled_put
 .text.uart__get
                0x0000000000003750       0x4c _build_lpc40xx_freertos/obj/uart.o
                0x0000000000003750                uart__get
 .text.uart__polled_get
                0x000000000000379c       0x54 _build_lpc40xx_freertos/obj/uart.o
                0x000000000000379c                uart__polled_get
 .text.uart__put
                0x00000000000037f0       0x7c _build_lpc40xx_freertos/obj/uart.o
                0x00000000000037f0                uart__put
 .text          0x000000000000386c       0x30 /Users/hamsikapongubala/Desktop/MP3-Project/toolchains/mac/gcc-arm-none-eabi-8-2019-q3-update/bin/../lib/gcc/arm-none-eabi/8.3.1/thumb/v7e-m+fp/hard/libgcc.a(_aeabi_uldivmod.o)
                0x000000000000386c                __aeabi_uldivmod
 .text          0x000000000000389c      0x2d0 /Users/hamsikapongubala/Desktop/MP3-Project/toolchains/mac/gcc-arm-none-eabi-8-2019-q3-update/bin/../lib/gcc/arm-none-eabi/8.3.1/thumb/v7e-m+fp/hard/libgcc.a(_udivmoddi4.o)
                0x000000000000389c                __udivmoddi4
 .text          0x0000000000003b6c        0x4 /Users/hamsikapongubala/Desktop/MP3-Project/toolchains/mac/gcc-arm-none-eabi-8-2019-q3-update/bin/../lib/gcc/arm-none-eabi/8.3.1/thumb/v7e-m+fp/hard/libgcc.a(_dvmd_tls.o)
                0x0000000000003b6c                __aeabi_ldiv0
                0x0000000000003b6c                __aeabi_idiv0
 .text.fprintf  0x0000000000003b70       0x24 /Users/hamsikapongubala/Desktop/MP3-Project/toolchains/mac/gcc-arm-none-eabi-8-2019-q3-update/bin/../lib/gcc/arm-none-eabi/8.3.1/../../../../arm-none-eabi/lib/thumb/v7e-m+fp/hard/libg_nano.a(lib_a-fprintf.o)
                0x0000000000003b70                fprintf
                0x0000000000003b70                fiprintf
 .text._fputs_r
                0x0000000000003b94       0xcc /Users/hamsikapongubala/Desktop/MP3-Project/toolchains/mac/gcc-arm-none-eabi-8-2019-q3-update/bin/../lib/gcc/arm-none-eabi/8.3.1/../../../../arm-none-eabi/lib/thumb/v7e-m+fp/hard/libg_nano.a(lib_a-fputs.o)
                0x0000000000003b94                _fputs_r
 .text.fputs    0x0000000000003c60       0x10 /Users/hamsikapongubala/Desktop/MP3-Project/toolchains/mac/gcc-arm-none-eabi-8-2019-q3-update/bin/../lib/gcc/arm-none-eabi/8.3.1/../../../../arm-none-eabi/lib/thumb/v7e-m+fp/hard/libg_nano.a(lib_a-fputs.o)
                0x0000000000003c60                fputs
 .text.__retarget_lock_init_recursive
                0x0000000000003c70        0x2 /Users/hamsikapongubala/Desktop/MP3-Project/toolchains/mac/gcc-arm-none-eabi-8-2019-q3-update/bin/../lib/gcc/arm-none-eabi/8.3.1/../../../../arm-none-eabi/lib/thumb/v7e-m+fp/hard/libg_nano.a(lib_a-lock.o)
                0x0000000000003c70                __retarget_lock_init_recursive
 .text.__retarget_lock_acquire_recursive
                0x0000000000003c72        0x2 /Users/hamsikapongubala/Desktop/MP3-Project/toolchains/mac/gcc-arm-none-eabi-8-2019-q3-update/bin/../lib/gcc/arm-none-eabi/8.3.1/../../../../arm-none-eabi/lib/thumb/v7e-m+fp/hard/libg_nano.a(lib_a-lock.o)
                0x0000000000003c72                __retarget_lock_acquire_recursive
 .text.__retarget_lock_release_recursive
                0x0000000000003c74        0x2 /Users/hamsikapongubala/Desktop/MP3-Project/toolchains/mac/gcc-arm-none-eabi-8-2019-q3-update/bin/../lib/gcc/arm-none-eabi/8.3.1/../../../../arm-none-eabi/lib/thumb/v7e-m+fp/hard/libg_nano.a(lib_a-lock.o)
                0x0000000000003c74                __retarget_lock_release_recursive
 *fill*         0x0000000000003c76        0x2 ff
 .text.malloc   0x0000000000003c78       0x10 /Users/hamsikapongubala/Desktop/MP3-Project/toolchains/mac/gcc-arm-none-eabi-8-2019-q3-update/bin/../lib/gcc/arm-none-eabi/8.3.1/../../../../arm-none-eabi/lib/thumb/v7e-m+fp/hard/libg_nano.a(lib_a-malloc.o)
                0x0000000000003c78                malloc
 .text.free     0x0000000000003c88       0x10 /Users/hamsikapongubala/Desktop/MP3-Project/toolchains/mac/gcc-arm-none-eabi-8-2019-q3-update/bin/../lib/gcc/arm-none-eabi/8.3.1/../../../../arm-none-eabi/lib/thumb/v7e-m+fp/hard/libg_nano.a(lib_a-malloc.o)
                0x0000000000003c88                free
 .text.memcpy   0x0000000000003c98       0x1c /Users/hamsikapongubala/Desktop/MP3-Project/toolchains/mac/gcc-arm-none-eabi-8-2019-q3-update/bin/../lib/gcc/arm-none-eabi/8.3.1/../../../../arm-none-eabi/lib/thumb/v7e-m+fp/hard/libg_nano.a(lib_a-memcpy-stub.o)
                0x0000000000003c98                memcpy
 .text.memmove  0x0000000000003cb4       0x34 /Users/hamsikapongubala/Desktop/MP3-Project/toolchains/mac/gcc-arm-none-eabi-8-2019-q3-update/bin/../lib/gcc/arm-none-eabi/8.3.1/../../../../arm-none-eabi/lib/thumb/v7e-m+fp/hard/libg_nano.a(lib_a-memmove.o)
                0x0000000000003cb4                memmove
 .text.memset   0x0000000000003ce8       0x10 /Users/hamsikapongubala/Desktop/MP3-Project/toolchains/mac/gcc-arm-none-eabi-8-2019-q3-update/bin/../lib/gcc/arm-none-eabi/8.3.1/../../../../arm-none-eabi/lib/thumb/v7e-m+fp/hard/libg_nano.a(lib_a-memset.o)
                0x0000000000003ce8                memset
 .text._free_r  0x0000000000003cf8       0x9c /Users/hamsikapongubala/Desktop/MP3-Project/toolchains/mac/gcc-arm-none-eabi-8-2019-q3-update/bin/../lib/gcc/arm-none-eabi/8.3.1/../../../../arm-none-eabi/lib/thumb/v7e-m+fp/hard/libg_nano.a(lib_a-nano-freer.o)
                0x0000000000003cf8                _free_r
 .text._malloc_r
                0x0000000000003d94       0xb4 /Users/hamsikapongubala/Desktop/MP3-Project/toolchains/mac/gcc-arm-none-eabi-8-2019-q3-update/bin/../lib/gcc/arm-none-eabi/8.3.1/../../../../arm-none-eabi/lib/thumb/v7e-m+fp/hard/libg_nano.a(lib_a-nano-mallocr.o)
                0x0000000000003d94                _malloc_r
 .text.__sfputc_r
                0x0000000000003e48       0x2e /Users/hamsikapongubala/Desktop/MP3-Project/toolchains/mac/gcc-arm-none-eabi-8-2019-q3-update/bin/../lib/gcc/arm-none-eabi/8.3.1/../../../../arm-none-eabi/lib/thumb/v7e-m+fp/hard/libg_nano.a(lib_a-nano-vfprintf.o)
 .text.__sfputs_r
                0x0000000000003e76       0x24 /Users/hamsikapongubala/Desktop/MP3-Project/toolchains/mac/gcc-arm-none-eabi-8-2019-q3-update/bin/../lib/gcc/arm-none-eabi/8.3.1/../../../../arm-none-eabi/lib/thumb/v7e-m+fp/hard/libg_nano.a(lib_a-nano-vfprintf.o)
                0x0000000000003e76                __sfputs_r
 *fill*         0x0000000000003e9a        0x2 ff
 .text._vfprintf_r
                0x0000000000003e9c      0x250 /Users/hamsikapongubala/Desktop/MP3-Project/toolchains/mac/gcc-arm-none-eabi-8-2019-q3-update/bin/../lib/gcc/arm-none-eabi/8.3.1/../../../../arm-none-eabi/lib/thumb/v7e-m+fp/hard/libg_nano.a(lib_a-nano-vfprintf.o)
                0x0000000000003e9c                _vfiprintf_r
                0x0000000000003e9c                _vfprintf_r
 .text.__cvt    0x00000000000040ec       0xba /Users/hamsikapongubala/Desktop/MP3-Project/toolchains/mac/gcc-arm-none-eabi-8-2019-q3-update/bin/../lib/gcc/arm-none-eabi/8.3.1/../../../../arm-none-eabi/lib/thumb/v7e-m+fp/hard/libg_nano.a(lib_a-nano-vfprintf_float.o)
                0x00000000000040ec                __cvt
 .text.__exponent
                0x00000000000041a6       0x64 /Users/hamsikapongubala/Desktop/MP3-Project/toolchains/mac/gcc-arm-none-eabi-8-2019-q3-update/bin/../lib/gcc/arm-none-eabi/8.3.1/../../../../arm-none-eabi/lib/thumb/v7e-m+fp/hard/libg_nano.a(lib_a-nano-vfprintf_float.o)
                0x00000000000041a6                __exponent
 *fill*         0x000000000000420a        0x2 ff
 .text._printf_float
                0x000000000000420c      0x454 /Users/hamsikapongubala/Desktop/MP3-Project/toolchains/mac/gcc-arm-none-eabi-8-2019-q3-update/bin/../lib/gcc/arm-none-eabi/8.3.1/../../../../arm-none-eabi/lib/thumb/v7e-m+fp/hard/libg_nano.a(lib_a-nano-vfprintf_float.o)
                0x000000000000420c                _printf_float
 .text._printf_common
                0x0000000000004660       0xea /Users/hamsikapongubala/Desktop/MP3-Project/toolchains/mac/gcc-arm-none-eabi-8-2019-q3-update/bin/../lib/gcc/arm-none-eabi/8.3.1/../../../../arm-none-eabi/lib/thumb/v7e-m+fp/hard/libg_nano.a(lib_a-nano-vfprintf_i.o)
                0x0000000000004660                _printf_common
 *fill*         0x000000000000474a        0x2 ff
 .text._printf_i
                0x000000000000474c      0x228 /Users/hamsikapongubala/Desktop/MP3-Project/toolchains/mac/gcc-arm-none-eabi-8-2019-q3-update/bin/../lib/gcc/arm-none-eabi/8.3.1/../../../../arm-none-eabi/lib/thumb/v7e-m+fp/hard/libg_nano.a(lib_a-nano-vfprintf_i.o)
                0x000000000000474c                _printf_i
 .text._scanf_float
                0x0000000000004974      0x3c0 /Users/hamsikapongubala/Desktop/MP3-Project/toolchains/mac/gcc-arm-none-eabi-8-2019-q3-update/bin/../lib/gcc/arm-none-eabi/8.3.1/../../../../arm-none-eabi/lib/thumb/v7e-m+fp/hard/libg_nano.a(lib_a-nano-vfscanf_float.o)
                0x0000000000004974                _scanf_float
 .text.printf   0x0000000000004d34       0x30 /Users/hamsikapongubala/Desktop/MP3-Project/toolchains/mac/gcc-arm-none-eabi-8-2019-q3-update/bin/../lib/gcc/arm-none-eabi/8.3.1/../../../../arm-none-eabi/lib/thumb/v7e-m+fp/hard/libg_nano.a(lib_a-printf.o)
                0x0000000000004d34                printf
                0x0000000000004d34                iprintf
 .text._puts_r  0x0000000000004d64       0xdc /Users/hamsikapongubala/Desktop/MP3-Project/toolchains/mac/gcc-arm-none-eabi-8-2019-q3-update/bin/../lib/gcc/arm-none-eabi/8.3.1/../../../../arm-none-eabi/lib/thumb/v7e-m+fp/hard/libg_nano.a(lib_a-puts.o)
                0x0000000000004d64                _puts_r
 .text.puts     0x0000000000004e40       0x10 /Users/hamsikapongubala/Desktop/MP3-Project/toolchains/mac/gcc-arm-none-eabi-8-2019-q3-update/bin/../lib/gcc/arm-none-eabi/8.3.1/../../../../arm-none-eabi/lib/thumb/v7e-m+fp/hard/libg_nano.a(lib_a-puts.o)
                0x0000000000004e40                puts
 .text._sbrk_r  0x0000000000004e50       0x20 /Users/hamsikapongubala/Desktop/MP3-Project/toolchains/mac/gcc-arm-none-eabi-8-2019-q3-update/bin/../lib/gcc/arm-none-eabi/8.3.1/../../../../arm-none-eabi/lib/thumb/v7e-m+fp/hard/libg_nano.a(lib_a-sbrkr.o)
                0x0000000000004e50                _sbrk_r
 .text.setvbuf  0x0000000000004e70      0x184 /Users/hamsikapongubala/Desktop/MP3-Project/toolchains/mac/gcc-arm-none-eabi-8-2019-q3-update/bin/../lib/gcc/arm-none-eabi/8.3.1/../../../../arm-none-eabi/lib/thumb/v7e-m+fp/hard/libg_nano.a(lib_a-setvbuf.o)
                0x0000000000004e70                setvbuf
 .text.nanf     0x0000000000004ff4        0xc /Users/hamsikapongubala/Desktop/MP3-Project/toolchains/mac/gcc-arm-none-eabi-8-2019-q3-update/bin/../lib/gcc/arm-none-eabi/8.3.1/../../../../arm-none-eabi/lib/thumb/v7e-m+fp/hard/libg_nano.a(lib_a-sf_nan.o)
                0x0000000000004ff4                nanf
 .text.sprintf  0x0000000000005000       0x40 /Users/hamsikapongubala/Desktop/MP3-Project/toolchains/mac/gcc-arm-none-eabi-8-2019-q3-update/bin/../lib/gcc/arm-none-eabi/8.3.1/../../../../arm-none-eabi/lib/thumb/v7e-m+fp/hard/libg_nano.a(lib_a-sprintf.o)
                0x0000000000005000                sprintf
                0x0000000000005000                siprintf
 .text          0x0000000000005040       0x10 /Users/hamsikapongubala/Desktop/MP3-Project/toolchains/mac/gcc-arm-none-eabi-8-2019-q3-update/bin/../lib/gcc/arm-none-eabi/8.3.1/../../../../arm-none-eabi/lib/thumb/v7e-m+fp/hard/libg_nano.a(lib_a-strlen.o)
                0x0000000000005040                strlen
 .text.strncmp  0x0000000000005050       0x24 /Users/hamsikapongubala/Desktop/MP3-Project/toolchains/mac/gcc-arm-none-eabi-8-2019-q3-update/bin/../lib/gcc/arm-none-eabi/8.3.1/../../../../arm-none-eabi/lib/thumb/v7e-m+fp/hard/libg_nano.a(lib_a-strncmp.o)
                0x0000000000005050                strncmp
 .text.sulp     0x0000000000005074       0x38 /Users/hamsikapongubala/Desktop/MP3-Project/toolchains/mac/gcc-arm-none-eabi-8-2019-q3-update/bin/../lib/gcc/arm-none-eabi/8.3.1/../../../../arm-none-eabi/lib/thumb/v7e-m+fp/hard/libg_nano.a(lib_a-strtod.o)
 *fill*         0x00000000000050ac        0x4 ff
 .text._strtod_l
                0x00000000000050b0      0xb98 /Users/hamsikapongubala/Desktop/MP3-Project/toolchains/mac/gcc-arm-none-eabi-8-2019-q3-update/bin/../lib/gcc/arm-none-eabi/8.3.1/../../../../arm-none-eabi/lib/thumb/v7e-m+fp/hard/libg_nano.a(lib_a-strtod.o)
                0x00000000000050b0                _strtod_l
 .text._strtod_r
                0x0000000000005c48        0xc /Users/hamsikapongubala/Desktop/MP3-Project/toolchains/mac/gcc-arm-none-eabi-8-2019-q3-update/bin/../lib/gcc/arm-none-eabi/8.3.1/../../../../arm-none-eabi/lib/thumb/v7e-m+fp/hard/libg_nano.a(lib_a-strtod.o)
                0x0000000000005c48                _strtod_r
 .text._strtol_l.isra.0
                0x0000000000005c54       0xf0 /Users/hamsikapongubala/Desktop/MP3-Project/toolchains/mac/gcc-arm-none-eabi-8-2019-q3-update/bin/../lib/gcc/arm-none-eabi/8.3.1/../../../../arm-none-eabi/lib/thumb/v7e-m+fp/hard/libg_nano.a(lib_a-strtol.o)
 .text._strtol_r
                0x0000000000005d44        0x4 /Users/hamsikapongubala/Desktop/MP3-Project/toolchains/mac/gcc-arm-none-eabi-8-2019-q3-update/bin/../lib/gcc/arm-none-eabi/8.3.1/../../../../arm-none-eabi/lib/thumb/v7e-m+fp/hard/libg_nano.a(lib_a-strtol.o)
                0x0000000000005d44                _strtol_r
 .text.__swbuf_r
                0x0000000000005d48       0xa4 /Users/hamsikapongubala/Desktop/MP3-Project/toolchains/mac/gcc-arm-none-eabi-8-2019-q3-update/bin/../lib/gcc/arm-none-eabi/8.3.1/../../../../arm-none-eabi/lib/thumb/v7e-m+fp/hard/libg_nano.a(lib_a-wbuf.o)
                0x0000000000005d48                __swbuf_r
 .text.__swsetup_r
                0x0000000000005dec       0xdc /Users/hamsikapongubala/Desktop/MP3-Project/toolchains/mac/gcc-arm-none-eabi-8-2019-q3-update/bin/../lib/gcc/arm-none-eabi/8.3.1/../../../../arm-none-eabi/lib/thumb/v7e-m+fp/hard/libg_nano.a(lib_a-wsetup.o)
                0x0000000000005dec                __swsetup_r
 .text.quorem   0x0000000000005ec8      0x112 /Users/hamsikapongubala/Desktop/MP3-Project/toolchains/mac/gcc-arm-none-eabi-8-2019-q3-update/bin/../lib/gcc/arm-none-eabi/8.3.1/../../../../arm-none-eabi/lib/thumb/v7e-m+fp/hard/libg_nano.a(lib_a-dtoa.o)
 *fill*         0x0000000000005fda        0x6 ff
 .text._dtoa_r  0x0000000000005fe0      0xb74 /Users/hamsikapongubala/Desktop/MP3-Project/toolchains/mac/gcc-arm-none-eabi-8-2019-q3-update/bin/../lib/gcc/arm-none-eabi/8.3.1/../../../../arm-none-eabi/lib/thumb/v7e-m+fp/hard/libg_nano.a(lib_a-dtoa.o)
                0x0000000000005fe0                _dtoa_r
 .text.__sflush_r
                0x0000000000006b54      0x10c /Users/hamsikapongubala/Desktop/MP3-Project/toolchains/mac/gcc-arm-none-eabi-8-2019-q3-update/bin/../lib/gcc/arm-none-eabi/8.3.1/../../../../arm-none-eabi/lib/thumb/v7e-m+fp/hard/libg_nano.a(lib_a-fflush.o)
                0x0000000000006b54                __sflush_r
 .text._fflush_r
                0x0000000000006c60       0x78 /Users/hamsikapongubala/Desktop/MP3-Project/toolchains/mac/gcc-arm-none-eabi-8-2019-q3-update/bin/../lib/gcc/arm-none-eabi/8.3.1/../../../../arm-none-eabi/lib/thumb/v7e-m+fp/hard/libg_nano.a(lib_a-fflush.o)
                0x0000000000006c60                _fflush_r
 .text.std      0x0000000000006cd8       0x48 /Users/hamsikapongubala/Desktop/MP3-Project/toolchains/mac/gcc-arm-none-eabi-8-2019-q3-update/bin/../lib/gcc/arm-none-eabi/8.3.1/../../../../arm-none-eabi/lib/thumb/v7e-m+fp/hard/libg_nano.a(lib_a-findfp.o)
 .text._cleanup_r
                0x0000000000006d20        0xc /Users/hamsikapongubala/Desktop/MP3-Project/toolchains/mac/gcc-arm-none-eabi-8-2019-q3-update/bin/../lib/gcc/arm-none-eabi/8.3.1/../../../../arm-none-eabi/lib/thumb/v7e-m+fp/hard/libg_nano.a(lib_a-findfp.o)
                0x0000000000006d20                _cleanup_r
 .text.__sfmoreglue
                0x0000000000006d2c       0x2c /Users/hamsikapongubala/Desktop/MP3-Project/toolchains/mac/gcc-arm-none-eabi-8-2019-q3-update/bin/../lib/gcc/arm-none-eabi/8.3.1/../../../../arm-none-eabi/lib/thumb/v7e-m+fp/hard/libg_nano.a(lib_a-findfp.o)
                0x0000000000006d2c                __sfmoreglue
 .text.__sfp_lock_acquire
                0x0000000000006d58        0xc /Users/hamsikapongubala/Desktop/MP3-Project/toolchains/mac/gcc-arm-none-eabi-8-2019-q3-update/bin/../lib/gcc/arm-none-eabi/8.3.1/../../../../arm-none-eabi/lib/thumb/v7e-m+fp/hard/libg_nano.a(lib_a-findfp.o)
                0x0000000000006d58                __sfp_lock_acquire
 .text.__sfp_lock_release
                0x0000000000006d64        0xc /Users/hamsikapongubala/Desktop/MP3-Project/toolchains/mac/gcc-arm-none-eabi-8-2019-q3-update/bin/../lib/gcc/arm-none-eabi/8.3.1/../../../../arm-none-eabi/lib/thumb/v7e-m+fp/hard/libg_nano.a(lib_a-findfp.o)
                0x0000000000006d64                __sfp_lock_release
 .text.__sinit_lock_acquire
                0x0000000000006d70        0xc /Users/hamsikapongubala/Desktop/MP3-Project/toolchains/mac/gcc-arm-none-eabi-8-2019-q3-update/bin/../lib/gcc/arm-none-eabi/8.3.1/../../../../arm-none-eabi/lib/thumb/v7e-m+fp/hard/libg_nano.a(lib_a-findfp.o)
                0x0000000000006d70                __sinit_lock_acquire
 .text.__sinit_lock_release
                0x0000000000006d7c        0xc /Users/hamsikapongubala/Desktop/MP3-Project/toolchains/mac/gcc-arm-none-eabi-8-2019-q3-update/bin/../lib/gcc/arm-none-eabi/8.3.1/../../../../arm-none-eabi/lib/thumb/v7e-m+fp/hard/libg_nano.a(lib_a-findfp.o)
                0x0000000000006d7c                __sinit_lock_release
 .text.__sinit  0x0000000000006d88       0x70 /Users/hamsikapongubala/Desktop/MP3-Project/toolchains/mac/gcc-arm-none-eabi-8-2019-q3-update/bin/../lib/gcc/arm-none-eabi/8.3.1/../../../../arm-none-eabi/lib/thumb/v7e-m+fp/hard/libg_nano.a(lib_a-findfp.o)
                0x0000000000006d88                __sinit
 .text.__sfp    0x0000000000006df8       0x8c /Users/hamsikapongubala/Desktop/MP3-Project/toolchains/mac/gcc-arm-none-eabi-8-2019-q3-update/bin/../lib/gcc/arm-none-eabi/8.3.1/../../../../arm-none-eabi/lib/thumb/v7e-m+fp/hard/libg_nano.a(lib_a-findfp.o)
                0x0000000000006df8                __sfp
 .text._fwalk_reent
                0x0000000000006e84       0x3c /Users/hamsikapongubala/Desktop/MP3-Project/toolchains/mac/gcc-arm-none-eabi-8-2019-q3-update/bin/../lib/gcc/arm-none-eabi/8.3.1/../../../../arm-none-eabi/lib/thumb/v7e-m+fp/hard/libg_nano.a(lib_a-fwalk.o)
                0x0000000000006e84                _fwalk_reent
 .text.rshift   0x0000000000006ec0       0x74 /Users/hamsikapongubala/Desktop/MP3-Project/toolchains/mac/gcc-arm-none-eabi-8-2019-q3-update/bin/../lib/gcc/arm-none-eabi/8.3.1/../../../../arm-none-eabi/lib/thumb/v7e-m+fp/hard/libg_nano.a(lib_a-gdtoa-gethex.o)
 .text.__hexdig_fun
                0x0000000000006f34       0x2a /Users/hamsikapongubala/Desktop/MP3-Project/toolchains/mac/gcc-arm-none-eabi-8-2019-q3-update/bin/../lib/gcc/arm-none-eabi/8.3.1/../../../../arm-none-eabi/lib/thumb/v7e-m+fp/hard/libg_nano.a(lib_a-gdtoa-gethex.o)
                0x0000000000006f34                __hexdig_fun
 *fill*         0x0000000000006f5e        0x2 ff
 .text.__gethex
                0x0000000000006f60      0x448 /Users/hamsikapongubala/Desktop/MP3-Project/toolchains/mac/gcc-arm-none-eabi-8-2019-q3-update/bin/../lib/gcc/arm-none-eabi/8.3.1/../../../../arm-none-eabi/lib/thumb/v7e-m+fp/hard/libg_nano.a(lib_a-gdtoa-gethex.o)
                0x0000000000006f60                __gethex
 .text.L_shift  0x00000000000073a8       0x24 /Users/hamsikapongubala/Desktop/MP3-Project/toolchains/mac/gcc-arm-none-eabi-8-2019-q3-update/bin/../lib/gcc/arm-none-eabi/8.3.1/../../../../arm-none-eabi/lib/thumb/v7e-m+fp/hard/libg_nano.a(lib_a-gdtoa-hexnan.o)
 .text.__match  0x00000000000073cc       0x28 /Users/hamsikapongubala/Desktop/MP3-Project/toolchains/mac/gcc-arm-none-eabi-8-2019-q3-update/bin/../lib/gcc/arm-none-eabi/8.3.1/../../../../arm-none-eabi/lib/thumb/v7e-m+fp/hard/libg_nano.a(lib_a-gdtoa-hexnan.o)
                0x00000000000073cc                __match
 .text.__hexnan
                0x00000000000073f4      0x120 /Users/hamsikapongubala/Desktop/MP3-Project/toolchains/mac/gcc-arm-none-eabi-8-2019-q3-update/bin/../lib/gcc/arm-none-eabi/8.3.1/../../../../arm-none-eabi/lib/thumb/v7e-m+fp/hard/libg_nano.a(lib_a-gdtoa-hexnan.o)
                0x00000000000073f4                __hexnan
 .text._localeconv_r
                0x0000000000007514        0x8 /Users/hamsikapongubala/Desktop/MP3-Project/toolchains/mac/gcc-arm-none-eabi-8-2019-q3-update/bin/../lib/gcc/arm-none-eabi/8.3.1/../../../../arm-none-eabi/lib/thumb/v7e-m+fp/hard/libg_nano.a(lib_a-localeconv.o)
                0x0000000000007514                _localeconv_r
 .text.__swhatbuf_r
                0x000000000000751c       0x48 /Users/hamsikapongubala/Desktop/MP3-Project/toolchains/mac/gcc-arm-none-eabi-8-2019-q3-update/bin/../lib/gcc/arm-none-eabi/8.3.1/../../../../arm-none-eabi/lib/thumb/v7e-m+fp/hard/libg_nano.a(lib_a-makebuf.o)
                0x000000000000751c                __swhatbuf_r
 .text.__smakebuf_r
                0x0000000000007564       0x80 /Users/hamsikapongubala/Desktop/MP3-Project/toolchains/mac/gcc-arm-none-eabi-8-2019-q3-update/bin/../lib/gcc/arm-none-eabi/8.3.1/../../../../arm-none-eabi/lib/thumb/v7e-m+fp/hard/libg_nano.a(lib_a-makebuf.o)
                0x0000000000007564                __smakebuf_r
 .text.__ascii_mbtowc
                0x00000000000075e4       0x24 /Users/hamsikapongubala/Desktop/MP3-Project/toolchains/mac/gcc-arm-none-eabi-8-2019-q3-update/bin/../lib/gcc/arm-none-eabi/8.3.1/../../../../arm-none-eabi/lib/thumb/v7e-m+fp/hard/libg_nano.a(lib_a-mbtowc_r.o)
                0x00000000000075e4                __ascii_mbtowc
 *fill*         0x0000000000007608        0x8 ff
 .text          0x0000000000007610       0xa0 /Users/hamsikapongubala/Desktop/MP3-Project/toolchains/mac/gcc-arm-none-eabi-8-2019-q3-update/bin/../lib/gcc/arm-none-eabi/8.3.1/../../../../arm-none-eabi/lib/thumb/v7e-m+fp/hard/libg_nano.a(lib_a-memchr.o)
                0x0000000000007610                memchr
 .text.__malloc_lock
                0x00000000000076b0        0xc /Users/hamsikapongubala/Desktop/MP3-Project/toolchains/mac/gcc-arm-none-eabi-8-2019-q3-update/bin/../lib/gcc/arm-none-eabi/8.3.1/../../../../arm-none-eabi/lib/thumb/v7e-m+fp/hard/libg_nano.a(lib_a-mlock.o)
                0x00000000000076b0                __malloc_lock
 .text.__malloc_unlock
                0x00000000000076bc        0xc /Users/hamsikapongubala/Desktop/MP3-Project/toolchains/mac/gcc-arm-none-eabi-8-2019-q3-update/bin/../lib/gcc/arm-none-eabi/8.3.1/../../../../arm-none-eabi/lib/thumb/v7e-m+fp/hard/libg_nano.a(lib_a-mlock.o)
                0x00000000000076bc                __malloc_unlock
 .text._Balloc  0x00000000000076c8       0x68 /Users/hamsikapongubala/Desktop/MP3-Project/toolchains/mac/gcc-arm-none-eabi-8-2019-q3-update/bin/../lib/gcc/arm-none-eabi/8.3.1/../../../../arm-none-eabi/lib/thumb/v7e-m+fp/hard/libg_nano.a(lib_a-mprec.o)
                0x00000000000076c8                _Balloc
 .text._Bfree   0x0000000000007730       0x2e /Users/hamsikapongubala/Desktop/MP3-Project/toolchains/mac/gcc-arm-none-eabi-8-2019-q3-update/bin/../lib/gcc/arm-none-eabi/8.3.1/../../../../arm-none-eabi/lib/thumb/v7e-m+fp/hard/libg_nano.a(lib_a-mprec.o)
                0x0000000000007730                _Bfree
 .text.__multadd
                0x000000000000775e       0x76 /Users/hamsikapongubala/Desktop/MP3-Project/toolchains/mac/gcc-arm-none-eabi-8-2019-q3-update/bin/../lib/gcc/arm-none-eabi/8.3.1/../../../../arm-none-eabi/lib/thumb/v7e-m+fp/hard/libg_nano.a(lib_a-mprec.o)
                0x000000000000775e                __multadd
 .text.__s2b    0x00000000000077d4       0x7c /Users/hamsikapongubala/Desktop/MP3-Project/toolchains/mac/gcc-arm-none-eabi-8-2019-q3-update/bin/../lib/gcc/arm-none-eabi/8.3.1/../../../../arm-none-eabi/lib/thumb/v7e-m+fp/hard/libg_nano.a(lib_a-mprec.o)
                0x00000000000077d4                __s2b
 .text.__hi0bits
                0x0000000000007850       0x40 /Users/hamsikapongubala/Desktop/MP3-Project/toolchains/mac/gcc-arm-none-eabi-8-2019-q3-update/bin/../lib/gcc/arm-none-eabi/8.3.1/../../../../arm-none-eabi/lib/thumb/v7e-m+fp/hard/libg_nano.a(lib_a-mprec.o)
                0x0000000000007850                __hi0bits
 .text.__lo0bits
                0x0000000000007890       0x60 /Users/hamsikapongubala/Desktop/MP3-Project/toolchains/mac/gcc-arm-none-eabi-8-2019-q3-update/bin/../lib/gcc/arm-none-eabi/8.3.1/../../../../arm-none-eabi/lib/thumb/v7e-m+fp/hard/libg_nano.a(lib_a-mprec.o)
                0x0000000000007890                __lo0bits
 .text.__i2b    0x00000000000078f0       0x12 /Users/hamsikapongubala/Desktop/MP3-Project/toolchains/mac/gcc-arm-none-eabi-8-2019-q3-update/bin/../lib/gcc/arm-none-eabi/8.3.1/../../../../arm-none-eabi/lib/thumb/v7e-m+fp/hard/libg_nano.a(lib_a-mprec.o)
                0x00000000000078f0                __i2b
 .text.__multiply
                0x0000000000007902      0x120 /Users/hamsikapongubala/Desktop/MP3-Project/toolchains/mac/gcc-arm-none-eabi-8-2019-q3-update/bin/../lib/gcc/arm-none-eabi/8.3.1/../../../../arm-none-eabi/lib/thumb/v7e-m+fp/hard/libg_nano.a(lib_a-mprec.o)
                0x0000000000007902                __multiply
 *fill*         0x0000000000007a22        0x2 ff
 .text.__pow5mult
                0x0000000000007a24       0x9c /Users/hamsikapongubala/Desktop/MP3-Project/toolchains/mac/gcc-arm-none-eabi-8-2019-q3-update/bin/../lib/gcc/arm-none-eabi/8.3.1/../../../../arm-none-eabi/lib/thumb/v7e-m+fp/hard/libg_nano.a(lib_a-mprec.o)
                0x0000000000007a24                __pow5mult
 .text.__lshift
                0x0000000000007ac0       0xa6 /Users/hamsikapongubala/Desktop/MP3-Project/toolchains/mac/gcc-arm-none-eabi-8-2019-q3-update/bin/../lib/gcc/arm-none-eabi/8.3.1/../../../../arm-none-eabi/lib/thumb/v7e-m+fp/hard/libg_nano.a(lib_a-mprec.o)
                0x0000000000007ac0                __lshift
 .text.__mcmp   0x0000000000007b66       0x34 /Users/hamsikapongubala/Desktop/MP3-Project/toolchains/mac/gcc-arm-none-eabi-8-2019-q3-update/bin/../lib/gcc/arm-none-eabi/8.3.1/../../../../arm-none-eabi/lib/thumb/v7e-m+fp/hard/libg_nano.a(lib_a-mprec.o)
                0x0000000000007b66                __mcmp
 .text.__mdiff  0x0000000000007b9a       0xba /Users/hamsikapongubala/Desktop/MP3-Project/toolchains/mac/gcc-arm-none-eabi-8-2019-q3-update/bin/../lib/gcc/arm-none-eabi/8.3.1/../../../../arm-none-eabi/lib/thumb/v7e-m+fp/hard/libg_nano.a(lib_a-mprec.o)
                0x0000000000007b9a                __mdiff
 .text.__ulp    0x0000000000007c54       0x4c /Users/hamsikapongubala/Desktop/MP3-Project/toolchains/mac/gcc-arm-none-eabi-8-2019-q3-update/bin/../lib/gcc/arm-none-eabi/8.3.1/../../../../arm-none-eabi/lib/thumb/v7e-m+fp/hard/libg_nano.a(lib_a-mprec.o)
                0x0000000000007c54                __ulp
 .text.__b2d    0x0000000000007ca0       0xa0 /Users/hamsikapongubala/Desktop/MP3-Project/toolchains/mac/gcc-arm-none-eabi-8-2019-q3-update/bin/../lib/gcc/arm-none-eabi/8.3.1/../../../../arm-none-eabi/lib/thumb/v7e-m+fp/hard/libg_nano.a(lib_a-mprec.o)
                0x0000000000007ca0                __b2d
 .text.__d2b    0x0000000000007d40       0x9c /Users/hamsikapongubala/Desktop/MP3-Project/toolchains/mac/gcc-arm-none-eabi-8-2019-q3-update/bin/../lib/gcc/arm-none-eabi/8.3.1/../../../../arm-none-eabi/lib/thumb/v7e-m+fp/hard/libg_nano.a(lib_a-mprec.o)
                0x0000000000007d40                __d2b
 .text.__ratio  0x0000000000007ddc       0x66 /Users/hamsikapongubala/Desktop/MP3-Project/toolchains/mac/gcc-arm-none-eabi-8-2019-q3-update/bin/../lib/gcc/arm-none-eabi/8.3.1/../../../../arm-none-eabi/lib/thumb/v7e-m+fp/hard/libg_nano.a(lib_a-mprec.o)
                0x0000000000007ddc                __ratio
 .text.__copybits
                0x0000000000007e42       0x34 /Users/hamsikapongubala/Desktop/MP3-Project/toolchains/mac/gcc-arm-none-eabi-8-2019-q3-update/bin/../lib/gcc/arm-none-eabi/8.3.1/../../../../arm-none-eabi/lib/thumb/v7e-m+fp/hard/libg_nano.a(lib_a-mprec.o)
                0x0000000000007e42                __copybits
 .text.__any_on
                0x0000000000007e76       0x42 /Users/hamsikapongubala/Desktop/MP3-Project/toolchains/mac/gcc-arm-none-eabi-8-2019-q3-update/bin/../lib/gcc/arm-none-eabi/8.3.1/../../../../arm-none-eabi/lib/thumb/v7e-m+fp/hard/libg_nano.a(lib_a-mprec.o)
                0x0000000000007e76                __any_on
 .text._calloc_r
                0x0000000000007eb8       0x1c /Users/hamsikapongubala/Desktop/MP3-Project/toolchains/mac/gcc-arm-none-eabi-8-2019-q3-update/bin/../lib/gcc/arm-none-eabi/8.3.1/../../../../arm-none-eabi/lib/thumb/v7e-m+fp/hard/libg_nano.a(lib_a-nano-callocr.o)
                0x0000000000007eb8                _calloc_r
 .text._realloc_r
                0x0000000000007ed4       0x4c /Users/hamsikapongubala/Desktop/MP3-Project/toolchains/mac/gcc-arm-none-eabi-8-2019-q3-update/bin/../lib/gcc/arm-none-eabi/8.3.1/../../../../arm-none-eabi/lib/thumb/v7e-m+fp/hard/libg_nano.a(lib_a-nano-reallocr.o)
                0x0000000000007ed4                _realloc_r
 .text.__ssputs_r
                0x0000000000007f20       0xb6 /Users/hamsikapongubala/Desktop/MP3-Project/toolchains/mac/gcc-arm-none-eabi-8-2019-q3-update/bin/../lib/gcc/arm-none-eabi/8.3.1/../../../../arm-none-eabi/lib/thumb/v7e-m+fp/hard/libg_nano.a(lib_a-nano-svfprintf.o)
                0x0000000000007f20                __ssputs_r
 *fill*         0x0000000000007fd6        0x2 ff
 .text._svfprintf_r
                0x0000000000007fd8      0x1f0 /Users/hamsikapongubala/Desktop/MP3-Project/toolchains/mac/gcc-arm-none-eabi-8-2019-q3-update/bin/../lib/gcc/arm-none-eabi/8.3.1/../../../../arm-none-eabi/lib/thumb/v7e-m+fp/hard/libg_nano.a(lib_a-nano-svfprintf.o)
                0x0000000000007fd8                _svfprintf_r
                0x0000000000007fd8                _svfiprintf_r
 .text.nan      0x00000000000081c8       0x10 /Users/hamsikapongubala/Desktop/MP3-Project/toolchains/mac/gcc-arm-none-eabi-8-2019-q3-update/bin/../lib/gcc/arm-none-eabi/8.3.1/../../../../arm-none-eabi/lib/thumb/v7e-m+fp/hard/libg_nano.a(lib_a-s_nan.o)
                0x00000000000081c8                nan
 .text.__sread  0x00000000000081d8       0x22 /Users/hamsikapongubala/Desktop/MP3-Project/toolchains/mac/gcc-arm-none-eabi-8-2019-q3-update/bin/../lib/gcc/arm-none-eabi/8.3.1/../../../../arm-none-eabi/lib/thumb/v7e-m+fp/hard/libg_nano.a(lib_a-stdio.o)
                0x00000000000081d8                __sread
 .text.__swrite
                0x00000000000081fa       0x38 /Users/hamsikapongubala/Desktop/MP3-Project/toolchains/mac/gcc-arm-none-eabi-8-2019-q3-update/bin/../lib/gcc/arm-none-eabi/8.3.1/../../../../arm-none-eabi/lib/thumb/v7e-m+fp/hard/libg_nano.a(lib_a-stdio.o)
                0x00000000000081fa                __swrite
 .text.__sseek  0x0000000000008232       0x24 /Users/hamsikapongubala/Desktop/MP3-Project/toolchains/mac/gcc-arm-none-eabi-8-2019-q3-update/bin/../lib/gcc/arm-none-eabi/8.3.1/../../../../arm-none-eabi/lib/thumb/v7e-m+fp/hard/libg_nano.a(lib_a-stdio.o)
                0x0000000000008232                __sseek
 .text.__sclose
                0x0000000000008256        0x8 /Users/hamsikapongubala/Desktop/MP3-Project/toolchains/mac/gcc-arm-none-eabi-8-2019-q3-update/bin/../lib/gcc/arm-none-eabi/8.3.1/../../../../arm-none-eabi/lib/thumb/v7e-m+fp/hard/libg_nano.a(lib_a-stdio.o)
                0x0000000000008256                __sclose
 .text.__ascii_wctomb
                0x000000000000825e       0x1a /Users/hamsikapongubala/Desktop/MP3-Project/toolchains/mac/gcc-arm-none-eabi-8-2019-q3-update/bin/../lib/gcc/arm-none-eabi/8.3.1/../../../../arm-none-eabi/lib/thumb/v7e-m+fp/hard/libg_nano.a(lib_a-wctomb_r.o)
                0x000000000000825e                __ascii_wctomb
 .text._write_r
                0x0000000000008278       0x24 /Users/hamsikapongubala/Desktop/MP3-Project/toolchains/mac/gcc-arm-none-eabi-8-2019-q3-update/bin/../lib/gcc/arm-none-eabi/8.3.1/../../../../arm-none-eabi/lib/thumb/v7e-m+fp/hard/libg_nano.a(lib_a-writer.o)
                0x0000000000008278                _write_r
 .text._close_r
                0x000000000000829c       0x20 /Users/hamsikapongubala/Desktop/MP3-Project/toolchains/mac/gcc-arm-none-eabi-8-2019-q3-update/bin/../lib/gcc/arm-none-eabi/8.3.1/../../../../arm-none-eabi/lib/thumb/v7e-m+fp/hard/libg_nano.a(lib_a-closer.o)
                0x000000000000829c                _close_r
 .text._fstat_r
                0x00000000000082bc       0x24 /Users/hamsikapongubala/Desktop/MP3-Project/toolchains/mac/gcc-arm-none-eabi-8-2019-q3-update/bin/../lib/gcc/arm-none-eabi/8.3.1/../../../../arm-none-eabi/lib/thumb/v7e-m+fp/hard/libg_nano.a(lib_a-fstatr.o)
                0x00000000000082bc                _fstat_r
 .text._isatty_r
                0x00000000000082e0       0x20 /Users/hamsikapongubala/Desktop/MP3-Project/toolchains/mac/gcc-arm-none-eabi-8-2019-q3-update/bin/../lib/gcc/arm-none-eabi/8.3.1/../../../../arm-none-eabi/lib/thumb/v7e-m+fp/hard/libg_nano.a(lib_a-isattyr.o)
                0x00000000000082e0                _isatty_r
 .text._lseek_r
                0x0000000000008300       0x24 /Users/hamsikapongubala/Desktop/MP3-Project/toolchains/mac/gcc-arm-none-eabi-8-2019-q3-update/bin/../lib/gcc/arm-none-eabi/8.3.1/../../../../arm-none-eabi/lib/thumb/v7e-m+fp/hard/libg_nano.a(lib_a-lseekr.o)
                0x0000000000008300                _lseek_r
 .text._malloc_usable_size_r
                0x0000000000008324       0x10 /Users/hamsikapongubala/Desktop/MP3-Project/toolchains/mac/gcc-arm-none-eabi-8-2019-q3-update/bin/../lib/gcc/arm-none-eabi/8.3.1/../../../../arm-none-eabi/lib/thumb/v7e-m+fp/hard/libg_nano.a(lib_a-nano-msizer.o)
                0x0000000000008324                _malloc_usable_size_r
 .text._read_r  0x0000000000008334       0x24 /Users/hamsikapongubala/Desktop/MP3-Project/toolchains/mac/gcc-arm-none-eabi-8-2019-q3-update/bin/../lib/gcc/arm-none-eabi/8.3.1/../../../../arm-none-eabi/lib/thumb/v7e-m+fp/hard/libg_nano.a(lib_a-readr.o)
                0x0000000000008334                _read_r
 .text          0x0000000000008358      0x378 /Users/hamsikapongubala/Desktop/MP3-Project/toolchains/mac/gcc-arm-none-eabi-8-2019-q3-update/bin/../lib/gcc/arm-none-eabi/8.3.1/thumb/v7e-m+fp/hard/libgcc.a(_arm_addsubdf3.o)
                0x0000000000008358                __aeabi_drsub
                0x0000000000008360                __subdf3
                0x0000000000008360                __aeabi_dsub
                0x0000000000008364                __aeabi_dadd
                0x0000000000008364                __adddf3
                0x00000000000085dc                __aeabi_ui2d
                0x00000000000085dc                __floatunsidf
                0x00000000000085fc                __floatsidf
                0x00000000000085fc                __aeabi_i2d
                0x0000000000008620                __extendsfdf2
                0x0000000000008620                __aeabi_f2d
                0x0000000000008664                __aeabi_ul2d
                0x0000000000008664                __floatundidf
                0x0000000000008674                __aeabi_l2d
                0x0000000000008674                __floatdidf
 .text          0x00000000000086d0      0x424 /Users/hamsikapongubala/Desktop/MP3-Project/toolchains/mac/gcc-arm-none-eabi-8-2019-q3-update/bin/../lib/gcc/arm-none-eabi/8.3.1/thumb/v7e-m+fp/hard/libgcc.a(_arm_muldivdf3.o)
                0x00000000000086d0                __aeabi_dmul
                0x00000000000086d0                __muldf3
                0x0000000000008924                __aeabi_ddiv
                0x0000000000008924                __divdf3
 .text          0x0000000000008af4      0x110 /Users/hamsikapongubala/Desktop/MP3-Project/toolchains/mac/gcc-arm-none-eabi-8-2019-q3-update/bin/../lib/gcc/arm-none-eabi/8.3.1/thumb/v7e-m+fp/hard/libgcc.a(_arm_cmpdf2.o)
                0x0000000000008af4                __gedf2
                0x0000000000008af4                __gtdf2
                0x0000000000008afc                __ledf2
                0x0000000000008afc                __ltdf2
                0x0000000000008b04                __cmpdf2
                0x0000000000008b04                __eqdf2
                0x0000000000008b04                __nedf2
                0x0000000000008b80                __aeabi_cdrcmple
                0x0000000000008b90                __aeabi_cdcmple
                0x0000000000008b90                __aeabi_cdcmpeq
                0x0000000000008ba0                __aeabi_dcmpeq
                0x0000000000008bb4                __aeabi_dcmplt
                0x0000000000008bc8                __aeabi_dcmple
                0x0000000000008bdc                __aeabi_dcmpge
                0x0000000000008bf0                __aeabi_dcmpgt
 .text          0x0000000000008c04       0x2c /Users/hamsikapongubala/Desktop/MP3-Project/toolchains/mac/gcc-arm-none-eabi-8-2019-q3-update/bin/../lib/gcc/arm-none-eabi/8.3.1/thumb/v7e-m+fp/hard/libgcc.a(_arm_unorddf2.o)
                0x0000000000008c04                __aeabi_dcmpun
                0x0000000000008c04                __unorddf2
 .text          0x0000000000008c30       0x50 /Users/hamsikapongubala/Desktop/MP3-Project/toolchains/mac/gcc-arm-none-eabi-8-2019-q3-update/bin/../lib/gcc/arm-none-eabi/8.3.1/thumb/v7e-m+fp/hard/libgcc.a(_arm_fixdfsi.o)
                0x0000000000008c30                __fixdfsi
                0x0000000000008c30                __aeabi_d2iz
 .text          0x0000000000008c80       0x40 /Users/hamsikapongubala/Desktop/MP3-Project/toolchains/mac/gcc-arm-none-eabi-8-2019-q3-update/bin/../lib/gcc/arm-none-eabi/8.3.1/thumb/v7e-m+fp/hard/libgcc.a(_arm_fixunsdfsi.o)
                0x0000000000008c80                __fixunsdfsi
                0x0000000000008c80                __aeabi_d2uiz
 .text          0x0000000000008cc0       0xa0 /Users/hamsikapongubala/Desktop/MP3-Project/toolchains/mac/gcc-arm-none-eabi-8-2019-q3-update/bin/../lib/gcc/arm-none-eabi/8.3.1/thumb/v7e-m+fp/hard/libgcc.a(_arm_truncdfsf2.o)
                0x0000000000008cc0                __aeabi_d2f
                0x0000000000008cc0                __truncdfsf2
 .text          0x0000000000008d60       0x30 /Users/hamsikapongubala/Desktop/MP3-Project/toolchains/mac/gcc-arm-none-eabi-8-2019-q3-update/bin/../lib/gcc/arm-none-eabi/8.3.1/thumb/v7e-m+fp/hard/libgcc.a(_fixdfdi.o)
                0x0000000000008d60                __aeabi_d2lz
                0x0000000000008d60                __fixdfdi
 .text          0x0000000000008d90       0x3c /Users/hamsikapongubala/Desktop/MP3-Project/toolchains/mac/gcc-arm-none-eabi-8-2019-q3-update/bin/../lib/gcc/arm-none-eabi/8.3.1/thumb/v7e-m+fp/hard/libgcc.a(_fixunsdfdi.o)
                0x0000000000008d90                __aeabi_d2ulz
                0x0000000000008d90                __fixunsdfdi
 .text._close   0x0000000000008dcc       0x10 /Users/hamsikapongubala/Desktop/MP3-Project/toolchains/mac/gcc-arm-none-eabi-8-2019-q3-update/bin/../lib/gcc/arm-none-eabi/8.3.1/../../../../arm-none-eabi/lib/thumb/v7e-m+fp/hard/libnosys.a(close.o)
                0x0000000000008dcc                _close
 .text._fstat   0x0000000000008ddc       0x10 /Users/hamsikapongubala/Desktop/MP3-Project/toolchains/mac/gcc-arm-none-eabi-8-2019-q3-update/bin/../lib/gcc/arm-none-eabi/8.3.1/../../../../arm-none-eabi/lib/thumb/v7e-m+fp/hard/libnosys.a(fstat.o)
                0x0000000000008ddc                _fstat
 .text._lseek   0x0000000000008dec       0x10 /Users/hamsikapongubala/Desktop/MP3-Project/toolchains/mac/gcc-arm-none-eabi-8-2019-q3-update/bin/../lib/gcc/arm-none-eabi/8.3.1/../../../../arm-none-eabi/lib/thumb/v7e-m+fp/hard/libnosys.a(lseek.o)
                0x0000000000008dec                _lseek
 *(.rodata .rodata.* .constdata .constdata.*)
 .rodata.__FUNCTION__.8190
                0x0000000000008dfc        0xc _build_lpc40xx_freertos/obj/entry_point.o
 .rodata.entry_point.str1.1
                0x0000000000008e08       0x80 _build_lpc40xx_freertos/obj/entry_point.o
 .rodata.halt.str1.1
                0x0000000000008e88       0xb8 _build_lpc40xx_freertos/obj/interrupt_vector_table.o
 .rodata.str1.1
                0x0000000000008f40       0x53 _build_lpc40xx_freertos/obj/interrupt_vector_table.o
 *fill*         0x0000000000008f93        0x1 ff
 .rodata.table.8042
                0x0000000000008f94       0x40 _build_lpc40xx_freertos/obj/interrupt_vector_table.o
 .rodata.crash__report_if_occurred.str1.1
                0x0000000000008fd4      0x190 _build_lpc40xx_freertos/obj/crash.o
 .rodata.check_fs.str1.1
                0x0000000000009164        0xa _build_lpc40xx_freertos/obj/ff.o
 .rodata._read.str1.1
                0x000000000000916e       0x32 _build_lpc40xx_freertos/obj/system_calls.o
 .rodata._write.str1.1
                0x00000000000091a0       0x33 _build_lpc40xx_freertos/obj/system_calls.o
 .rodata.__FUNCTION__.9191
                0x00000000000091d3       0x11 _build_lpc40xx_freertos/obj/peripherals_init.o
 .rodata.peripherals_init.str1.1
                0x00000000000091e4       0xdd _build_lpc40xx_freertos/obj/peripherals_init.o
                                         0xde (size before relaxing)
 .rodata.main.str1.1
                0x00000000000092c1       0x1b _build_lpc40xx_freertos/obj/main.o
 .rodata.configASSERT_callback.str1.1
                0x00000000000092dc       0xf8 _build_lpc40xx_freertos/obj/rtos_hooks.o
 .rodata.vApplicationMallocFailedHook.str1.1
                0x00000000000093d4       0x3a _build_lpc40xx_freertos/obj/rtos_hooks.o
 .rodata.vApplicationStackOverflowHook.str1.1
                0x000000000000940e       0x1d _build_lpc40xx_freertos/obj/rtos_hooks.o
 .rodata.prvTaskExitError.str1.1
                0x000000000000942b       0x1a _build_lpc40xx_freertos/obj/port.o
 .rodata.vPortEnterCritical.str1.1
                0x0000000000009445       0x35 _build_lpc40xx_freertos/obj/port.o
 .rodata.vPortExitCritical.str1.1
                0x000000000000947a       0x12 _build_lpc40xx_freertos/obj/port.o
 .rodata.vPortValidateInterruptPriority.str1.1
                0x000000000000948c       0x6c _build_lpc40xx_freertos/obj/port.o
 .rodata.xPortStartScheduler.str1.1
                0x00000000000094f8       0x89 _build_lpc40xx_freertos/obj/port.o
 .rodata.xQueueGenericCreateStatic.str1.1
                0x0000000000009581       0xc3 _build_lpc40xx_freertos/obj/queue.o
 .rodata.xQueueGenericReset.str1.1
                0x0000000000009644        0x8 _build_lpc40xx_freertos/obj/queue.o
 .rodata.xQueueGenericSend.str1.1
                0x000000000000964c       0xed _build_lpc40xx_freertos/obj/queue.o
 .rodata.xQueueGiveFromISR.str1.1
                0x0000000000009739       0x80 _build_lpc40xx_freertos/obj/queue.o
 .rodata.xQueueReceive.str1.1
                0x00000000000097b9       0x5f _build_lpc40xx_freertos/obj/queue.o
 .rodata.xQueueReceiveFromISR.str1.1
                0x0000000000009818       0x4b _build_lpc40xx_freertos/obj/queue.o
 .rodata.xQueueSemaphoreTake.str1.1
                0x0000000000009863       0x20 _build_lpc40xx_freertos/obj/queue.o
 .rodata.vTaskDelayUntil.str1.1
                0x0000000000009883       0x45 _build_lpc40xx_freertos/obj/tasks.o
 .rodata.vTaskPlaceOnEventList.str1.1
                0x00000000000098c8        0xc _build_lpc40xx_freertos/obj/tasks.o
 .rodata.vTaskPriorityDisinheritAfterTimeout.str1.1
                0x00000000000098d4       0x16 _build_lpc40xx_freertos/obj/tasks.o
 .rodata.vTaskSetTimeOutState.str1.1
                0x00000000000098ea        0xa _build_lpc40xx_freertos/obj/tasks.o
 .rodata.vTaskStartScheduler.str1.1
                0x00000000000098f4        0x5 _build_lpc40xx_freertos/obj/tasks.o
 .rodata.vTaskSwitchContext.str1.1
                0x00000000000098f9       0x47 _build_lpc40xx_freertos/obj/tasks.o
 .rodata.xTaskCheckForTimeOut.str1.1
                0x0000000000009940        0xe _build_lpc40xx_freertos/obj/tasks.o
 .rodata.xTaskCreateStatic.str1.1
                0x000000000000994e       0x45 _build_lpc40xx_freertos/obj/tasks.o
 .rodata.xTaskIncrementTick.str1.1
                0x0000000000009993       0x2b _build_lpc40xx_freertos/obj/tasks.o
 .rodata.xTaskPriorityDisinherit.str1.1
                0x00000000000099be       0x2b _build_lpc40xx_freertos/obj/tasks.o
 .rodata.xTaskRemoveFromEventList.str1.1
                0x00000000000099e9        0xf _build_lpc40xx_freertos/obj/tasks.o
 .rodata.xTaskResumeAll.str1.1
                0x00000000000099f8       0x15 _build_lpc40xx_freertos/obj/tasks.o
 *fill*         0x0000000000009a0d        0x3 ff
 .rodata.gpio_memory_map
                0x0000000000009a10       0x18 _build_lpc40xx_freertos/obj/gpio.o
 .rodata.hw_timers
                0x0000000000009a28       0x30 _build_lpc40xx_freertos/obj/hw_timer.o
 .rodata.str1.1
                0x0000000000009a58       0x18 _build_lpc40xx_freertos/obj/hw_timer.o
 .rodata        0x0000000000009a70        0xc _build_lpc40xx_freertos/obj/i2c.o
 .rodata.str1.1
                0x0000000000009a7c        0xf _build_lpc40xx_freertos/obj/i2c.o
 .rodata.lpc_peripheral_pconp_bit_map
                0x0000000000009a8b       0x5a _build_lpc40xx_freertos/obj/lpc_peripherals.o
 .rodata.str1.1
                0x0000000000009ae5       0x18 _build_lpc40xx_freertos/obj/uart.o
 *fill*         0x0000000000009afd        0x3 ff
 .rodata.uart__isrs
                0x0000000000009b00       0x10 _build_lpc40xx_freertos/obj/uart.o
 .rodata.uart_peripheral_ids
                0x0000000000009b10        0x4 _build_lpc40xx_freertos/obj/uart.o
 .rodata._ctype_
                0x0000000000009b14      0x101 /Users/hamsikapongubala/Desktop/MP3-Project/toolchains/mac/gcc-arm-none-eabi-8-2019-q3-update/bin/../lib/gcc/arm-none-eabi/8.3.1/../../../../arm-none-eabi/lib/thumb/v7e-m+fp/hard/libg_nano.a(lib_a-ctype_.o)
                0x0000000000009b14                _ctype_
 *fill*         0x0000000000009c15        0x3 ff
 .rodata._global_impure_ptr
                0x0000000000009c18        0x4 /Users/hamsikapongubala/Desktop/MP3-Project/toolchains/mac/gcc-arm-none-eabi-8-2019-q3-update/bin/../lib/gcc/arm-none-eabi/8.3.1/../../../../arm-none-eabi/lib/thumb/v7e-m+fp/hard/libg_nano.a(lib_a-impure.o)
                0x0000000000009c18                _global_impure_ptr
 .rodata._vfprintf_r.str1.1
                0x0000000000009c1c       0x11 /Users/hamsikapongubala/Desktop/MP3-Project/toolchains/mac/gcc-arm-none-eabi-8-2019-q3-update/bin/../lib/gcc/arm-none-eabi/8.3.1/../../../../arm-none-eabi/lib/thumb/v7e-m+fp/hard/libg_nano.a(lib_a-nano-vfprintf.o)
 .rodata._printf_float.str1.1
                0x0000000000009c2d       0x10 /Users/hamsikapongubala/Desktop/MP3-Project/toolchains/mac/gcc-arm-none-eabi-8-2019-q3-update/bin/../lib/gcc/arm-none-eabi/8.3.1/../../../../arm-none-eabi/lib/thumb/v7e-m+fp/hard/libg_nano.a(lib_a-nano-vfprintf_float.o)
                                         0x12 (size before relaxing)
 .rodata._printf_i.str1.1
                0x0000000000009c3d       0x22 /Users/hamsikapongubala/Desktop/MP3-Project/toolchains/mac/gcc-arm-none-eabi-8-2019-q3-update/bin/../lib/gcc/arm-none-eabi/8.3.1/../../../../arm-none-eabi/lib/thumb/v7e-m+fp/hard/libg_nano.a(lib_a-nano-vfprintf_i.o)
 .rodata._scanf_float.str1.1
                0x0000000000009c5f        0x5 /Users/hamsikapongubala/Desktop/MP3-Project/toolchains/mac/gcc-arm-none-eabi-8-2019-q3-update/bin/../lib/gcc/arm-none-eabi/8.3.1/../../../../arm-none-eabi/lib/thumb/v7e-m+fp/hard/libg_nano.a(lib_a-nano-vfscanf_float.o)
                                          0x6 (size before relaxing)
 .rodata._strtod_l.str1.1
                0x0000000000009c64        0x5 /Users/hamsikapongubala/Desktop/MP3-Project/toolchains/mac/gcc-arm-none-eabi-8-2019-q3-update/bin/../lib/gcc/arm-none-eabi/8.3.1/../../../../arm-none-eabi/lib/thumb/v7e-m+fp/hard/libg_nano.a(lib_a-strtod.o)
                                          0xd (size before relaxing)
 .rodata.fpi.7522
                0x0000000000009c64       0x14 /Users/hamsikapongubala/Desktop/MP3-Project/toolchains/mac/gcc-arm-none-eabi-8-2019-q3-update/bin/../lib/gcc/arm-none-eabi/8.3.1/../../../../arm-none-eabi/lib/thumb/v7e-m+fp/hard/libg_nano.a(lib_a-strtod.o)
 .rodata.fpinan.7558
                0x0000000000009c78       0x14 /Users/hamsikapongubala/Desktop/MP3-Project/toolchains/mac/gcc-arm-none-eabi-8-2019-q3-update/bin/../lib/gcc/arm-none-eabi/8.3.1/../../../../arm-none-eabi/lib/thumb/v7e-m+fp/hard/libg_nano.a(lib_a-strtod.o)
 *fill*         0x0000000000009c8c        0x4 ff
 .rodata.tinytens
                0x0000000000009c90       0x28 /Users/hamsikapongubala/Desktop/MP3-Project/toolchains/mac/gcc-arm-none-eabi-8-2019-q3-update/bin/../lib/gcc/arm-none-eabi/8.3.1/../../../../arm-none-eabi/lib/thumb/v7e-m+fp/hard/libg_nano.a(lib_a-strtod.o)
 .rodata._dtoa_r.str1.1
                0x0000000000009cb8        0xd /Users/hamsikapongubala/Desktop/MP3-Project/toolchains/mac/gcc-arm-none-eabi-8-2019-q3-update/bin/../lib/gcc/arm-none-eabi/8.3.1/../../../../arm-none-eabi/lib/thumb/v7e-m+fp/hard/libg_nano.a(lib_a-dtoa.o)
                                          0xf (size before relaxing)
 *fill*         0x0000000000009cc5        0x3 ff
 .rodata.__sf_fake_stderr
                0x0000000000009cc8       0x20 /Users/hamsikapongubala/Desktop/MP3-Project/toolchains/mac/gcc-arm-none-eabi-8-2019-q3-update/bin/../lib/gcc/arm-none-eabi/8.3.1/../../../../arm-none-eabi/lib/thumb/v7e-m+fp/hard/libg_nano.a(lib_a-findfp.o)
                0x0000000000009cc8                __sf_fake_stderr
 .rodata.__sf_fake_stdin
                0x0000000000009ce8       0x20 /Users/hamsikapongubala/Desktop/MP3-Project/toolchains/mac/gcc-arm-none-eabi-8-2019-q3-update/bin/../lib/gcc/arm-none-eabi/8.3.1/../../../../arm-none-eabi/lib/thumb/v7e-m+fp/hard/libg_nano.a(lib_a-findfp.o)
                0x0000000000009ce8                __sf_fake_stdin
 .rodata.__sf_fake_stdout
                0x0000000000009d08       0x20 /Users/hamsikapongubala/Desktop/MP3-Project/toolchains/mac/gcc-arm-none-eabi-8-2019-q3-update/bin/../lib/gcc/arm-none-eabi/8.3.1/../../../../arm-none-eabi/lib/thumb/v7e-m+fp/hard/libg_nano.a(lib_a-findfp.o)
                0x0000000000009d08                __sf_fake_stdout
 .rodata._C_numeric_locale
                0x0000000000009d28        0xc /Users/hamsikapongubala/Desktop/MP3-Project/toolchains/mac/gcc-arm-none-eabi-8-2019-q3-update/bin/../lib/gcc/arm-none-eabi/8.3.1/../../../../arm-none-eabi/lib/thumb/v7e-m+fp/hard/libg_nano.a(lib_a-lnumeric.o)
                0x0000000000009d28                _C_numeric_locale
 .rodata.str1.1
                0x0000000000009d34        0x2 /Users/hamsikapongubala/Desktop/MP3-Project/toolchains/mac/gcc-arm-none-eabi-8-2019-q3-update/bin/../lib/gcc/arm-none-eabi/8.3.1/../../../../arm-none-eabi/lib/thumb/v7e-m+fp/hard/libg_nano.a(lib_a-lnumeric.o)
                                          0x3 (size before relaxing)
 .rodata._setlocale_r.str1.1
                0x0000000000009d36        0x8 /Users/hamsikapongubala/Desktop/MP3-Project/toolchains/mac/gcc-arm-none-eabi-8-2019-q3-update/bin/../lib/gcc/arm-none-eabi/8.3.1/../../../../arm-none-eabi/lib/thumb/v7e-m+fp/hard/libg_nano.a(lib_a-locale.o)
                                          0x9 (size before relaxing)
 .rodata.str1.1
                0x0000000000009d3e        0x2 /Users/hamsikapongubala/Desktop/MP3-Project/toolchains/mac/gcc-arm-none-eabi-8-2019-q3-update/bin/../lib/gcc/arm-none-eabi/8.3.1/../../../../arm-none-eabi/lib/thumb/v7e-m+fp/hard/libg_nano.a(lib_a-locale.o)
 *fill*         0x0000000000009d3e        0x2 ff
 .rodata.__mprec_bigtens
                0x0000000000009d40       0x28 /Users/hamsikapongubala/Desktop/MP3-Project/toolchains/mac/gcc-arm-none-eabi-8-2019-q3-update/bin/../lib/gcc/arm-none-eabi/8.3.1/../../../../arm-none-eabi/lib/thumb/v7e-m+fp/hard/libg_nano.a(lib_a-mprec.o)
                0x0000000000009d40                __mprec_bigtens
 .rodata.__mprec_tens
                0x0000000000009d68       0xc8 /Users/hamsikapongubala/Desktop/MP3-Project/toolchains/mac/gcc-arm-none-eabi-8-2019-q3-update/bin/../lib/gcc/arm-none-eabi/8.3.1/../../../../arm-none-eabi/lib/thumb/v7e-m+fp/hard/libg_nano.a(lib_a-mprec.o)
                0x0000000000009d68                __mprec_tens
 .rodata.p05.7444
                0x0000000000009e30        0xc /Users/hamsikapongubala/Desktop/MP3-Project/toolchains/mac/gcc-arm-none-eabi-8-2019-q3-update/bin/../lib/gcc/arm-none-eabi/8.3.1/../../../../arm-none-eabi/lib/thumb/v7e-m+fp/hard/libg_nano.a(lib_a-mprec.o)
 .rodata._svfprintf_r.str1.1
                0x0000000000009e3c       0x11 /Users/hamsikapongubala/Desktop/MP3-Project/toolchains/mac/gcc-arm-none-eabi-8-2019-q3-update/bin/../lib/gcc/arm-none-eabi/8.3.1/../../../../arm-none-eabi/lib/thumb/v7e-m+fp/hard/libg_nano.a(lib_a-nano-svfprintf.o)
                0x0000000000009e50                . = ALIGN (0x4)

.glue_7         0x0000000000009e3c        0x0
 .glue_7        0x0000000000009e3c        0x0 linker stubs

.glue_7t        0x0000000000009e3c        0x0
 .glue_7t       0x0000000000009e3c        0x0 linker stubs

.vfp11_veneer   0x0000000000009e3c        0x0
 .vfp11_veneer  0x0000000000009e3c        0x0 linker stubs

.v4_bx          0x0000000000009e3c        0x0
 .v4_bx         0x0000000000009e3c        0x0 linker stubs

.iplt           0x0000000000009e3c        0x0
 .iplt          0x0000000000009e3c        0x0 _build_lpc40xx_freertos/obj/entry_point.o

.ARM.extab
 *(.ARM.extab* .gnu.linkonce.armextab.*)
                0x0000000000009e3c                __exidx_start = .

.ARM.exidx      0x0000000000009e3c        0x8
 *(.ARM.exidx* .gnu.linkonce.armexidx.*)
 .ARM.exidx     0x0000000000009e3c        0x8 /Users/hamsikapongubala/Desktop/MP3-Project/toolchains/mac/gcc-arm-none-eabi-8-2019-q3-update/bin/../lib/gcc/arm-none-eabi/8.3.1/thumb/v7e-m+fp/hard/libgcc.a(_udivmoddi4.o)
                0x0000000000009e44                __exidx_end = .
                0x0000000000009e44                _etext = .

.rel.dyn        0x0000000000009e44        0x0
 .rel.iplt      0x0000000000009e44        0x0 _build_lpc40xx_freertos/obj/entry_point.o

.data           0x0000000010000000      0x324 load address 0x0000000000009e44
 FILL mask 0xff
 *(vtable)
 *(.data*)
 .data.next_free_heap.5390
                0x0000000010000000        0x4 _build_lpc40xx_freertos/obj/syscall.o
 .data.next_free_heap.5399
                0x0000000010000004        0x4 _build_lpc40xx_freertos/obj/syscall.o
 .data.g_disk_status
                0x0000000010000008        0x1 _build_lpc40xx_freertos/obj/sd_card.o
 *fill*         0x0000000010000009        0x3 ff
 .data.i2c_structs
                0x000000001000000c       0x60 _build_lpc40xx_freertos/obj/i2c.o
 .data.lpc_peripheral__isr_registrations
                0x000000001000006c       0xa4 _build_lpc40xx_freertos/obj/lpc_peripherals.o
 .data.uarts    0x0000000010000110       0x40 _build_lpc40xx_freertos/obj/uart.o
 .data._impure_ptr
                0x0000000010000150        0x4 /Users/hamsikapongubala/Desktop/MP3-Project/toolchains/mac/gcc-arm-none-eabi-8-2019-q3-update/bin/../lib/gcc/arm-none-eabi/8.3.1/../../../../arm-none-eabi/lib/thumb/v7e-m+fp/hard/libg_nano.a(lib_a-impure.o)
                0x0000000010000150                _impure_ptr
 .data.impure_data