Archive member included to satisfy reference by file (symbol)

/Users/hamsikapongubala/Desktop/MP3-Project/toolchains/mac/gcc-arm-none-eabi-8-2019-q3-update/bin/../lib/gcc/arm-none-eabi/8.3.1/thumb/v7e-m+fp/hard/libgcc.a(_aeabi_ldivmod.o)
                              _build_mp3_project/obj/tasks.o (__aeabi_ldivmod)
/Users/hamsikapongubala/Desktop/MP3-Project/toolchains/mac/gcc-arm-none-eabi-8-2019-q3-update/bin/../lib/gcc/arm-none-eabi/8.3.1/thumb/v7e-m+fp/hard/libgcc.a(_aeabi_uldivmod.o)
                              _build_mp3_project/obj/delay.o (__aeabi_uldivmod)
/Users/hamsikapongubala/Desktop/MP3-Project/toolchains/mac/gcc-arm-none-eabi-8-2019-q3-update/bin/../lib/gcc/arm-none-eabi/8.3.1/thumb/v7e-m+fp/hard/libgcc.a(_udivmoddi4.o)
                              /Users/hamsikapongubala/Desktop/MP3-Project/toolchains/mac/gcc-arm-none-eabi-8-2019-q3-update/bin/../lib/gcc/arm-none-eabi/8.3.1/thumb/v7e-m+fp/hard/libgcc.a(_aeabi_ldivmod.o) (__udivmoddi4)
/Users/hamsikapongubala/Desktop/MP3-Project/toolchains/mac/gcc-arm-none-eabi-8-2019-q3-update/bin/../lib/gcc/arm-none-eabi/8.3.1/thumb/v7e-m+fp/hard/libgcc.a(_dvmd_tls.o)
                              /Users/hamsikapongubala/Desktop/MP3-Project/toolchains/mac/gcc-arm-none-eabi-8-2019-q3-update/bin/../lib/gcc/arm-none-eabi/8.3.1/thumb/v7e-m+fp/hard/libgcc.a(_aeabi_ldivmod.o) (__aeabi_ldiv0)
/Users/hamsikapongubala/Desktop/MP3-Project/toolchains/mac/gcc-arm-none-eabi-8-2019-q3-update/bin/../lib/gcc/arm-none-eabi/8.3.1/../../../../arm-none-eabi/lib/thumb/v7e-m+fp/hard/libg_nano.a(lib_a-atof.o)
                              _build_mp3_project/obj/sl_string.o (atof)
/Users/hamsikapongubala/Desktop/MP3-Project/toolchains/mac/gcc-arm-none-eabi-8-2019-q3-update/bin/../lib/gcc/arm-none-eabi/8.3.1/../../../../arm-none-eabi/lib/thumb/v7e-m+fp/hard/libg_nano.a(lib_a-atoi.o)
                              _build_mp3_project/obj/sl_string.o (atoi)
/Users/hamsikapongubala/Desktop/MP3-Project/toolchains/mac/gcc-arm-none-eabi-8-2019-q3-update/bin/../lib/gcc/arm-none-eabi/8.3.1/../../../../arm-none-eabi/lib/thumb/v7e-m+fp/hard/libg_nano.a(lib_a-ctype_.o)
                              _build_mp3_project/obj/sl_string.o (_ctype_)
/Users/hamsikapongubala/Desktop/MP3-Project/toolchains/mac/gcc-arm-none-eabi-8-2019-q3-update/bin/../lib/gcc/arm-none-eabi/8.3.1/../../../../arm-none-eabi/lib/thumb/v7e-m+fp/hard/libg_nano.a(lib_a-fprintf.o)
                              _build_mp3_project/obj/interrupt_vector_table.o (fprintf)
/Users/hamsikapongubala/Desktop/MP3-Project/toolchains/mac/gcc-arm-none-eabi-8-2019-q3-update/bin/../lib/gcc/arm-none-eabi/8.3.1/../../../../arm-none-eabi/lib/thumb/v7e-m+fp/hard/libg_nano.a(lib_a-fputs.o)
                              _build_mp3_project/obj/entry_point.o (fputs)
/Users/hamsikapongubala/Desktop/MP3-Project/toolchains/mac/gcc-arm-none-eabi-8-2019-q3-update/bin/../lib/gcc/arm-none-eabi/8.3.1/../../../../arm-none-eabi/lib/thumb/v7e-m+fp/hard/libg_nano.a(lib_a-getchar.o)
                              _build_mp3_project/obj/sj2_cli.o (getchar)
/Users/hamsikapongubala/Desktop/MP3-Project/toolchains/mac/gcc-arm-none-eabi-8-2019-q3-update/bin/../lib/gcc/arm-none-eabi/8.3.1/../../../../arm-none-eabi/lib/thumb/v7e-m+fp/hard/libg_nano.a(lib_a-impure.o)
                              _build_mp3_project/obj/entry_point.o (_impure_ptr)
/Users/hamsikapongubala/Desktop/MP3-Project/toolchains/mac/gcc-arm-none-eabi-8-2019-q3-update/bin/../lib/gcc/arm-none-eabi/8.3.1/../../../../arm-none-eabi/lib/thumb/v7e-m+fp/hard/libg_nano.a(lib_a-lock.o)
                              /Users/hamsikapongubala/Desktop/MP3-Project/toolchains/mac/gcc-arm-none-eabi-8-2019-q3-update/bin/../lib/gcc/arm-none-eabi/8.3.1/../../../../arm-none-eabi/lib/thumb/v7e-m+fp/hard/libg_nano.a(lib_a-fputs.o) (__retarget_lock_acquire_recursive)
/Users/hamsikapongubala/Desktop/MP3-Project/toolchains/mac/gcc-arm-none-eabi-8-2019-q3-update/bin/../lib/gcc/arm-none-eabi/8.3.1/../../../../arm-none-eabi/lib/thumb/v7e-m+fp/hard/libg_nano.a(lib_a-malloc.o)
                              _build_mp3_project/obj/heap_3.o (malloc)
/Users/hamsikapongubala/Desktop/MP3-Project/toolchains/mac/gcc-arm-none-eabi-8-2019-q3-update/bin/../lib/gcc/arm-none-eabi/8.3.1/../../../../arm-none-eabi/lib/thumb/v7e-m+fp/hard/libg_nano.a(lib_a-memcpy-stub.o)
                              _build_mp3_project/obj/sl_string.o (memcpy)
/Users/hamsikapongubala/Desktop/MP3-Project/toolchains/mac/gcc-arm-none-eabi-8-2019-q3-update/bin/../lib/gcc/arm-none-eabi/8.3.1/../../../../arm-none-eabi/lib/thumb/v7e-m+fp/hard/libg_nano.a(lib_a-memmove.o)
                              _build_mp3_project/obj/sl_string.o (memmove)
/Users/hamsikapongubala/Desktop/MP3-Project/toolchains/mac/gcc-arm-none-eabi-8-2019-q3-update/bin/../lib/gcc/arm-none-eabi/8.3.1/../../../../arm-none-eabi/lib/thumb/v7e-m+fp/hard/libg_nano.a(lib_a-memset.o)
                              _build_mp3_project/obj/handler_i2c.o (memset)
[...]
Memory Configuration

Name             Origin             Length             Attributes
flash_512k       0x0000000000000000 0x0000000000080000 xr
ram_64k          0x0000000010000000 0x0000000000010000 xrw
ram_32k          0x0000000020000000 0x0000000000008000 xrw
*default*        0x0000000000000000 0xffffffffffffffff

Linker script and memory map

LOAD _build_mp3_project/obj/entry_point.o
LOAD _build_mp3_project/obj/interrupt_vector_table.o
LOAD _build_mp3_project/obj/clock.o
LOAD _build_mp3_project/obj/crash.o
LOAD _build_mp3_project/obj/syscall.o
LOAD _build_mp3_project/obj/startup.o
LOAD _build_mp3_project/obj/acceleration.o
LOAD _build_mp3_project/obj/sensors.o
LOAD _build_mp3_project/obj/ff.o
LOAD _build_mp3_project/obj/ffsystem.o
LOAD _build_mp3_project/obj/ffunicode.o
LOAD _build_mp3_project/obj/disk_glue_logic.o
LOAD _build_mp3_project/obj/fatfs_time.o
LOAD _build_mp3_project/obj/sd_card.o
LOAD _build_mp3_project/obj/system_calls.o
LOAD _build_mp3_project/obj/app_cli.o
LOAD _build_mp3_project/obj/sj2_cli.o
LOAD _build_mp3_project/obj/handler_i2c.o
LOAD _build_mp3_project/obj/handlers_general.o
LOAD _build_mp3_project/obj/file_io_example.o
LOAD _build_mp3_project/obj/delay.o
LOAD _build_mp3_project/obj/peripherals_init.o
LOAD _build_mp3_project/obj/ssp2_mutex.o
LOAD _build_mp3_project/obj/sys_time.o
LOAD _build_mp3_project/obj/uart_printf.o
LOAD _build_mp3_project/obj/main.o
LOAD _build_mp3_project/obj/rtos_hooks.o
LOAD _build_mp3_project/obj/periodic_callbacks.o
LOAD _build_mp3_project/obj/periodic_scheduler.o
LOAD _build_mp3_project/obj/leightweight_lock.o
LOAD _build_mp3_project/obj/sl_string.o
LOAD _build_mp3_project/obj/freertos_interrupt_handlers.o
LOAD _build_mp3_project/obj/trcKernelPort.o
LOAD _build_mp3_project/obj/trcSnapshotRecorder.o
LOAD _build_mp3_project/obj/trcStreamingPort.o
LOAD _build_mp3_project/obj/trcStreamingRecorder.o
LOAD _build_mp3_project/obj/port.o
LOAD _build_mp3_project/obj/heap_3.o
LOAD _build_mp3_project/obj/croutine.o
LOAD _build_mp3_project/obj/event_groups.o
LOAD _build_mp3_project/obj/list.o
LOAD _build_mp3_project/obj/queue.o
LOAD _build_mp3_project/obj/stream_buffer.o
LOAD _build_mp3_project/obj/tasks.o
LOAD _build_mp3_project/obj/timers.o
LOAD _build_mp3_project/obj/adc.o
LOAD _build_mp3_project/obj/board_io.o
LOAD _build_mp3_project/obj/can_bus.o
LOAD _build_mp3_project/obj/gpio.o
LOAD _build_mp3_project/obj/gpio_isr.o
LOAD _build_mp3_project/obj/gpio_lab.o
LOAD _build_mp3_project/obj/hw_timer.o
LOAD _build_mp3_project/obj/i2c.o
LOAD _build_mp3_project/obj/i2c_slave_init.o
LOAD _build_mp3_project/obj/lcd.o
LOAD _build_mp3_project/obj/lpc_peripherals.o
LOAD _build_mp3_project/obj/mp3_decoder.o
LOAD _build_mp3_project/obj/pwm1.o
LOAD _build_mp3_project/obj/ssp2.o
LOAD _build_mp3_project/obj/ssp2_lab.o
LOAD _build_mp3_project/obj/uart.o
LOAD _build_mp3_project/obj/uart_lab.o
LOAD /Users/hamsikapongubala/Desktop/MP3-Project/toolchains/mac/gcc-arm-none-eabi-8-2019-q3-update/bin/../lib/gcc/arm-none-eabi/8.3.1/../../../../arm-none-eabi/lib/thumb/v7e-m+fp/hard/libm.a
START GROUP
LOAD /Users/hamsikapongubala/Desktop/MP3-Project/toolchains/mac/gcc-arm-none-eabi-8-2019-q3-update/bin/../lib/gcc/arm-none-eabi/8.3.1/thumb/v7e-m+fp/hard/libgcc.a
LOAD /Users/hamsikapongubala/Desktop/MP3-Project/toolchains/mac/gcc-arm-none-eabi-8-2019-q3-update/bin/../lib/gcc/arm-none-eabi/8.3.1/../../../../arm-none-eabi/lib/thumb/v7e-m+fp/hard/libg_nano.a
LOAD /Users/hamsikapongubala/Desktop/MP3-Project/toolchains/mac/gcc-arm-none-eabi-8-2019-q3-update/bin/../lib/gcc/arm-none-eabi/8.3.1/../../../../arm-none-eabi/lib/thumb/v7e-m+fp/hard/libc_nano.a
END GROUP
START GROUP
LOAD /Users/hamsikapongubala/Desktop/MP3-Project/toolchains/mac/gcc-arm-none-eabi-8-2019-q3-update/bin/../lib/gcc/arm-none-eabi/8.3.1/thumb/v7e-m+fp/hard/libgcc.a
LOAD /Users/hamsikapongubala/Desktop/MP3-Project/toolchains/mac/gcc-arm-none-eabi-8-2019-q3-update/bin/../lib/gcc/arm-none-eabi/8.3.1/../../../../arm-none-eabi/lib/thumb/v7e-m+fp/hard/libc_nano.a
LOAD /Users/hamsikapongubala/Desktop/MP3-Project/toolchains/mac/gcc-arm-none-eabi-8-2019-q3-update/bin/../lib/gcc/arm-none-eabi/8.3.1/../../../../arm-none-eabi/lib/thumb/v7e-m+fp/hard/libnosys.a
END GROUP
START GROUP
LOAD /Users/hamsikapongubala/Desktop/MP3-Project/toolchains/mac/gcc-arm-none-eabi-8-2019-q3-update/bin/../lib/gcc/arm-none-eabi/8.3.1/thumb/v7e-m+fp/hard/libgcc.a
LOAD /Users/hamsikapongubala/Desktop/MP3-Project/toolchains/mac/gcc-arm-none-eabi-8-2019-q3-update/bin/../lib/gcc/arm-none-eabi/8.3.1/../../../../arm-none-eabi/lib/thumb/v7e-m+fp/hard/libc_nano.a
LOAD /Users/hamsikapongubala/Desktop/MP3-Project/toolchains/mac/gcc-arm-none-eabi-8-2019-q3-update/bin/../lib/gcc/arm-none-eabi/8.3.1/../../../../arm-none-eabi/lib/thumb/v7e-m+fp/hard/libnosys.a
END GROUP
                0x0000000000000000                __base_flash = ORIGIN (flash_512k)
                0x0000000000080000                __top_flash = (__base_flash + LENGTH (flash_512k))
                0x0000000010000000                __base_ram_64k = ORIGIN (ram_64k)
                0x0000000010010000                __top_ram_64k = (__base_ram_64k + LENGTH (ram_64k))
                0x0000000020000000                __base_ram_32k = ORIGIN (ram_32k)
                0x0000000020008000                __top_ram_32k = (__base_ram_32k + LENGTH (ram_32k))

.text           0x0000000000000000     0xd88c
 FILL mask 0xff
 *(.interrupt_vector_table)
 .interrupt_vector_table
                0x0000000000000000       0xe4 _build_mp3_project/obj/interrupt_vector_table.o
                0x0000000000000000                interrupt_vector_table
                0x00000000000000e4                . = ALIGN (0x4)
 *(.init)
                0x00000000000000e4                . = ALIGN (0x4)
                0x00000000000000e4                __preinit_array_start = .
 *(.preinit_array)
                0x00000000000000e4                __preinit_array_end = .
                0x00000000000000e4                . = ALIGN (0x4)
                0x00000000000000e4                __init_array_start = .
 *(SORT_BY_NAME(.init_array.*))
 *(.init_array)
                0x00000000000000e4                __init_array_end = .
 *(.fini)
                0x00000000000000e4                . = ALIGN (0x4)
 *crtbegin.o(.ctors)
 *(EXCLUDE_FILE(*crtend.o) .ctors)
 *(SORT_BY_NAME(.ctors.*))
 *crtend.o(.ctors)
                0x00000000000000e4                . = ALIGN (0x4)
 *crtbegin.o(.dtors)
 *(EXCLUDE_FILE(*crtend.o) .dtors)
 *(SORT_BY_NAME(.dtors.*))
 *crtend.o(.dtors)
 *(.text*)
 .text.entry_point
                0x00000000000000e4       0x74 _build_mp3_project/obj/entry_point.o
                0x00000000000000e4                entry_point
 .text.isr_hard_fault
                0x0000000000000158       0x1a _build_mp3_project/obj/interrupt_vector_table.o
 *fill*         0x0000000000000172        0x2 ff
 .text.halt     0x0000000000000174       0x5c _build_mp3_project/obj/interrupt_vector_table.o
 .text.isr_hard_fault_handler
                0x00000000000001d0       0x4c _build_mp3_project/obj/interrupt_vector_table.o
                0x00000000000001d0                isr_hard_fault_handler
 .text.clock__get_core_clock_hz
                0x000000000000021c        0x8 _build_mp3_project/obj/clock.o
                0x000000000000021c                clock__get_core_clock_hz
 .text.clock__get_peripheral_clock_hz
                0x0000000000000224        0x8 _build_mp3_project/obj/clock.o
                0x0000000000000224                clock__get_peripheral_clock_hz
 .text.clock__initialize_system_clock_96mhz
                0x000000000000022c       0x40 _build_mp3_project/obj/clock.o
                0x000000000000022c                clock__initialize_system_clock_96mhz
 .text.crash__record_get
                0x000000000000026c       0x18 _build_mp3_project/obj/crash.o
                0x000000000000026c                crash__record_get
 .text.crash__report_if_occurred
                0x0000000000000284       0xc0 _build_mp3_project/obj/crash.o
                0x0000000000000284                crash__report_if_occurred
 .text._sbrk    0x0000000000000344       0x54 _build_mp3_project/obj/syscall.o
                0x0000000000000344                _sbrk
 .text.startup__initialize_ram
                0x0000000000000398       0x3c _build_mp3_project/obj/startup.o
                0x0000000000000398                startup__initialize_ram
 .text.startup__initialize_fpu
                0x00000000000003d4       0x14 _build_mp3_project/obj/startup.o
                0x00000000000003d4                startup__initialize_fpu
 .text.startup__initialize_interrupts
                0x00000000000003e8       0x18 _build_mp3_project/obj/startup.o
                0x00000000000003e8                startup__initialize_interrupts
 .text.acceleration__init
                0x0000000000000400       0x22 _build_mp3_project/obj/acceleration.o
                0x0000000000000400                acceleration__init
 .text.sensors__init
                0x0000000000000422        0x4 _build_mp3_project/obj/sensors.o
                0x0000000000000422                sensors__init
 .text.ld_dword
                0x0000000000000426       0x10 _build_mp3_project/obj/ff.o
 .text.st_dword
                0x0000000000000436       0x10 _build_mp3_project/obj/ff.o
 .text.mem_cmp  0x0000000000000446       0x1c _build_mp3_project/obj/ff.o
 .text.clst2sect
                0x0000000000000462       0x16 _build_mp3_project/obj/ff.o
 .text.sum_sfn  0x0000000000000478       0x1e _build_mp3_project/obj/ff.o
 .text.get_ldnumber
                0x0000000000000496       0x2a _build_mp3_project/obj/ff.o
 .text.mem_cpy.part.0
                0x00000000000004c0       0x12 _build_mp3_project/obj/ff.o
 .text.ld_clust.isra.3
                0x00000000000004d2       0x1c _build_mp3_project/obj/ff.o
 .text.st_clust.isra.4
                0x00000000000004ee       0x18 _build_mp3_project/obj/ff.o
 .text.sync_window.part.6
                0x0000000000000506       0x40 _build_mp3_project/obj/ff.o
 .text.move_window
                0x0000000000000546       0x44 _build_mp3_project/obj/ff.o
 *fill*         0x000000000000058a        0x2 ff
 .text.check_fs
                0x000000000000058c       0x74 _build_mp3_project/obj/ff.o
 .text.find_volume
                0x0000000000000600      0x2c0 _build_mp3_project/obj/ff.o
 .text.put_fat  0x00000000000008c0       0xf8 _build_mp3_project/obj/ff.o
 .text.get_fat.isra.10
                0x00000000000009b8       0xb4 _build_mp3_project/obj/ff.o
 .text.dir_sdi  0x0000000000000a6c       0x82 _build_mp3_project/obj/ff.o
 .text.create_chain
                0x0000000000000aee       0xe8 _build_mp3_project/obj/ff.o
 .text.remove_chain
                0x0000000000000bd6       0x6e _build_mp3_project/obj/ff.o
 .text.unlock_fs
                0x0000000000000c44       0x16 _build_mp3_project/obj/ff.o
 .text.validate
                0x0000000000000c5a       0x50 _build_mp3_project/obj/ff.o
 .text.dir_clear
                0x0000000000000caa       0x5c _build_mp3_project/obj/ff.o
 .text.dir_next
                0x0000000000000d06       0xaa _build_mp3_project/obj/ff.o
 .text.dir_find
                0x0000000000000db0      0x148 _build_mp3_project/obj/ff.o
 .text.follow_path
                0x0000000000000ef8      0x294 _build_mp3_project/obj/ff.o
 .text.sync_fs  0x000000000000118c       0xa0 _build_mp3_project/obj/ff.o
 .text.dir_register
                0x000000000000122c      0x288 _build_mp3_project/obj/ff.o
 .text.f_mount  0x00000000000014b4       0x70 _build_mp3_project/obj/ff.o
                0x00000000000014b4                f_mount
 .text.f_open   0x0000000000001524      0x1cc _build_mp3_project/obj/ff.o
                0x0000000000001524                f_open
 .text.f_read   0x00000000000016f0      0x17c _build_mp3_project/obj/ff.o
                0x00000000000016f0                f_read
 .text.f_sync   0x000000000000186c       0xa2 _build_mp3_project/obj/ff.o
                0x000000000000186c                f_sync
 .text.f_close  0x000000000000190e       0x28 _build_mp3_project/obj/ff.o
                0x000000000000190e                f_close
 .text.ff_cre_syncobj
                0x0000000000001936       0x14 _build_mp3_project/obj/ffsystem.o
                0x0000000000001936                ff_cre_syncobj
 .text.ff_del_syncobj
                0x000000000000194a        0xa _build_mp3_project/obj/ffsystem.o
                0x000000000000194a                ff_del_syncobj
 .text.ff_req_grant
                0x0000000000001954       0x12 _build_mp3_project/obj/ffsystem.o
                0x0000000000001954                ff_req_grant
 .text.ff_rel_grant
                0x0000000000001966        0xa _build_mp3_project/obj/ffsystem.o
                0x0000000000001966                ff_rel_grant
 .text.ff_uni2oem
                0x0000000000001970       0x40 _build_mp3_project/obj/ffunicode.o
                0x0000000000001970                ff_uni2oem
 .text.ff_oem2uni
                0x00000000000019b0       0x28 _build_mp3_project/obj/ffunicode.o
                0x00000000000019b0                ff_oem2uni
 .text.ff_wtoupper
                0x00000000000019d8       0x8c _build_mp3_project/obj/ffunicode.o
                0x00000000000019d8                ff_wtoupper
 .text.disk_initialize
                0x0000000000001a64       0x1c _build_mp3_project/obj/disk_glue_logic.o
                0x0000000000001a64                disk_initialize
 .text.disk_status
                0x0000000000001a80        0xa _build_mp3_project/obj/disk_glue_logic.o
                0x0000000000001a80                disk_status
 .text.disk_read
                0x0000000000001a8a       0x28 _build_mp3_project/obj/disk_glue_logic.o
                0x0000000000001a8a                disk_read
 .text.disk_write
                0x0000000000001ab2       0x28 _build_mp3_project/obj/disk_glue_logic.o
                0x0000000000001ab2                disk_write
 .text.disk_ioctl
                0x0000000000001ada       0x24 _build_mp3_project/obj/disk_glue_logic.o
                0x0000000000001ada                disk_ioctl
 .text.get_fattime
                0x0000000000001afe        0x4 _build_mp3_project/obj/fatfs_time.o
                0x0000000000001afe                get_fattime
 .text.sd_card__wait_for_ready
                0x0000000000001b02       0x28 _build_mp3_project/obj/sd_card.o
 *fill*         0x0000000000001b2a        0x2 ff
 .text.sd_card__power_off
                0x0000000000001b2c       0x20 _build_mp3_project/obj/sd_card.o
 .text.sd_card__transmit_datablock
                0x0000000000001b4c       0x5a _build_mp3_project/obj/sd_card.o
 .text.sd_card__send_command
                0x0000000000001ba6       0x86 _build_mp3_project/obj/sd_card.o
 .text.sd_card__read_datablock
                0x0000000000001c2c       0x42 _build_mp3_project/obj/sd_card.o
 *fill*         0x0000000000001c6e        0x2 ff
 .text.sd_card__update_status
                0x0000000000001c70       0x20 _build_mp3_project/obj/sd_card.o
                0x0000000000001c70                sd_card__update_status
 .text.sd_card__initialize
                0x0000000000001c90      0x13c _build_mp3_project/obj/sd_card.o
                0x0000000000001c90                sd_card__initialize
 .text.sd_card__status
                0x0000000000001dcc       0x10 _build_mp3_project/obj/sd_card.o
                0x0000000000001dcc                sd_card__status
 .text.sd_card__read
                0x0000000000001ddc       0x8c _build_mp3_project/obj/sd_card.o
                0x0000000000001ddc                sd_card__read
 .text.sd_card__write
                0x0000000000001e68       0xa8 _build_mp3_project/obj/sd_card.o
                0x0000000000001e68                sd_card__write
 .text.sd_card__ioctl
                0x0000000000001f10      0x200 _build_mp3_project/obj/sd_card.o
                0x0000000000001f10                sd_card__ioctl
 .text.system_calls__print_and_halt
                0x0000000000002110       0x1e _build_mp3_project/obj/system_calls.o
 *fill*         0x000000000000212e        0x2 ff
 .text._isatty  0x0000000000002130       0x28 _build_mp3_project/obj/system_calls.o
                0x0000000000002130                _isatty
 .text._write   0x0000000000002158       0x70 _build_mp3_project/obj/system_calls.o
                0x0000000000002158                _write
 .text._read    0x00000000000021c8       0x1c _build_mp3_project/obj/system_calls.o
                0x00000000000021c8                _read
 .text.app_cli__private_print_list_of_all_commands
                0x00000000000021e4       0x98 _build_mp3_project/obj/app_cli.o
 .text.app_cli__initialize
                0x000000000000227c       0x16 _build_mp3_project/obj/app_cli.o
                0x000000000000227c                app_cli__initialize
 .text.app_cli__add_command_handler
                0x0000000000002292        0xa _build_mp3_project/obj/app_cli.o
                0x0000000000002292                app_cli__add_command_handler
 .text.app_cli__process_input
                0x000000000000229c      0x134 _build_mp3_project/obj/app_cli.o
                0x000000000000229c                app_cli__process_input
 .text.sj2_cli__output_function
                0x00000000000023d0       0x12 _build_mp3_project/obj/sj2_cli.o
 *fill*         0x00000000000023e2        0x2 ff
 .text.sj2_cli__task
                0x00000000000023e4       0x78 _build_mp3_project/obj/sj2_cli.o
 .text.sj2_cli__init
                0x000000000000245c       0x94 _build_mp3_project/obj/sj2_cli.o
                0x000000000000245c                sj2_cli__init
 .text.cli__i2c_read
                0x00000000000024f0       0xc8 _build_mp3_project/obj/handler_i2c.o
 .text.cli__i2c_write
                0x00000000000025b8       0xe8 _build_mp3_project/obj/handler_i2c.o
 .text.cli__i2c
                0x00000000000026a0       0x48 _build_mp3_project/obj/handler_i2c.o
                0x00000000000026a0                cli__i2c
 .text.cli__crash_me
                0x00000000000026e8       0x10 _build_mp3_project/obj/handlers_general.o
                0x00000000000026e8                cli__crash_me
 .text.cli__task_list
                0x00000000000026f8       0xdc _build_mp3_project/obj/handlers_general.o
                0x00000000000026f8                cli__task_list
 .text.cli__task_control
                0x00000000000027d4       0x70 _build_mp3_project/obj/handlers_general.o
                0x00000000000027d4                cli__task_control
 .text.delay__us
                0x0000000000002844       0x40 _build_mp3_project/obj/delay.o
                0x0000000000002844                delay__us
 .text.delay__ms
                0x0000000000002884        0xc _build_mp3_project/obj/delay.o
                0x0000000000002884                delay__ms
 .text.peripherals_init
                0x0000000000002890      0x120 _build_mp3_project/obj/peripherals_init.o
                0x0000000000002890                peripherals_init
 .text.spi2_mutex__acquire
                0x00000000000029b0       0x34 _build_mp3_project/obj/ssp2_mutex.o
                0x00000000000029b0                spi2_mutex__acquire
 .text.spi2_mutex__release
                0x00000000000029e4       0x24 _build_mp3_project/obj/ssp2_mutex.o
                0x00000000000029e4                spi2_mutex__release
 .text.sys_time__one_minute_isr
                0x0000000000002a08       0x24 _build_mp3_project/obj/sys_time.o
 .text.sys_time__init
                0x0000000000002a2c       0x2c _build_mp3_project/obj/sys_time.o
                0x0000000000002a2c                sys_time__init
 .text.sys_time__get_uptime_us
                0x0000000000002a58       0x2c _build_mp3_project/obj/sys_time.o
                0x0000000000002a58                sys_time__get_uptime_us
 .text.sys_time__get_uptime_ms
                0x0000000000002a84       0x12 _build_mp3_project/obj/sys_time.o
                0x0000000000002a84                sys_time__get_uptime_ms
 .text.uart_puts__polled
                0x0000000000002a96       0x2a _build_mp3_project/obj/uart_printf.o
                0x0000000000002a96                uart_puts__polled
 .text.play_file_task
                0x0000000000002ac0       0x40 _build_mp3_project/obj/main.o
                0x0000000000002ac0                play_file_task
 .text.open_mp3_file
                0x0000000000002b00       0x74 _build_mp3_project/obj/main.o
                0x0000000000002b00                open_mp3_file
 .text.mp3_file_reader_task
                0x0000000000002b74       0x2c _build_mp3_project/obj/main.o
                0x0000000000002b74                mp3_file_reader_task
 .text.cli__mp3_play
                0x0000000000002ba0       0x48 _build_mp3_project/obj/main.o
                0x0000000000002ba0                cli__mp3_play
 .text.startup.main
                0x0000000000002be8       0x90 _build_mp3_project/obj/main.o
                0x0000000000002be8                main
 .text.vApplicationStackOverflowHook
                0x0000000000002c78       0x1c _build_mp3_project/obj/rtos_hooks.o
                0x0000000000002c78                vApplicationStackOverflowHook
 .text.vApplicationMallocFailedHook
                0x0000000000002c94       0x10 _build_mp3_project/obj/rtos_hooks.o
                0x0000000000002c94                vApplicationMallocFailedHook
 .text.vApplicationIdleHook
                0x0000000000002ca4       0x10 _build_mp3_project/obj/rtos_hooks.o
                0x0000000000002ca4                vApplicationIdleHook
 .text.configASSERT_callback
                0x0000000000002cb4       0x40 _build_mp3_project/obj/rtos_hooks.o
                0x0000000000002cb4                configASSERT_callback
 .text.vApplicationGetIdleTaskMemory
                0x0000000000002cf4       0x18 _build_mp3_project/obj/rtos_hooks.o
                0x0000000000002cf4                vApplicationGetIdleTaskMemory
 .text.freertos_hooks__get_run_time_counter_value
                0x0000000000002d0c       0x14 _build_mp3_project/obj/rtos_hooks.o
                0x0000000000002d0c                freertos_hooks__get_run_time_counter_value
 .text.freertos_hooks__reset_run_time_stats
                0x0000000000002d20       0x14 _build_mp3_project/obj/rtos_hooks.o
                0x0000000000002d20                freertos_hooks__reset_run_time_stats
 .text.sl_string__initialize
                0x0000000000002d34       0x28 _build_mp3_project/obj/sl_string.o
                0x0000000000002d34                sl_string__initialize
 .text.sl_string__get_capacity
                0x0000000000002d5c       0x12 _build_mp3_project/obj/sl_string.o
                0x0000000000002d5c                sl_string__get_capacity
 .text.sl_string__get_capacity_including_null_char
                0x0000000000002d6e        0xc _build_mp3_project/obj/sl_string.o
                0x0000000000002d6e                sl_string__get_capacity_including_null_char
 .text.sl_string__get_length
                0x0000000000002d7a        0xc _build_mp3_project/obj/sl_string.o
                0x0000000000002d7a                sl_string__get_length
 .text.sl_string__is_full
                0x0000000000002d86       0x1a _build_mp3_project/obj/sl_string.o
                0x0000000000002d86                sl_string__is_full
 .text.sl_string__to_int
                0x0000000000002da0        0x4 _build_mp3_project/obj/sl_string.o
                0x0000000000002da0                sl_string__to_int
 .text.sl_string__clear
                0x0000000000002da4        0x6 _build_mp3_project/obj/sl_string.o
                0x0000000000002da4                sl_string__clear
 .text.sl_string__vprintf
                0x0000000000002daa       0x1c _build_mp3_project/obj/sl_string.o
                0x0000000000002daa                sl_string__vprintf
 .text.sl_string__printf
                0x0000000000002dc6       0x1a _build_mp3_project/obj/sl_string.o
                0x0000000000002dc6                sl_string__printf
 .text.sl_string__scanf
                0x0000000000002de0       0x22 _build_mp3_project/obj/sl_string.o
                0x0000000000002de0                sl_string__scanf
 .text.sl_string__set
                0x0000000000002e02       0x2e _build_mp3_project/obj/sl_string.o
                0x0000000000002e02                sl_string__set
 .text.sl_string__initialize_from
                0x0000000000002e30       0x16 _build_mp3_project/obj/sl_string.o
                0x0000000000002e30                sl_string__initialize_from
 .text.sl_string__insert_at
                0x0000000000002e46       0x54 _build_mp3_project/obj/sl_string.o
                0x0000000000002e46                sl_string__insert_at
 .text.sl_string__append
                0x0000000000002e9a       0x38 _build_mp3_project/obj/sl_string.o
                0x0000000000002e9a                sl_string__append
 .text.sl_string__append_char
                0x0000000000002ed2       0x18 _build_mp3_project/obj/sl_string.o
                0x0000000000002ed2                sl_string__append_char
 .text.sl_string__equals_to_ignore_case
                0x0000000000002eea       0x14 _build_mp3_project/obj/sl_string.o
                0x0000000000002eea                sl_string__equals_to_ignore_case
 .text.sl_string__begins_with_limited_chars
                0x0000000000002efe       0x28 _build_mp3_project/obj/sl_string.o
                0x0000000000002efe                sl_string__begins_with_limited_chars
 .text.sl_string__begins_with_ignore_case
                0x0000000000002f26       0x2e _build_mp3_project/obj/sl_string.o
                0x0000000000002f26                sl_string__begins_with_ignore_case
 .text.sl_string__begins_with_whole_word
                0x0000000000002f54       0x44 _build_mp3_project/obj/sl_string.o
                0x0000000000002f54                sl_string__begins_with_whole_word
 .text.sl_string__ends_with_newline
                0x0000000000002f98       0x22 _build_mp3_project/obj/sl_string.o
                0x0000000000002f98                sl_string__ends_with_newline
 .text.sl_string__erase_after
                0x0000000000002fba       0x38 _build_mp3_project/obj/sl_string.o
                0x0000000000002fba                sl_string__erase_after
 .text.sl_string__erase_first
                0x0000000000002ff2        0x8 _build_mp3_project/obj/sl_string.o
                0x0000000000002ff2                sl_string__erase_first
 .text.sl_string__erase_last
                0x0000000000002ffa       0x22 _build_mp3_project/obj/sl_string.o
                0x0000000000002ffa                sl_string__erase_last
 .text.sl_string__erase_at_substring
                0x000000000000301c       0x1c _build_mp3_project/obj/sl_string.o
                0x000000000000301c                sl_string__erase_at_substring
 .text.sl_string__erase_first_word
                0x0000000000003038       0x1c _build_mp3_project/obj/sl_string.o
                0x0000000000003038                sl_string__erase_first_word
 .text.sl_string__erase_int
                0x0000000000003054       0x50 _build_mp3_project/obj/sl_string.o
                0x0000000000003054                sl_string__erase_int
 .text.sl_string__trim_end
                0x00000000000030a4       0x40 _build_mp3_project/obj/sl_string.o
                0x00000000000030a4                sl_string__trim_end
 .text.vPortSVCHandler_wrapper
                0x00000000000030e4        0x4 _build_mp3_project/obj/freertos_interrupt_handlers.o
                0x00000000000030e4                vPortSVCHandler_wrapper
 .text.xPortPendSVHandler_wrapper
                0x00000000000030e8        0x4 _build_mp3_project/obj/freertos_interrupt_handlers.o
                0x00000000000030e8                xPortPendSVHandler_wrapper
 .text.xPortSysTickHandler_wrapper
                0x00000000000030ec        0x4 _build_mp3_project/obj/freertos_interrupt_handlers.o
                0x00000000000030ec                xPortSysTickHandler_wrapper
 .text.prvPortStartFirstTask
                0x00000000000030f0       0x28 _build_mp3_project/obj/port.o
 .text.vPortEnableVFP
                0x0000000000003118       0x14 _build_mp3_project/obj/port.o
 .text.prvTaskExitError
                0x000000000000312c       0x3c _build_mp3_project/obj/port.o
 .text.pxPortInitialiseStack
                0x0000000000003168       0x2c _build_mp3_project/obj/port.o
                0x0000000000003168                pxPortInitialiseStack
 *fill*         0x0000000000003194        0xc ff
 .text.vPortSVCHandler
                0x00000000000031a0       0x24 _build_mp3_project/obj/port.o
                0x00000000000031a0                vPortSVCHandler
 .text.vPortEnterCritical
                0x00000000000031c4       0x44 _build_mp3_project/obj/port.o
                0x00000000000031c4                vPortEnterCritical
 .text.vPortExitCritical
                0x0000000000003208       0x28 _build_mp3_project/obj/port.o
                0x0000000000003208                vPortExitCritical
 .text.xPortPendSVHandler
                0x0000000000003230       0x64 _build_mp3_project/obj/port.o
                0x0000000000003230                xPortPendSVHandler
 .text.xPortSysTickHandler
                0x0000000000003294       0x2c _build_mp3_project/obj/port.o
                0x0000000000003294                xPortSysTickHandler
 .text.vPortSetupTimerInterrupt
                0x00000000000032c0       0x30 _build_mp3_project/obj/port.o
                0x00000000000032c0                vPortSetupTimerInterrupt
 .text.xPortStartScheduler
                0x00000000000032f0      0x100 _build_mp3_project/obj/port.o
                0x00000000000032f0                xPortStartScheduler
 .text.vPortValidateInterruptPriority
                0x00000000000033f0       0x58 _build_mp3_project/obj/port.o
                0x00000000000033f0                vPortValidateInterruptPriority
 .text.pvPortMalloc
                0x0000000000003448       0x1e _build_mp3_project/obj/heap_3.o
                0x0000000000003448                pvPortMalloc
 .text.vPortFree
                0x0000000000003466       0x1a _build_mp3_project/obj/heap_3.o
                0x0000000000003466                vPortFree
 .text.vListInitialise
                0x0000000000003480       0x16 _build_mp3_project/obj/list.o
                0x0000000000003480                vListInitialise
 .text.vListInitialiseItem
                0x0000000000003496        0x6 _build_mp3_project/obj/list.o
                0x0000000000003496                vListInitialiseItem
 .text.vListInsertEnd
                0x000000000000349c       0x18 _build_mp3_project/obj/list.o
                0x000000000000349c                vListInsertEnd
 .text.vListInsert
                0x00000000000034b4       0x2e _build_mp3_project/obj/list.o
                0x00000000000034b4                vListInsert
 .text.uxListRemove
                0x00000000000034e2       0x20 _build_mp3_project/obj/list.o
                0x00000000000034e2                uxListRemove
 .text.prvIsQueueEmpty
                0x0000000000003502       0x16 _build_mp3_project/obj/queue.o
 .text.prvCopyDataToQueue
                0x0000000000003518       0x6a _build_mp3_project/obj/queue.o
 .text.prvCopyDataFromQueue
                0x0000000000003582       0x2a _build_mp3_project/obj/queue.o
 .text.prvUnlockQueue
                0x00000000000035ac       0x70 _build_mp3_project/obj/queue.o
 .text.xQueueGenericReset
                0x000000000000361c       0x7c _build_mp3_project/obj/queue.o
                0x000000000000361c                xQueueGenericReset
 .text.xQueueGenericCreateStatic
                0x0000000000003698       0x94 _build_mp3_project/obj/queue.o
                0x0000000000003698                xQueueGenericCreateStatic
 .text.xQueueGenericCreate
                0x000000000000372c       0x4c _build_mp3_project/obj/queue.o
                0x000000000000372c                xQueueGenericCreate
 .text.xQueueGenericSend
                0x0000000000003778      0x15c _build_mp3_project/obj/queue.o
                0x0000000000003778                xQueueGenericSend
 .text.xQueueCreateMutexStatic
                0x00000000000038d4       0x2a _build_mp3_project/obj/queue.o
                0x00000000000038d4                xQueueCreateMutexStatic
 .text.xQueueCreateMutex
                0x00000000000038fe       0x24 _build_mp3_project/obj/queue.o
                0x00000000000038fe                xQueueCreateMutex
 *fill*         0x0000000000003922        0x2 ff
 .text.xQueueGenericSendFromISR
                0x0000000000003924       0xbc _build_mp3_project/obj/queue.o
                0x0000000000003924                xQueueGenericSendFromISR
 .text.xQueueGiveFromISR
                0x00000000000039e0       0xa4 _build_mp3_project/obj/queue.o
                0x00000000000039e0                xQueueGiveFromISR
 .text.xQueueReceive
                0x0000000000003a84      0x13c _build_mp3_project/obj/queue.o
                0x0000000000003a84                xQueueReceive
 .text.xQueueSemaphoreTake
                0x0000000000003bc0      0x180 _build_mp3_project/obj/queue.o
                0x0000000000003bc0                xQueueSemaphoreTake
 .text.xQueueReceiveFromISR
                0x0000000000003d40       0x9c _build_mp3_project/obj/queue.o
                0x0000000000003d40                xQueueReceiveFromISR
 .text.vQueueDelete
                0x0000000000003ddc       0x24 _build_mp3_project/obj/queue.o
                0x0000000000003ddc                vQueueDelete
 .text.prvSearchForNameWithinSingleList
                0x0000000000003e00       0x54 _build_mp3_project/obj/tasks.o
 .text.prvResetRunTimeStatsInList
                0x0000000000003e54       0x2e _build_mp3_project/obj/tasks.o
 *fill*         0x0000000000003e82        0x2 ff
 .text.prvAddNewTaskToReadyList
                0x0000000000003e84       0xf4 _build_mp3_project/obj/tasks.o
 .text.prvIdleTask
                0x0000000000003f78       0x28 _build_mp3_project/obj/tasks.o
 .text.prvResetNextTaskUnblockTime
                0x0000000000003fa0       0x24 _build_mp3_project/obj/tasks.o
 .text.prvTaskIsTaskSuspended
                0x0000000000003fc4       0x38 _build_mp3_project/obj/tasks.o
 .text.prvInitialiseNewTask.isra.2
                0x0000000000003ffc       0x98 _build_mp3_project/obj/tasks.o
 .text.prvAddCurrentTaskToDelayedList
                0x0000000000004094       0x8c _build_mp3_project/obj/tasks.o
 .text.xTaskCreateStatic
                0x0000000000004120       0x6c _build_mp3_project/obj/tasks.o
                0x0000000000004120                xTaskCreateStatic
 .text.xTaskCreate
                0x000000000000418c       0x5a _build_mp3_project/obj/tasks.o
                0x000000000000418c                xTaskCreate
 *fill*         0x00000000000041e6        0x2 ff
 .text.eTaskGetState
                0x00000000000041e8       0x6c _build_mp3_project/obj/tasks.o
                0x00000000000041e8                eTaskGetState
 .text.vTaskResume
                0x0000000000004254       0x84 _build_mp3_project/obj/tasks.o
                0x0000000000004254                vTaskResume
 .text.vTaskStartScheduler
                0x00000000000042d8       0x74 _build_mp3_project/obj/tasks.o
                0x00000000000042d8                vTaskStartScheduler
 .text.vTaskSuspendAll
                0x000000000000434c       0x10 _build_mp3_project/obj/tasks.o
                0x000000000000434c                vTaskSuspendAll
 .text.xTaskIncrementTick
                0x000000000000435c      0x124 _build_mp3_project/obj/tasks.o
                0x000000000000435c                xTaskIncrementTick
 .text.xTaskResumeAll
                0x0000000000004480       0xec _build_mp3_project/obj/tasks.o
                0x0000000000004480                xTaskResumeAll
 .text.vTaskDelay
                0x000000000000456c       0x48 _build_mp3_project/obj/tasks.o
                0x000000000000456c                vTaskDelay
 .text.xTaskGetHandle
                0x00000000000045b4       0x7c _build_mp3_project/obj/tasks.o
                0x00000000000045b4                xTaskGetHandle
 .text.vTaskSwitchContext
                0x0000000000004630       0xbc _build_mp3_project/obj/tasks.o
                0x0000000000004630                vTaskSwitchContext
 .text.vTaskSuspend
                0x00000000000046ec       0xd4 _build_mp3_project/obj/tasks.o
                0x00000000000046ec                vTaskSuspend
 .text.vTaskPlaceOnEventList
                0x00000000000047c0       0x30 _build_mp3_project/obj/tasks.o
                0x00000000000047c0                vTaskPlaceOnEventList
 .text.xTaskRemoveFromEventList
                0x00000000000047f0       0x80 _build_mp3_project/obj/tasks.o
                0x00000000000047f0                xTaskRemoveFromEventList
 .text.vTaskInternalSetTimeOutState
                0x0000000000004870       0x18 _build_mp3_project/obj/tasks.o
                0x0000000000004870                vTaskInternalSetTimeOutState
 .text.xTaskCheckForTimeOut
                0x0000000000004888       0x74 _build_mp3_project/obj/tasks.o
                0x0000000000004888                xTaskCheckForTimeOut
 .text.vTaskMissedYield
                0x00000000000048fc        0xc _build_mp3_project/obj/tasks.o
                0x00000000000048fc                vTaskMissedYield
 .text.vTaskGetInfo
                0x0000000000004908       0x7c _build_mp3_project/obj/tasks.o
                0x0000000000004908                vTaskGetInfo
 .text.prvListTasksWithinSingleList
                0x0000000000004984       0x5a _build_mp3_project/obj/tasks.o
 *fill*         0x00000000000049de        0x2 ff
 .text.uxTaskGetSystemState
                0x00000000000049e0       0x98 _build_mp3_project/obj/tasks.o
                0x00000000000049e0                uxTaskGetSystemState
 .text.xTaskGetSchedulerState
                0x0000000000004a78       0x20 _build_mp3_project/obj/tasks.o
                0x0000000000004a78                xTaskGetSchedulerState
 .text.xTaskPriorityInherit
                0x0000000000004a98       0xa4 _build_mp3_project/obj/tasks.o
                0x0000000000004a98                xTaskPriorityInherit
 .text.xTaskPriorityDisinherit
                0x0000000000004b3c       0x9c _build_mp3_project/obj/tasks.o
                0x0000000000004b3c                xTaskPriorityDisinherit
 .text.vTaskPriorityDisinheritAfterTimeout
                0x0000000000004bd8       0xb0 _build_mp3_project/obj/tasks.o
                0x0000000000004bd8                vTaskPriorityDisinheritAfterTimeout
 .text.pvTaskIncrementMutexHeldCount
                0x0000000000004c88       0x18 _build_mp3_project/obj/tasks.o
                0x0000000000004c88                pvTaskIncrementMutexHeldCount
 .text.vTaskResetRunTimeStats
                0x0000000000004ca0       0x6c _build_mp3_project/obj/tasks.o
                0x0000000000004ca0                vTaskResetRunTimeStats
 .text.vRunTimeStatIsrEntry
                0x0000000000004d0c       0x28 _build_mp3_project/obj/tasks.o
                0x0000000000004d0c                vRunTimeStatIsrEntry
 .text.vRunTimeStatIsrExit
                0x0000000000004d34       0x10 _build_mp3_project/obj/tasks.o
                0x0000000000004d34                vRunTimeStatIsrExit
 .text.board_io__initialize
                0x0000000000004d44      0x104 _build_mp3_project/obj/board_io.o
                0x0000000000004d44                board_io__initialize
 .text.board_io__sd_card_cs
                0x0000000000004e48       0x10 _build_mp3_project/obj/board_io.o
                0x0000000000004e48                board_io__sd_card_cs
 .text.board_io__sd_card_ds
                0x0000000000004e58       0x10 _build_mp3_project/obj/board_io.o
                0x0000000000004e58                board_io__sd_card_ds
 .text.board_io__sd_card_is_present
                0x0000000000004e68       0x14 _build_mp3_project/obj/board_io.o
                0x0000000000004e68                board_io__sd_card_is_present
 .text.board_io__get_led0
                0x0000000000004e7c        0xc _build_mp3_project/obj/board_io.o
                0x0000000000004e7c                board_io__get_led0
 .text.board_io__get_led1
                0x0000000000004e88        0xc _build_mp3_project/obj/board_io.o
                0x0000000000004e88                board_io__get_led1
 .text.board_io__get_led2
                0x0000000000004e94        0xc _build_mp3_project/obj/board_io.o
                0x0000000000004e94                board_io__get_led2
 .text.board_io__get_led3
                0x0000000000004ea0        0xc _build_mp3_project/obj/board_io.o
                0x0000000000004ea0                board_io__get_led3
 .text.gpio__set_function
                0x0000000000004eac       0x2a _build_mp3_project/obj/gpio.o
                0x0000000000004eac                gpio__set_function
 .text.gpio__construct_with_function
                0x0000000000004ed6       0x2a _build_mp3_project/obj/gpio.o
                0x0000000000004ed6                gpio__construct_with_function
 .text.gpio__enable_open_drain
                0x0000000000004f00       0x20 _build_mp3_project/obj/gpio.o
                0x0000000000004f00                gpio__enable_open_drain
 .text.gpio__enable_pull_down_resistors
                0x0000000000004f20       0x28 _build_mp3_project/obj/gpio.o
                0x0000000000004f20                gpio__enable_pull_down_resistors
 .text.gpio__set_as_input
                0x0000000000004f48       0x24 _build_mp3_project/obj/gpio.o
                0x0000000000004f48                gpio__set_as_input
 .text.gpio__construct_as_input
                0x0000000000004f6c       0x28 _build_mp3_project/obj/gpio.o
                0x0000000000004f6c                gpio__construct_as_input
 .text.gpio__set_as_output
                0x0000000000004f94       0x20 _build_mp3_project/obj/gpio.o
                0x0000000000004f94                gpio__set_as_output
 .text.gpio__construct_as_output
                0x0000000000004fb4       0x28 _build_mp3_project/obj/gpio.o
                0x0000000000004fb4                gpio__construct_as_output
 .text.gpio__get
                0x0000000000004fdc       0x24 _build_mp3_project/obj/gpio.o
                0x0000000000004fdc                gpio__get
 .text.gpio__set
                0x0000000000005000       0x1c _build_mp3_project/obj/gpio.o
                0x0000000000005000                gpio__set
 .text.gpio__reset
                0x000000000000501c       0x1c _build_mp3_project/obj/gpio.o
                0x000000000000501c                gpio__reset
 .text.gpio__toggle
                0x0000000000005038       0x1e _build_mp3_project/obj/gpio.o
                0x0000000000005038                gpio__toggle
 *fill*         0x0000000000005056        0x2 ff
 .text.hw_timer__enable
                0x0000000000005058       0x48 _build_mp3_project/obj/hw_timer.o
                0x0000000000005058                hw_timer__enable
 .text.hw_timer__enable_match_isr
                0x00000000000050a0       0x24 _build_mp3_project/obj/hw_timer.o
                0x00000000000050a0                hw_timer__enable_match_isr
 .text.hw_timer__acknowledge_interrupt
                0x00000000000050c4       0x18 _build_mp3_project/obj/hw_timer.o
                0x00000000000050c4                hw_timer__acknowledge_interrupt
 .text.hw_timer__get_value
                0x00000000000050dc       0x10 _build_mp3_project/obj/hw_timer.o
                0x00000000000050dc                hw_timer__get_value
 .text.hw_timer__set_value
                0x00000000000050ec       0x10 _build_mp3_project/obj/hw_timer.o
                0x00000000000050ec                hw_timer__set_value
 .text.i2c__transfer_unprotected
                0x00000000000050fc       0x5e _build_mp3_project/obj/i2c.o
 *fill*         0x000000000000515a        0x2 ff
 .text.i2c__handle_interrupt
                0x000000000000515c      0x128 _build_mp3_project/obj/i2c.o
 .text.i2c2_isr
                0x0000000000005284        0xc _build_mp3_project/obj/i2c.o
 .text.i2c1_isr
                0x0000000000005290        0xc _build_mp3_project/obj/i2c.o
 .text.i2c0_isr
                0x000000000000529c        0xc _build_mp3_project/obj/i2c.o
 .text.i2c__initialize
                0x00000000000052a8       0xb0 _build_mp3_project/obj/i2c.o
                0x00000000000052a8                i2c__initialize
 .text.i2c__read_slave_data
                0x0000000000005358       0x54 _build_mp3_project/obj/i2c.o
                0x0000000000005358                i2c__read_slave_data
 .text.i2c__read_single
                0x00000000000053ac       0x1e _build_mp3_project/obj/i2c.o
                0x00000000000053ac                i2c__read_single
 *fill*         0x00000000000053ca        0x2 ff
 .text.i2c__write_slave_data
                0x00000000000053cc       0x50 _build_mp3_project/obj/i2c.o
                0x00000000000053cc                i2c__write_slave_data
 .text.i2c__detect
                0x000000000000541c       0x18 _build_mp3_project/obj/i2c.o
                0x000000000000541c                i2c__detect
 .text.i2c__write_single
                0x0000000000005434       0x18 _build_mp3_project/obj/i2c.o
                0x0000000000005434                i2c__write_single
 .text.lpc_peripheral__halt_handler
                0x000000000000544c        0x2 _build_mp3_project/obj/lpc_peripherals.o
 *fill*         0x000000000000544e        0x2 ff
 .text.lpc_peripheral__interrupt_dispatcher
                0x0000000000005450       0x34 _build_mp3_project/obj/lpc_peripherals.o
                0x0000000000005450                lpc_peripheral__interrupt_dispatcher
 .text.lpc_peripheral__turn_on_power_to
                0x0000000000005484       0x24 _build_mp3_project/obj/lpc_peripherals.o
                0x0000000000005484                lpc_peripheral__turn_on_power_to
 .text.lpc_peripheral__is_powered_on
                0x00000000000054a8       0x24 _build_mp3_project/obj/lpc_peripherals.o
                0x00000000000054a8                lpc_peripheral__is_powered_on
 .text.lpc_peripheral__enable_interrupt
                0x00000000000054cc       0x30 _build_mp3_project/obj/lpc_peripherals.o
                0x00000000000054cc                lpc_peripheral__enable_interrupt
 .text.ssp0__set_max_clock
                0x00000000000054fc       0x2c _build_mp3_project/obj/mp3_decoder.o
 .text.ssp0__init
                0x0000000000005528       0x24 _build_mp3_project/obj/mp3_decoder.o
                0x0000000000005528                ssp0__init
 .text.ssp0_transferByte
                0x000000000000554c       0x14 _build_mp3_project/obj/mp3_decoder.o
                0x000000000000554c                ssp0_transferByte
 .text.pin__init
                0x0000000000005560       0x6c _build_mp3_project/obj/mp3_decoder.o
                0x0000000000005560                pin__init
 .text.set__XDCS
                0x00000000000055cc       0x10 _build_mp3_project/obj/mp3_decoder.o
                0x00000000000055cc                set__XDCS
 .text.reset__XDCS
                0x00000000000055dc       0x10 _build_mp3_project/obj/mp3_decoder.o
                0x00000000000055dc                reset__XDCS
 .text.set__CS  0x00000000000055ec       0x10 _build_mp3_project/obj/mp3_decoder.o
                0x00000000000055ec                set__CS
 .text.reset__CS
                0x00000000000055fc       0x10 _build_mp3_project/obj/mp3_decoder.o
                0x00000000000055fc                reset__CS
 .text.reset__RST
                0x000000000000560c       0x10 _build_mp3_project/obj/mp3_decoder.o
                0x000000000000560c                reset__RST
 .text.DREQ_status
                0x000000000000561c       0x10 _build_mp3_project/obj/mp3_decoder.o
                0x000000000000561c                DREQ_status
 .text.read_register
                0x000000000000562c       0x48 _build_mp3_project/obj/mp3_decoder.o
                0x000000000000562c                read_register
 .text.write_register
                0x0000000000005674       0x3a _build_mp3_project/obj/mp3_decoder.o
                0x0000000000005674                write_register
 *fill*         0x00000000000056ae        0x2 ff
 .text.mp3_decoder_setup
                0x00000000000056b0       0xb4 _build_mp3_project/obj/mp3_decoder.o
                0x00000000000056b0                mp3_decoder_setup
 .text.send_mp3Data
                0x0000000000005764       0x12 _build_mp3_project/obj/mp3_decoder.o
                0x0000000000005764                send_mp3Data
 *fill*         0x0000000000005776        0x2 ff
 .text.ssp2__dma_transfer_block
                0x0000000000005778       0x98 _build_mp3_project/obj/ssp2.o
 .text.ssp2__set_max_clock
                0x0000000000005810       0x2c _build_mp3_project/obj/ssp2.o
                0x0000000000005810                ssp2__set_max_clock
 .text.ssp2__initialize
                0x000000000000583c       0x44 _build_mp3_project/obj/ssp2.o
                0x000000000000583c                ssp2__initialize
 .text.ssp2__exchange_byte
                0x0000000000005880       0x14 _build_mp3_project/obj/ssp2.o
                0x0000000000005880                ssp2__exchange_byte
 .text.ssp2__dma_write_block
                0x0000000000005894        0x6 _build_mp3_project/obj/ssp2.o
                0x0000000000005894                ssp2__dma_write_block
 .text.ssp2__dma_read_block
                0x000000000000589a        0x6 _build_mp3_project/obj/ssp2.o
                0x000000000000589a                ssp2__dma_read_block
 .text.uart__isr_common
                0x00000000000058a0       0x94 _build_mp3_project/obj/uart.o
 .text.uart3_isr
                0x0000000000005934        0xc _build_mp3_project/obj/uart.o
 .text.uart2_isr
                0x0000000000005940        0xc _build_mp3_project/obj/uart.o
 .text.uart1_isr
                0x000000000000594c        0xc _build_mp3_project/obj/uart.o
 .text.uart0_isr
                0x0000000000005958        0xc _build_mp3_project/obj/uart.o
 .text.uart__init
                0x0000000000005964       0x60 _build_mp3_project/obj/uart.o
                0x0000000000005964                uart__init
 .text.uart__is_initialized
                0x00000000000059c4       0x28 _build_mp3_project/obj/uart.o
                0x00000000000059c4                uart__is_initialized
 .text.uart__is_transmit_queue_initialized
                0x00000000000059ec       0x14 _build_mp3_project/obj/uart.o
                0x00000000000059ec                uart__is_transmit_queue_initialized
 .text.uart__enable_queues
                0x0000000000005a00       0x70 _build_mp3_project/obj/uart.o
                0x0000000000005a00                uart__enable_queues
 .text.uart__polled_put
                0x0000000000005a70       0x24 _build_mp3_project/obj/uart.o
                0x0000000000005a70                uart__polled_put
 .text.uart__get
                0x0000000000005a94       0x4c _build_mp3_project/obj/uart.o
                0x0000000000005a94                uart__get
 .text.uart__polled_get
                0x0000000000005ae0       0x54 _build_mp3_project/obj/uart.o
                0x0000000000005ae0                uart__polled_get
 .text.uart__put
                0x0000000000005b34       0x7c _build_mp3_project/obj/uart.o
                0x0000000000005b34                uart__put
 .text          0x0000000000005bb0       0x30 /Users/hamsikapongubala/Desktop/MP3-Project/toolchains/mac/gcc-arm-none-eabi-8-2019-q3-update/bin/../lib/gcc/arm-none-eabi/8.3.1/thumb/v7e-m+fp/hard/libgcc.a(_aeabi_uldivmod.o)
                0x0000000000005bb0                __aeabi_uldivmod
 .text          0x0000000000005be0      0x2d0 /Users/hamsikapongubala/Desktop/MP3-Project/toolchains/mac/gcc-arm-none-eabi-8-2019-q3-update/bin/../lib/gcc/arm-none-eabi/8.3.1/thumb/v7e-m+fp/hard/libgcc.a(_udivmoddi4.o)
                0x0000000000005be0                __udivmoddi4
 .text          0x0000000000005eb0        0x4 /Users/hamsikapongubala/Desktop/MP3-Project/toolchains/mac/gcc-arm-none-eabi-8-2019-q3-update/bin/../lib/gcc/arm-none-eabi/8.3.1/thumb/v7e-m+fp/hard/libgcc.a(_dvmd_tls.o)
                0x0000000000005eb0                __aeabi_ldiv0
                0x0000000000005eb0                __aeabi_idiv0
 .text.atoi     0x0000000000005eb4        0x8 /Users/hamsikapongubala/Desktop/MP3-Project/toolchains/mac/gcc-arm-none-eabi-8-2019-q3-update/bin/../lib/gcc/arm-none-eabi/8.3.1/../../../../arm-none-eabi/lib/thumb/v7e-m+fp/hard/libg_nano.a(lib_a-atoi.o)
                0x0000000000005eb4                atoi
 .text.fprintf  0x0000000000005ebc       0x24 /Users/hamsikapongubala/Desktop/MP3-Project/toolchains/mac/gcc-arm-none-eabi-8-2019-q3-update/bin/../lib/gcc/arm-none-eabi/8.3.1/../../../../arm-none-eabi/lib/thumb/v7e-m+fp/hard/libg_nano.a(lib_a-fprintf.o)
                0x0000000000005ebc                fprintf
                0x0000000000005ebc                fiprintf
 .text._fputs_r
                0x0000000000005ee0       0xcc /Users/hamsikapongubala/Desktop/MP3-Project/toolchains/mac/gcc-arm-none-eabi-8-2019-q3-update/bin/../lib/gcc/arm-none-eabi/8.3.1/../../../../arm-none-eabi/lib/thumb/v7e-m+fp/hard/libg_nano.a(lib_a-fputs.o)
                0x0000000000005ee0                _fputs_r
 .text.fputs    0x0000000000005fac       0x10 /Users/hamsikapongubala/Desktop/MP3-Project/toolchains/mac/gcc-arm-none-eabi-8-2019-q3-update/bin/../lib/gcc/arm-none-eabi/8.3.1/../../../../arm-none-eabi/lib/thumb/v7e-m+fp/hard/libg_nano.a(lib_a-fputs.o)
                0x0000000000005fac                fputs
 .text.getchar  0x0000000000005fbc       0x24 /Users/hamsikapongubala/Desktop/MP3-Project/toolchains/mac/gcc-arm-none-eabi-8-2019-q3-update/bin/../lib/gcc/arm-none-eabi/8.3.1/../../../../arm-none-eabi/lib/thumb/v7e-m+fp/hard/libg_nano.a(lib_a-getchar.o)
                0x0000000000005fbc                getchar
 .text.__retarget_lock_init_recursive
                0x0000000000005fe0        0x2 /Users/hamsikapongubala/Desktop/MP3-Project/toolchains/mac/gcc-arm-none-eabi-8-2019-q3-update/bin/../lib/gcc/arm-none-eabi/8.3.1/../../../../arm-none-eabi/lib/thumb/v7e-m+fp/hard/libg_nano.a(lib_a-lock.o)
                0x0000000000005fe0                __retarget_lock_init_recursive
 .text.__retarget_lock_acquire_recursive
                0x0000000000005fe2        0x2 /Users/hamsikapongubala/Desktop/MP3-Project/toolchains/mac/gcc-arm-none-eabi-8-2019-q3-update/bin/../lib/gcc/arm-none-eabi/8.3.1/../../../../arm-none-eabi/lib/thumb/v7e-m+fp/hard/libg_nano.a(lib_a-lock.o)
                0x0000000000005fe2                __retarget_lock_acquire_recursive
 .text.__retarget_lock_release_recursive
                0x0000000000005fe4        0x2 /Users/hamsikapongubala/Desktop/MP3-Project/toolchains/mac/gcc-arm-none-eabi-8-2019-q3-update/bin/../lib/gcc/arm-none-eabi/8.3.1/../../../../arm-none-eabi/lib/thumb/v7e-m+fp/hard/libg_nano.a(lib_a-lock.o)
                0x0000000000005fe4                __retarget_lock_release_recursive
 *fill*         0x0000000000005fe6        0x2 ff
 .text.malloc   0x0000000000005fe8       0x10 /Users/hamsikapongubala/Desktop/MP3-Project/toolchains/mac/gcc-arm-none-eabi-8-2019-q3-update/bin/../lib/gcc/arm-none-eabi/8.3.1/../../../../arm-none-eabi/lib/thumb/v7e-m+fp/hard/libg_nano.a(lib_a-malloc.o)
                0x0000000000005fe8                malloc
 .text.free     0x0000000000005ff8       0x10 /Users/hamsikapongubala/Desktop/MP3-Project/toolchains/mac/gcc-arm-none-eabi-8-2019-q3-update/bin/../lib/gcc/arm-none-eabi/8.3.1/../../../../arm-none-eabi/lib/thumb/v7e-m+fp/hard/libg_nano.a(lib_a-malloc.o)
                0x0000000000005ff8                free
 .text.memcpy   0x0000000000006008       0x1c /Users/hamsikapongubala/Desktop/MP3-Project/toolchains/mac/gcc-arm-none-eabi-8-2019-q3-update/bin/../lib/gcc/arm-none-eabi/8.3.1/../../../../arm-none-eabi/lib/thumb/v7e-m+fp/hard/libg_nano.a(lib_a-memcpy-stub.o)
                0x0000000000006008                memcpy
 .text.memmove  0x0000000000006024       0x34 /Users/hamsikapongubala/Desktop/MP3-Project/toolchains/mac/gcc-arm-none-eabi-8-2019-q3-update/bin/../lib/gcc/arm-none-eabi/8.3.1/../../../../arm-none-eabi/lib/thumb/v7e-m+fp/hard/libg_nano.a(lib_a-memmove.o)
                0x0000000000006024                memmove
 .text.memset   0x0000000000006058       0x10 /Users/hamsikapongubala/Desktop/MP3-Project/toolchains/mac/gcc-arm-none-eabi-8-2019-q3-update/bin/../lib/gcc/arm-none-eabi/8.3.1/../../../../arm-none-eabi/lib/thumb/v7e-m+fp/hard/libg_nano.a(lib_a-memset.o)
                0x0000000000006058                memset
 .text._free_r  0x0000000000006068       0x9c /Users/hamsikapongubala/Desktop/MP3-Project/toolchains/mac/gcc-arm-none-eabi-8-2019-q3-update/bin/../lib/gcc/arm-none-eabi/8.3.1/../../../../arm-none-eabi/lib/thumb/v7e-m+fp/hard/libg_nano.a(lib_a-nano-freer.o)
                0x0000000000006068                _free_r
 .text._malloc_r
                0x0000000000006104       0xb4 /Users/hamsikapongubala/Desktop/MP3-Project/toolchains/mac/gcc-arm-none-eabi-8-2019-q3-update/bin/../lib/gcc/arm-none-eabi/8.3.1/../../../../arm-none-eabi/lib/thumb/v7e-m+fp/hard/libg_nano.a(lib_a-nano-mallocr.o)
                0x0000000000006104                _malloc_r
 .text.__sfputc_r
                0x00000000000061b8       0x2e /Users/hamsikapongubala/Desktop/MP3-Project/toolchains/mac/gcc-arm-none-eabi-8-2019-q3-update/bin/../lib/gcc/arm-none-eabi/8.3.1/../../../../arm-none-eabi/lib/thumb/v7e-m+fp/hard/libg_nano.a(lib_a-nano-vfprintf.o)
 .text.__sfputs_r
                0x00000000000061e6       0x24 /Users/hamsikapongubala/Desktop/MP3-Project/toolchains/mac/gcc-arm-none-eabi-8-2019-q3-update/bin/../lib/gcc/arm-none-eabi/8.3.1/../../../../arm-none-eabi/lib/thumb/v7e-m+fp/hard/libg_nano.a(lib_a-nano-vfprintf.o)
                0x00000000000061e6                __sfputs_r
 *fill*         0x000000000000620a        0x2 ff
 .text._vfprintf_r
                0x000000000000620c      0x250 /Users/hamsikapongubala/Desktop/MP3-Project/toolchains/mac/gcc-arm-none-eabi-8-2019-q3-update/bin/../lib/gcc/arm-none-eabi/8.3.1/../../../../arm-none-eabi/lib/thumb/v7e-m+fp/hard/libg_nano.a(lib_a-nano-vfprintf.o)
                0x000000000000620c                _vfiprintf_r
                0x000000000000620c                _vfprintf_r
 .text.__cvt    0x000000000000645c       0xba /Users/hamsikapongubala/Desktop/MP3-Project/toolchains/mac/gcc-arm-none-eabi-8-2019-q3-update/bin/../lib/gcc/arm-none-eabi/8.3.1/../../../../arm-none-eabi/lib/thumb/v7e-m+fp/hard/libg_nano.a(lib_a-nano-vfprintf_float.o)
                0x000000000000645c                __cvt
 .text.__exponent
                0x0000000000006516       0x64 /Users/hamsikapongubala/Desktop/MP3-Project/toolchains/mac/gcc-arm-none-eabi-8-2019-q3-update/bin/../lib/gcc/arm-none-eabi/8.3.1/../../../../arm-none-eabi/lib/thumb/v7e-m+fp/hard/libg_nano.a(lib_a-nano-vfprintf_float.o)
                0x0000000000006516                __exponent
 *fill*         0x000000000000657a        0x2 ff
 .text._printf_float
                0x000000000000657c      0x454 /Users/hamsikapongubala/Desktop/MP3-Project/toolchains/mac/gcc-arm-none-eabi-8-2019-q3-update/bin/../lib/gcc/arm-none-eabi/8.3.1/../../../../arm-none-eabi/lib/thumb/v7e-m+fp/hard/libg_nano.a(lib_a-nano-vfprintf_float.o)
                0x000000000000657c                _printf_float
 .text._printf_common
                0x00000000000069d0       0xea /Users/hamsikapongubala/Desktop/MP3-Project/toolchains/mac/gcc-arm-none-eabi-8-2019-q3-update/bin/../lib/gcc/arm-none-eabi/8.3.1/../../../../arm-none-eabi/lib/thumb/v7e-m+fp/hard/libg_nano.a(lib_a-nano-vfprintf_i.o)
                0x00000000000069d0                _printf_common
 *fill*         0x0000000000006aba        0x2 ff
 .text._printf_i
                0x0000000000006abc      0x228 /Users/hamsikapongubala/Desktop/MP3-Project/toolchains/mac/gcc-arm-none-eabi-8-2019-q3-update/bin/../lib/gcc/arm-none-eabi/8.3.1/../../../../arm-none-eabi/lib/thumb/v7e-m+fp/hard/libg_nano.a(lib_a-nano-vfprintf_i.o)
                0x0000000000006abc                _printf_i
 .text._scanf_float
                0x0000000000006ce4      0x3c0 /Users/hamsikapongubala/Desktop/MP3-Project/toolchains/mac/gcc-arm-none-eabi-8-2019-q3-update/bin/../lib/gcc/arm-none-eabi/8.3.1/../../../../arm-none-eabi/lib/thumb/v7e-m+fp/hard/libg_nano.a(lib_a-nano-vfscanf_float.o)
                0x0000000000006ce4                _scanf_float
 .text.printf   0x00000000000070a4       0x30 /Users/hamsikapongubala/Desktop/MP3-Project/toolchains/mac/gcc-arm-none-eabi-8-2019-q3-update/bin/../lib/gcc/arm-none-eabi/8.3.1/../../../../arm-none-eabi/lib/thumb/v7e-m+fp/hard/libg_nano.a(lib_a-printf.o)
                0x00000000000070a4                printf
                0x00000000000070a4                iprintf
 .text.putchar  0x00000000000070d4       0x28 /Users/hamsikapongubala/Desktop/MP3-Project/toolchains/mac/gcc-arm-none-eabi-8-2019-q3-update/bin/../lib/gcc/arm-none-eabi/8.3.1/../../../../arm-none-eabi/lib/thumb/v7e-m+fp/hard/libg_nano.a(lib_a-putchar.o)
                0x00000000000070d4                putchar
 .text._puts_r  0x00000000000070fc       0xdc /Users/hamsikapongubala/Desktop/MP3-Project/toolchains/mac/gcc-arm-none-eabi-8-2019-q3-update/bin/../lib/gcc/arm-none-eabi/8.3.1/../../../../arm-none-eabi/lib/thumb/v7e-m+fp/hard/libg_nano.a(lib_a-puts.o)
                0x00000000000070fc                _puts_r
 .text.puts     0x00000000000071d8       0x10 /Users/hamsikapongubala/Desktop/MP3-Project/toolchains/mac/gcc-arm-none-eabi-8-2019-q3-update/bin/../lib/gcc/arm-none-eabi/8.3.1/../../../../arm-none-eabi/lib/thumb/v7e-m+fp/hard/libg_nano.a(lib_a-puts.o)
                0x00000000000071d8                puts
 .text._sbrk_r  0x00000000000071e8       0x20 /Users/hamsikapongubala/Desktop/MP3-Project/toolchains/mac/gcc-arm-none-eabi-8-2019-q3-update/bin/../lib/gcc/arm-none-eabi/8.3.1/../../../../arm-none-eabi/lib/thumb/v7e-m+fp/hard/libg_nano.a(lib_a-sbrkr.o)
                0x00000000000071e8                _sbrk_r
 .text.setvbuf  0x0000000000007208      0x184 /Users/hamsikapongubala/Desktop/MP3-Project/toolchains/mac/gcc-arm-none-eabi-8-2019-q3-update/bin/../lib/gcc/arm-none-eabi/8.3.1/../../../../arm-none-eabi/lib/thumb/v7e-m+fp/hard/libg_nano.a(lib_a-setvbuf.o)
                0x0000000000007208                setvbuf
 .text.nanf     0x000000000000738c        0xc /Users/hamsikapongubala/Desktop/MP3-Project/toolchains/mac/gcc-arm-none-eabi-8-2019-q3-update/bin/../lib/gcc/arm-none-eabi/8.3.1/../../../../arm-none-eabi/lib/thumb/v7e-m+fp/hard/libg_nano.a(lib_a-sf_nan.o)
                0x000000000000738c                nanf
 .text.sprintf  0x0000000000007398       0x40 /Users/hamsikapongubala/Desktop/MP3-Project/toolchains/mac/gcc-arm-none-eabi-8-2019-q3-update/bin/../lib/gcc/arm-none-eabi/8.3.1/../../../../arm-none-eabi/lib/thumb/v7e-m+fp/hard/libg_nano.a(lib_a-sprintf.o)
                0x0000000000007398                sprintf
                0x0000000000007398                siprintf
 .text.strcasecmp
                0x00000000000073d8       0x38 /Users/hamsikapongubala/Desktop/MP3-Project/toolchains/mac/gcc-arm-none-eabi-8-2019-q3-update/bin/../lib/gcc/arm-none-eabi/8.3.1/../../../../arm-none-eabi/lib/thumb/v7e-m+fp/hard/libg_nano.a(lib_a-strcasecmp.o)
                0x00000000000073d8                strcasecmp
 .text.strchr   0x0000000000007410       0x1a /Users/hamsikapongubala/Desktop/MP3-Project/toolchains/mac/gcc-arm-none-eabi-8-2019-q3-update/bin/../lib/gcc/arm-none-eabi/8.3.1/../../../../arm-none-eabi/lib/thumb/v7e-m+fp/hard/libg_nano.a(lib_a-strchr.o)
                0x0000000000007410                strchr
 .text          0x000000000000742a       0x10 /Users/hamsikapongubala/Desktop/MP3-Project/toolchains/mac/gcc-arm-none-eabi-8-2019-q3-update/bin/../lib/gcc/arm-none-eabi/8.3.1/../../../../arm-none-eabi/lib/thumb/v7e-m+fp/hard/libg_nano.a(lib_a-strlen.o)
                0x000000000000742a                strlen
 *fill*         0x000000000000743a        0x2 ff
 .text.strncasecmp
                0x000000000000743c       0x44 /Users/hamsikapongubala/Desktop/MP3-Project/toolchains/mac/gcc-arm-none-eabi-8-2019-q3-update/bin/../lib/gcc/arm-none-eabi/8.3.1/../../../../arm-none-eabi/lib/thumb/v7e-m+fp/hard/libg_nano.a(lib_a-strncasecmp.o)
                0x000000000000743c                strncasecmp
 .text.strncmp  0x0000000000007480       0x24 /Users/hamsikapongubala/Desktop/MP3-Project/toolchains/mac/gcc-arm-none-eabi-8-2019-q3-update/bin/../lib/gcc/arm-none-eabi/8.3.1/../../../../arm-none-eabi/lib/thumb/v7e-m+fp/hard/libg_nano.a(lib_a-strncmp.o)
                0x0000000000007480                strncmp
 .text.strncpy  0x00000000000074a4       0x26 /Users/hamsikapongubala/Desktop/MP3-Project/toolchains/mac/gcc-arm-none-eabi-8-2019-q3-update/bin/../lib/gcc/arm-none-eabi/8.3.1/../../../../arm-none-eabi/lib/thumb/v7e-m+fp/hard/libg_nano.a(lib_a-strncpy.o)
                0x00000000000074a4                strncpy
 .text.strstr   0x00000000000074ca       0x2e /Users/hamsikapongubala/Desktop/MP3-Project/toolchains/mac/gcc-arm-none-eabi-8-2019-q3-update/bin/../lib/gcc/arm-none-eabi/8.3.1/../../../../arm-none-eabi/lib/thumb/v7e-m+fp/hard/libg_nano.a(lib_a-strstr.o)
                0x00000000000074ca                strstr
 .text.sulp     0x00000000000074f8       0x38 /Users/hamsikapongubala/Desktop/MP3-Project/toolchains/mac/gcc-arm-none-eabi-8-2019-q3-update/bin/../lib/gcc/arm-none-eabi/8.3.1/../../../../arm-none-eabi/lib/thumb/v7e-m+fp/hard/libg_nano.a(lib_a-strtod.o)
 .text._strtod_l
                0x0000000000007530      0xb98 /Users/hamsikapongubala/Desktop/MP3-Project/toolchains/mac/gcc-arm-none-eabi-8-2019-q3-update/bin/../lib/gcc/arm-none-eabi/8.3.1/../../../../arm-none-eabi/lib/thumb/v7e-m+fp/hard/libg_nano.a(lib_a-strtod.o)
                0x0000000000007530                _strtod_l
 .text._strtod_r
                0x00000000000080c8        0xc /Users/hamsikapongubala/Desktop/MP3-Project/toolchains/mac/gcc-arm-none-eabi-8-2019-q3-update/bin/../lib/gcc/arm-none-eabi/8.3.1/../../../../arm-none-eabi/lib/thumb/v7e-m+fp/hard/libg_nano.a(lib_a-strtod.o)
                0x00000000000080c8                _strtod_r
 .text._strtol_l.isra.0
                0x00000000000080d4       0xf0 /Users/hamsikapongubala/Desktop/MP3-Project/toolchains/mac/gcc-arm-none-eabi-8-2019-q3-update/bin/../lib/gcc/arm-none-eabi/8.3.1/../../../../arm-none-eabi/lib/thumb/v7e-m+fp/hard/libg_nano.a(lib_a-strtol.o)
 .text._strtol_r
                0x00000000000081c4        0x4 /Users/hamsikapongubala/Desktop/MP3-Project/toolchains/mac/gcc-arm-none-eabi-8-2019-q3-update/bin/../lib/gcc/arm-none-eabi/8.3.1/../../../../arm-none-eabi/lib/thumb/v7e-m+fp/hard/libg_nano.a(lib_a-strtol.o)
                0x00000000000081c4                _strtol_r
 .text.strtol   0x00000000000081c8       0x14 /Users/hamsikapongubala/Desktop/MP3-Project/toolchains/mac/gcc-arm-none-eabi-8-2019-q3-update/bin/../lib/gcc/arm-none-eabi/8.3.1/../../../../arm-none-eabi/lib/thumb/v7e-m+fp/hard/libg_nano.a(lib_a-strtol.o)
                0x00000000000081c8                strtol
 .text._vsnprintf_r
                0x00000000000081dc       0x58 /Users/hamsikapongubala/Desktop/MP3-Project/toolchains/mac/gcc-arm-none-eabi-8-2019-q3-update/bin/../lib/gcc/arm-none-eabi/8.3.1/../../../../arm-none-eabi/lib/thumb/v7e-m+fp/hard/libg_nano.a(lib_a-vsnprintf.o)
                0x00000000000081dc                _vsnprintf_r
                0x00000000000081dc                _vsniprintf_r
 .text.vsnprintf
                0x0000000000008234       0x1c /Users/hamsikapongubala/Desktop/MP3-Project/toolchains/mac/gcc-arm-none-eabi-8-2019-q3-update/bin/../lib/gcc/arm-none-eabi/8.3.1/../../../../arm-none-eabi/lib/thumb/v7e-m+fp/hard/libg_nano.a(lib_a-vsnprintf.o)
                0x0000000000008234                vsnprintf
                0x0000000000008234                vsniprintf
 .text._vsscanf_r
                0x0000000000008250       0x48 /Users/hamsikapongubala/Desktop/MP3-Project/toolchains/mac/gcc-arm-none-eabi-8-2019-q3-update/bin/../lib/gcc/arm-none-eabi/8.3.1/../../../../arm-none-eabi/lib/thumb/v7e-m+fp/hard/libg_nano.a(lib_a-vsscanf.o)
                0x0000000000008250                _vsiscanf_r
                0x0000000000008250                _vsscanf_r
 .text.vsscanf  0x0000000000008298       0x14 /Users/hamsikapongubala/Desktop/MP3-Project/toolchains/mac/gcc-arm-none-eabi-8-2019-q3-update/bin/../lib/gcc/arm-none-eabi/8.3.1/../../../../arm-none-eabi/lib/thumb/v7e-m+fp/hard/libg_nano.a(lib_a-vsscanf.o)
                0x0000000000008298                vsscanf
                0x0000000000008298                vsiscanf
 .text.__swbuf_r
                0x00000000000082ac       0xa4 /Users/hamsikapongubala/Desktop/MP3-Project/toolchains/mac/gcc-arm-none-eabi-8-2019-q3-update/bin/../lib/gcc/arm-none-eabi/8.3.1/../../../../arm-none-eabi/lib/thumb/v7e-m+fp/hard/libg_nano.a(lib_a-wbuf.o)
                0x00000000000082ac                __swbuf_r
 .text.__swsetup_r
                0x0000000000008350       0xdc /Users/hamsikapongubala/Desktop/MP3-Project/toolchains/mac/gcc-arm-none-eabi-8-2019-q3-update/bin/../lib/gcc/arm-none-eabi/8.3.1/../../../../arm-none-eabi/lib/thumb/v7e-m+fp/hard/libg_nano.a(lib_a-wsetup.o)
                0x0000000000008350                __swsetup_r
 .text.quorem   0x000000000000842c      0x112 /Users/hamsikapongubala/Desktop/MP3-Project/toolchains/mac/gcc-arm-none-eabi-8-2019-q3-update/bin/../lib/gcc/arm-none-eabi/8.3.1/../../../../arm-none-eabi/lib/thumb/v7e-m+fp/hard/libg_nano.a(lib_a-dtoa.o)
 *fill*         0x000000000000853e        0x2 ff
 .text._dtoa_r  0x0000000000008540      0xb74 /Users/hamsikapongubala/Desktop/MP3-Project/toolchains/mac/gcc-arm-none-eabi-8-2019-q3-update/bin/../lib/gcc/arm-none-eabi/8.3.1/../../../../arm-none-eabi/lib/thumb/v7e-m+fp/hard/libg_nano.a(lib_a-dtoa.o)
                0x0000000000008540                _dtoa_r
 .text.__sflush_r
                0x00000000000090b4      0x10c /Users/hamsikapongubala/Desktop/MP3-Project/toolchains/mac/gcc-arm-none-eabi-8-2019-q3-update/bin/../lib/gcc/arm-none-eabi/8.3.1/../../../../arm-none-eabi/lib/thumb/v7e-m+fp/hard/libg_nano.a(lib_a-fflush.o)
                0x00000000000090b4                __sflush_r
 .text._fflush_r
                0x00000000000091c0       0x78 /Users/hamsikapongubala/Desktop/MP3-Project/toolchains/mac/gcc-arm-none-eabi-8-2019-q3-update/bin/../lib/gcc/arm-none-eabi/8.3.1/../../../../arm-none-eabi/lib/thumb/v7e-m+fp/hard/libg_nano.a(lib_a-fflush.o)
                0x00000000000091c0                _fflush_r
 .text.fflush   0x0000000000009238       0x24 /Users/hamsikapongubala/Desktop/MP3-Project/toolchains/mac/gcc-arm-none-eabi-8-2019-q3-update/bin/../lib/gcc/arm-none-eabi/8.3.1/../../../../arm-none-eabi/lib/thumb/v7e-m+fp/hard/libg_nano.a(lib_a-fflush.o)
                0x0000000000009238                fflush
 .text.std      0x000000000000925c       0x48 /Users/hamsikapongubala/Desktop/MP3-Project/toolchains/mac/gcc-arm-none-eabi-8-2019-q3-update/bin/../lib/gcc/arm-none-eabi/8.3.1/../../../../arm-none-eabi/lib/thumb/v7e-m+fp/hard/libg_nano.a(lib_a-findfp.o)
 .text._cleanup_r
                0x00000000000092a4        0xc /Users/hamsikapongubala/Desktop/MP3-Project/toolchains/mac/gcc-arm-none-eabi-8-2019-q3-update/bin/../lib/gcc/arm-none-eabi/8.3.1/../../../../arm-none-eabi/lib/thumb/v7e-m+fp/hard/libg_nano.a(lib_a-findfp.o)
                0x00000000000092a4                _cleanup_r
 .text.__sfmoreglue
                0x00000000000092b0       0x2c /Users/hamsikapongubala/Desktop/MP3-Project/toolchains/mac/gcc-arm-none-eabi-8-2019-q3-update/bin/../lib/gcc/arm-none-eabi/8.3.1/../../../../arm-none-eabi/lib/thumb/v7e-m+fp/hard/libg_nano.a(lib_a-findfp.o)
                0x00000000000092b0                __sfmoreglue
 .text.__sfp_lock_acquire
                0x00000000000092dc        0xc /Users/hamsikapongubala/Desktop/MP3-Project/toolchains/mac/gcc-arm-none-eabi-8-2019-q3-update/bin/../lib/gcc/arm-none-eabi/8.3.1/../../../../arm-none-eabi/lib/thumb/v7e-m+fp/hard/libg_nano.a(lib_a-findfp.o)
                0x00000000000092dc                __sfp_lock_acquire
 .text.__sfp_lock_release
                0x00000000000092e8        0xc /Users/hamsikapongubala/Desktop/MP3-Project/toolchains/mac/gcc-arm-none-eabi-8-2019-q3-update/bin/../lib/gcc/arm-none-eabi/8.3.1/../../../../arm-none-eabi/lib/thumb/v7e-m+fp/hard/libg_nano.a(lib_a-findfp.o)
                0x00000000000092e8                __sfp_lock_release
 .text.__sinit_lock_acquire
                0x00000000000092f4        0xc /Users/hamsikapongubala/Desktop/MP3-Project/toolchains/mac/gcc-arm-none-eabi-8-2019-q3-update/bin/../lib/gcc/arm-none-eabi/8.3.1/../../../../arm-none-eabi/lib/thumb/v7e-m+fp/hard/libg_nano.a(lib_a-findfp.o)
                0x00000000000092f4                __sinit_lock_acquire
 .text.__sinit_lock_release
                0x0000000000009300        0xc /Users/hamsikapongubala/Desktop/MP3-Project/toolchains/mac/gcc-arm-none-eabi-8-2019-q3-update/bin/../lib/gcc/arm-none-eabi/8.3.1/../../../../arm-none-eabi/lib/thumb/v7e-m+fp/hard/libg_nano.a(lib_a-findfp.o)
                0x0000000000009300                __sinit_lock_release
 .text.__sinit  0x000000000000930c       0x70 /Users/hamsikapongubala/Desktop/MP3-Project/toolchains/mac/gcc-arm-none-eabi-8-2019-q3-update/bin/../lib/gcc/arm-none-eabi/8.3.1/../../../../arm-none-eabi/lib/thumb/v7e-m+fp/hard/libg_nano.a(lib_a-findfp.o)
                0x000000000000930c                __sinit
 .text.__sfp    0x000000000000937c       0x8c /Users/hamsikapongubala/Desktop/MP3-Project/toolchains/mac/gcc-arm-none-eabi-8-2019-q3-update/bin/../lib/gcc/arm-none-eabi/8.3.1/../../../../arm-none-eabi/lib/thumb/v7e-m+fp/hard/libg_nano.a(lib_a-findfp.o)
                0x000000000000937c                __sfp
 .text._fwalk   0x0000000000009408       0x38 /Users/hamsikapongubala/Desktop/MP3-Project/toolchains/mac/gcc-arm-none-eabi-8-2019-q3-update/bin/../lib/gcc/arm-none-eabi/8.3.1/../../../../arm-none-eabi/lib/thumb/v7e-m+fp/hard/libg_nano.a(lib_a-fwalk.o)
                0x0000000000009408                _fwalk
 .text._fwalk_reent
                0x0000000000009440       0x3c /Users/hamsikapongubala/Desktop/MP3-Project/toolchains/mac/gcc-arm-none-eabi-8-2019-q3-update/bin/../lib/gcc/arm-none-eabi/8.3.1/../../../../arm-none-eabi/lib/thumb/v7e-m+fp/hard/libg_nano.a(lib_a-fwalk.o)
                0x0000000000009440                _fwalk_reent
 .text.rshift   0x000000000000947c       0x74 /Users/hamsikapongubala/Desktop/MP3-Project/toolchains/mac/gcc-arm-none-eabi-8-2019-q3-update/bin/../lib/gcc/arm-none-eabi/8.3.1/../../../../arm-none-eabi/lib/thumb/v7e-m+fp/hard/libg_nano.a(lib_a-gdtoa-gethex.o)
 .text.__hexdig_fun
                0x00000000000094f0       0x2a /Users/hamsikapongubala/Desktop/MP3-Project/toolchains/mac/gcc-arm-none-eabi-8-2019-q3-update/bin/../lib/gcc/arm-none-eabi/8.3.1/../../../../arm-none-eabi/lib/thumb/v7e-m+fp/hard/libg_nano.a(lib_a-gdtoa-gethex.o)
                0x00000000000094f0                __hexdig_fun
 *fill*         0x000000000000951a        0x2 ff
 .text.__gethex
                0x000000000000951c      0x448 /Users/hamsikapongubala/Desktop/MP3-Project/toolchains/mac/gcc-arm-none-eabi-8-2019-q3-update/bin/../lib/gcc/arm-none-eabi/8.3.1/../../../../arm-none-eabi/lib/thumb/v7e-m+fp/hard/libg_nano.a(lib_a-gdtoa-gethex.o)
                0x000000000000951c                __gethex
 .text.L_shift  0x0000000000009964       0x24 /Users/hamsikapongubala/Desktop/MP3-Project/toolchains/mac/gcc-arm-none-eabi-8-2019-q3-update/bin/../lib/gcc/arm-none-eabi/8.3.1/../../../../arm-none-eabi/lib/thumb/v7e-m+fp/hard/libg_nano.a(lib_a-gdtoa-hexnan.o)
 .text.__match  0x0000000000009988       0x28 /Users/hamsikapongubala/Desktop/MP3-Project/toolchains/mac/gcc-arm-none-eabi-8-2019-q3-update/bin/../lib/gcc/arm-none-eabi/8.3.1/../../../../arm-none-eabi/lib/thumb/v7e-m+fp/hard/libg_nano.a(lib_a-gdtoa-hexnan.o)
                0x0000000000009988                __match
 .text.__hexnan
                0x00000000000099b0      0x120 /Users/hamsikapongubala/Desktop/MP3-Project/toolchains/mac/gcc-arm-none-eabi-8-2019-q3-update/bin/../lib/gcc/arm-none-eabi/8.3.1/../../../../arm-none-eabi/lib/thumb/v7e-m+fp/hard/libg_nano.a(lib_a-gdtoa-hexnan.o)
                0x00000000000099b0                __hexnan
 .text._getc_r  0x0000000000009ad0       0x80 /Users/hamsikapongubala/Desktop/MP3-Project/toolchains/mac/gcc-arm-none-eabi-8-2019-q3-update/bin/../lib/gcc/arm-none-eabi/8.3.1/../../../../arm-none-eabi/lib/thumb/v7e-m+fp/hard/libg_nano.a(lib_a-getc.o)
                0x0000000000009ad0                _getc_r
 .text._localeconv_r
                0x0000000000009b50        0x8 /Users/hamsikapongubala/Desktop/MP3-Project/toolchains/mac/gcc-arm-none-eabi-8-2019-q3-update/bin/../lib/gcc/arm-none-eabi/8.3.1/../../../../arm-none-eabi/lib/thumb/v7e-m+fp/hard/libg_nano.a(lib_a-localeconv.o)
                0x0000000000009b50                _localeconv_r
 .text.__swhatbuf_r
                0x0000000000009b58       0x48 /Users/hamsikapongubala/Desktop/MP3-Project/toolchains/mac/gcc-arm-none-eabi-8-2019-q3-update/bin/../lib/gcc/arm-none-eabi/8.3.1/../../../../arm-none-eabi/lib/thumb/v7e-m+fp/hard/libg_nano.a(lib_a-makebuf.o)
                0x0000000000009b58                __swhatbuf_r
 .text.__smakebuf_r
                0x0000000000009ba0       0x80 /Users/hamsikapongubala/Desktop/MP3-Project/toolchains/mac/gcc-arm-none-eabi-8-2019-q3-update/bin/../lib/gcc/arm-none-eabi/8.3.1/../../../../arm-none-eabi/lib/thumb/v7e-m+fp/hard/libg_nano.a(lib_a-makebuf.o)
                0x0000000000009ba0                __smakebuf_r
 .text.__ascii_mbtowc
                0x0000000000009c20       0x24 /Users/hamsikapongubala/Desktop/MP3-Project/toolchains/mac/gcc-arm-none-eabi-8-2019-q3-update/bin/../lib/gcc/arm-none-eabi/8.3.1/../../../../arm-none-eabi/lib/thumb/v7e-m+fp/hard/libg_nano.a(lib_a-mbtowc_r.o)
                0x0000000000009c20                __ascii_mbtowc
 *fill*         0x0000000000009c44        0xc ff
 .text          0x0000000000009c50       0xa0 /Users/hamsikapongubala/Desktop/MP3-Project/toolchains/mac/gcc-arm-none-eabi-8-2019-q3-update/bin/../lib/gcc/arm-none-eabi/8.3.1/../../../../arm-none-eabi/lib/thumb/v7e-m+fp/hard/libg_nano.a(lib_a-memchr.o)
                0x0000000000009c50                memchr
 .text.__malloc_lock
                0x0000000000009cf0        0xc /Users/hamsikapongubala/Desktop/MP3-Project/toolchains/mac/gcc-arm-none-eabi-8-2019-q3-update/bin/../lib/gcc/arm-none-eabi/8.3.1/../../../../arm-none-eabi/lib/thumb/v7e-m+fp/hard/libg_nano.a(lib_a-mlock.o)
                0x0000000000009cf0                __malloc_lock
 .text.__malloc_unlock
                0x0000000000009cfc        0xc /Users/hamsikapongubala/Desktop/MP3-Project/toolchains/mac/gcc-arm-none-eabi-8-2019-q3-update/bin/../lib/gcc/arm-none-eabi/8.3.1/../../../../arm-none-eabi/lib/thumb/v7e-m+fp/hard/libg_nano.a(lib_a-mlock.o)
                0x0000000000009cfc                __malloc_unlock
 .text._Balloc  0x0000000000009d08       0x68 /Users/hamsikapongubala/Desktop/MP3-Project/toolchains/mac/gcc-arm-none-eabi-8-2019-q3-update/bin/../lib/gcc/arm-none-eabi/8.3.1/../../../../arm-none-eabi/lib/thumb/v7e-m+fp/hard/libg_nano.a(lib_a-mprec.o)
                0x0000000000009d08                _Balloc
 .text._Bfree   0x0000000000009d70       0x2e /Users/hamsikapongubala/Desktop/MP3-Project/toolchains/mac/gcc-arm-none-eabi-8-2019-q3-update/bin/../lib/gcc/arm-none-eabi/8.3.1/../../../../arm-none-eabi/lib/thumb/v7e-m+fp/hard/libg_nano.a(lib_a-mprec.o)
                0x0000000000009d70                _Bfree
 .text.__multadd
                0x0000000000009d9e       0x76 /Users/hamsikapongubala/Desktop/MP3-Project/toolchains/mac/gcc-arm-none-eabi-8-2019-q3-update/bin/../lib/gcc/arm-none-eabi/8.3.1/../../../../arm-none-eabi/lib/thumb/v7e-m+fp/hard/libg_nano.a(lib_a-mprec.o)
                0x0000000000009d9e                __multadd
 .text.__s2b    0x0000000000009e14       0x7c /Users/hamsikapongubala/Desktop/MP3-Project/toolchains/mac/gcc-arm-none-eabi-8-2019-q3-update/bin/../lib/gcc/arm-none-eabi/8.3.1/../../../../arm-none-eabi/lib/thumb/v7e-m+fp/hard/libg_nano.a(lib_a-mprec.o)
                0x0000000000009e14                __s2b
 .text.__hi0bits
                0x0000000000009e90       0x40 /Users/hamsikapongubala/Desktop/MP3-Project/toolchains/mac/gcc-arm-none-eabi-8-2019-q3-update/bin/../lib/gcc/arm-none-eabi/8.3.1/../../../../arm-none-eabi/lib/thumb/v7e-m+fp/hard/libg_nano.a(lib_a-mprec.o)
                0x0000000000009e90                __hi0bits
 .text.__lo0bits
                0x0000000000009ed0       0x60 /Users/hamsikapongubala/Desktop/MP3-Project/toolchains/mac/gcc-arm-none-eabi-8-2019-q3-update/bin/../lib/gcc/arm-none-eabi/8.3.1/../../../../arm-none-eabi/lib/thumb/v7e-m+fp/hard/libg_nano.a(lib_a-mprec.o)
                0x0000000000009ed0                __lo0bits
 .text.__i2b    0x0000000000009f30       0x12 /Users/hamsikapongubala/Desktop/MP3-Project/toolchains/mac/gcc-arm-none-eabi-8-2019-q3-update/bin/../lib/gcc/arm-none-eabi/8.3.1/../../../../arm-none-eabi/lib/thumb/v7e-m+fp/hard/libg_nano.a(lib_a-mprec.o)
                0x0000000000009f30                __i2b
 .text.__multiply
                0x0000000000009f42      0x120 /Users/hamsikapongubala/Desktop/MP3-Project/toolchains/mac/gcc-arm-none-eabi-8-2019-q3-update/bin/../lib/gcc/arm-none-eabi/8.3.1/../../../../arm-none-eabi/lib/thumb/v7e-m+fp/hard/libg_nano.a(lib_a-mprec.o)
                0x0000000000009f42                __multiply
 *fill*         0x000000000000a062        0x2 ff
 .text.__pow5mult
                0x000000000000a064       0x9c /Users/hamsikapongubala/Desktop/MP3-Project/toolchains/mac/gcc-arm-none-eabi-8-2019-q3-update/bin/../lib/gcc/arm-none-eabi/8.3.1/../../../../arm-none-eabi/lib/thumb/v7e-m+fp/hard/libg_nano.a(lib_a-mprec.o)
                0x000000000000a064                __pow5mult
 .text.__lshift
                0x000000000000a100       0xa6 /Users/hamsikapongubala/Desktop/MP3-Project/toolchains/mac/gcc-arm-none-eabi-8-2019-q3-update/bin/../lib/gcc/arm-none-eabi/8.3.1/../../../../arm-none-eabi/lib/thumb/v7e-m+fp/hard/libg_nano.a(lib_a-mprec.o)
                0x000000000000a100                __lshift
 .text.__mcmp   0x000000000000a1a6       0x34 /Users/hamsikapongubala/Desktop/MP3-Project/toolchains/mac/gcc-arm-none-eabi-8-2019-q3-update/bin/../lib/gcc/arm-none-eabi/8.3.1/../../../../arm-none-eabi/lib/thumb/v7e-m+fp/hard/libg_nano.a(lib_a-mprec.o)
                0x000000000000a1a6                __mcmp
 .text.__mdiff  0x000000000000a1da       0xba /Users/hamsikapongubala/Desktop/MP3-Project/toolchains/mac/gcc-arm-none-eabi-8-2019-q3-update/bin/../lib/gcc/arm-none-eabi/8.3.1/../../../../arm-none-eabi/lib/thumb/v7e-m+fp/hard/libg_nano.a(lib_a-mprec.o)
                0x000000000000a1da                __mdiff
 .text.__ulp    0x000000000000a294       0x4c /Users/hamsikapongubala/Desktop/MP3-Project/toolchains/mac/gcc-arm-none-eabi-8-2019-q3-update/bin/../lib/gcc/arm-none-eabi/8.3.1/../../../../arm-none-eabi/lib/thumb/v7e-m+fp/hard/libg_nano.a(lib_a-mprec.o)
                0x000000000000a294                __ulp
 .text.__b2d    0x000000000000a2e0       0xa0 /Users/hamsikapongubala/Desktop/MP3-Project/toolchains/mac/gcc-arm-none-eabi-8-2019-q3-update/bin/../lib/gcc/arm-none-eabi/8.3.1/../../../../arm-none-eabi/lib/thumb/v7e-m+fp/hard/libg_nano.a(lib_a-mprec.o)
                0x000000000000a2e0                __b2d
 .text.__d2b    0x000000000000a380       0x9c /Users/hamsikapongubala/Desktop/MP3-Project/toolchains/mac/gcc-arm-none-eabi-8-2019-q3-update/bin/../lib/gcc/arm-none-eabi/8.3.1/../../../../arm-none-eabi/lib/thumb/v7e-m+fp/hard/libg_nano.a(lib_a-mprec.o)
                0x000000000000a380                __d2b
 .text.__ratio  0x000000000000a41c       0x66 /Users/hamsikapongubala/Desktop/MP3-Project/toolchains/mac/gcc-arm-none-eabi-8-2019-q3-update/bin/../lib/gcc/arm-none-eabi/8.3.1/../../../../arm-none-eabi/lib/thumb/v7e-m+fp/hard/libg_nano.a(lib_a-mprec.o)
                0x000000000000a41c                __ratio
 .text.__copybits
                0x000000000000a482       0x34 /Users/hamsikapongubala/Desktop/MP3-Project/toolchains/mac/gcc-arm-none-eabi-8-2019-q3-update/bin/../lib/gcc/arm-none-eabi/8.3.1/../../../../arm-none-eabi/lib/thumb/v7e-m+fp/hard/libg_nano.a(lib_a-mprec.o)
                0x000000000000a482                __copybits
 .text.__any_on
                0x000000000000a4b6       0x42 /Users/hamsikapongubala/Desktop/MP3-Project/toolchains/mac/gcc-arm-none-eabi-8-2019-q3-update/bin/../lib/gcc/arm-none-eabi/8.3.1/../../../../arm-none-eabi/lib/thumb/v7e-m+fp/hard/libg_nano.a(lib_a-mprec.o)
                0x000000000000a4b6                __any_on
 .text._calloc_r
                0x000000000000a4f8       0x1c /Users/hamsikapongubala/Desktop/MP3-Project/toolchains/mac/gcc-arm-none-eabi-8-2019-q3-update/bin/../lib/gcc/arm-none-eabi/8.3.1/../../../../arm-none-eabi/lib/thumb/v7e-m+fp/hard/libg_nano.a(lib_a-nano-callocr.o)
                0x000000000000a4f8                _calloc_r
 .text._realloc_r
                0x000000000000a514       0x4c /Users/hamsikapongubala/Desktop/MP3-Project/toolchains/mac/gcc-arm-none-eabi-8-2019-q3-update/bin/../lib/gcc/arm-none-eabi/8.3.1/../../../../arm-none-eabi/lib/thumb/v7e-m+fp/hard/libg_nano.a(lib_a-nano-reallocr.o)
                0x000000000000a514                _realloc_r
 .text.__ssputs_r
                0x000000000000a560       0xb6 /Users/hamsikapongubala/Desktop/MP3-Project/toolchains/mac/gcc-arm-none-eabi-8-2019-q3-update/bin/../lib/gcc/arm-none-eabi/8.3.1/../../../../arm-none-eabi/lib/thumb/v7e-m+fp/hard/libg_nano.a(lib_a-nano-svfprintf.o)
                0x000000000000a560                __ssputs_r
 *fill*         0x000000000000a616        0x2 ff
 .text._svfprintf_r
                0x000000000000a618      0x1f0 /Users/hamsikapongubala/Desktop/MP3-Project/toolchains/mac/gcc-arm-none-eabi-8-2019-q3-update/bin/../lib/gcc/arm-none-eabi/8.3.1/../../../../arm-none-eabi/lib/thumb/v7e-m+fp/hard/libg_nano.a(lib_a-nano-svfprintf.o)
                0x000000000000a618                _svfprintf_r
                0x000000000000a618                _svfiprintf_r
 .text._sungetc_r
                0x000000000000a808       0x7a /Users/hamsikapongubala/Desktop/MP3-Project/toolchains/mac/gcc-arm-none-eabi-8-2019-q3-update/bin/../lib/gcc/arm-none-eabi/8.3.1/../../../../arm-none-eabi/lib/thumb/v7e-m+fp/hard/libg_nano.a(lib_a-nano-svfscanf.o)
                0x000000000000a808                _sungetc_r
 .text.__ssrefill_r
                0x000000000000a882       0x3a /Users/hamsikapongubala/Desktop/MP3-Project/toolchains/mac/gcc-arm-none-eabi-8-2019-q3-update/bin/../lib/gcc/arm-none-eabi/8.3.1/../../../../arm-none-eabi/lib/thumb/v7e-m+fp/hard/libg_nano.a(lib_a-nano-svfscanf.o)
                0x000000000000a882                __ssrefill_r
 .text.__ssvfscanf_r
                0x000000000000a8bc      0x290 /Users/hamsikapongubala/Desktop/MP3-Project/toolchains/mac/gcc-arm-none-eabi-8-2019-q3-update/bin/../lib/gcc/arm-none-eabi/8.3.1/../../../../arm-none-eabi/lib/thumb/v7e-m+fp/hard/libg_nano.a(lib_a-nano-svfscanf.o)
                0x000000000000a8bc                __ssvfscanf_r
                0x000000000000a8bc                __ssvfiscanf_r
 .text._scanf_chars
                0x000000000000ab4c       0xb0 /Users/hamsikapongubala/Desktop/MP3-Project/toolchains/mac/gcc-arm-none-eabi-8-2019-q3-update/bin/../lib/gcc/arm-none-eabi/8.3.1/../../../../arm-none-eabi/lib/thumb/v7e-m+fp/hard/libg_nano.a(lib_a-nano-vfscanf_i.o)
                0x000000000000ab4c                _scanf_chars
 .text._scanf_i
                0x000000000000abfc      0x1e8 /Users/hamsikapongubala/Desktop/MP3-Project/toolchains/mac/gcc-arm-none-eabi-8-2019-q3-update/bin/../lib/gcc/arm-none-eabi/8.3.1/../../../../arm-none-eabi/lib/thumb/v7e-m+fp/hard/libg_nano.a(lib_a-nano-vfscanf_i.o)
                0x000000000000abfc                _scanf_i
 .text._putc_r  0x000000000000ade4       0x90 /Users/hamsikapongubala/Desktop/MP3-Project/toolchains/mac/gcc-arm-none-eabi-8-2019-q3-update/bin/../lib/gcc/arm-none-eabi/8.3.1/../../../../arm-none-eabi/lib/thumb/v7e-m+fp/hard/libg_nano.a(lib_a-putc.o)
                0x000000000000ade4                _putc_r
 .text.__srget_r
                0x000000000000ae74       0x58 /Users/hamsikapongubala/Desktop/MP3-Project/toolchains/mac/gcc-arm-none-eabi-8-2019-q3-update/bin/../lib/gcc/arm-none-eabi/8.3.1/../../../../arm-none-eabi/lib/thumb/v7e-m+fp/hard/libg_nano.a(lib_a-rget.o)
                0x000000000000ae74                __srget_r
 *fill*         0x000000000000aecc        0x4 ff
 .text.nan      0x000000000000aed0       0x10 /Users/hamsikapongubala/Desktop/MP3-Project/toolchains/mac/gcc-arm-none-eabi-8-2019-q3-update/bin/../lib/gcc/arm-none-eabi/8.3.1/../../../../arm-none-eabi/lib/thumb/v7e-m+fp/hard/libg_nano.a(lib_a-s_nan.o)
                0x000000000000aed0                nan
 .text.__sccl   0x000000000000aee0       0x64 /Users/hamsikapongubala/Desktop/MP3-Project/toolchains/mac/gcc-arm-none-eabi-8-2019-q3-update/bin/../lib/gcc/arm-none-eabi/8.3.1/../../../../arm-none-eabi/lib/thumb/v7e-m+fp/hard/libg_nano.a(lib_a-sccl.o)
                0x000000000000aee0                __sccl
 .text.__sread  0x000000000000af44       0x22 /Users/hamsikapongubala/Desktop/MP3-Project/toolchains/mac/gcc-arm-none-eabi-8-2019-q3-update/bin/../lib/gcc/arm-none-eabi/8.3.1/../../../../arm-none-eabi/lib/thumb/v7e-m+fp/hard/libg_nano.a(lib_a-stdio.o)
                0x000000000000af44                __sread
 .text.__seofread
                0x000000000000af66        0x4 /Users/hamsikapongubala/Desktop/MP3-Project/toolchains/mac/gcc-arm-none-eabi-8-2019-q3-update/bin/../lib/gcc/arm-none-eabi/8.3.1/../../../../arm-none-eabi/lib/thumb/v7e-m+fp/hard/libg_nano.a(lib_a-stdio.o)
                0x000000000000af66                __seofread
 .text.__swrite
                0x000000000000af6a       0x38 /Users/hamsikapongubala/Desktop/MP3-Project/toolchains/mac/gcc-arm-none-eabi-8-2019-q3-update/bin/../lib/gcc/arm-none-eabi/8.3.1/../../../../arm-none-eabi/lib/thumb/v7e-m+fp/hard/libg_nano.a(lib_a-stdio.o)
                0x000000000000af6a                __swrite
 .text.__sseek  0x000000000000afa2       0x24 /Users/hamsikapongubala/Desktop/MP3-Project/toolchains/mac/gcc-arm-none-eabi-8-2019-q3-update/bin/../lib/gcc/arm-none-eabi/8.3.1/../../../../arm-none-eabi/lib/thumb/v7e-m+fp/hard/libg_nano.a(lib_a-stdio.o)
                0x000000000000afa2                __sseek
 .text.__sclose
                0x000000000000afc6        0x8 /Users/hamsikapongubala/Desktop/MP3-Project/toolchains/mac/gcc-arm-none-eabi-8-2019-q3-update/bin/../lib/gcc/arm-none-eabi/8.3.1/../../../../arm-none-eabi/lib/thumb/v7e-m+fp/hard/libg_nano.a(lib_a-stdio.o)
                0x000000000000afc6                __sclose
 *fill*         0x000000000000afce        0x2 ff
 .text._strtoul_l.isra.0
                0x000000000000afd0       0xec /Users/hamsikapongubala/Desktop/MP3-Project/toolchains/mac/gcc-arm-none-eabi-8-2019-q3-update/bin/../lib/gcc/arm-none-eabi/8.3.1/../../../../arm-none-eabi/lib/thumb/v7e-m+fp/hard/libg_nano.a(lib_a-strtoul.o)
 .text._strtoul_r
                0x000000000000b0bc        0x4 /Users/hamsikapongubala/Desktop/MP3-Project/toolchains/mac/gcc-arm-none-eabi-8-2019-q3-update/bin/../lib/gcc/arm-none-eabi/8.3.1/../../../../arm-none-eabi/lib/thumb/v7e-m+fp/hard/libg_nano.a(lib_a-strtoul.o)
                0x000000000000b0bc                _strtoul_r
 .text.__submore
                0x000000000000b0c0       0x74 /Users/hamsikapongubala/Desktop/MP3-Project/toolchains/mac/gcc-arm-none-eabi-8-2019-q3-update/bin/../lib/gcc/arm-none-eabi/8.3.1/../../../../arm-none-eabi/lib/thumb/v7e-m+fp/hard/libg_nano.a(lib_a-ungetc.o)
                0x000000000000b0c0                __submore
 .text.__ascii_wctomb
                0x000000000000b134       0x1a /Users/hamsikapongubala/Desktop/MP3-Project/toolchains/mac/gcc-arm-none-eabi-8-2019-q3-update/bin/../lib/gcc/arm-none-eabi/8.3.1/../../../../arm-none-eabi/lib/thumb/v7e-m+fp/hard/libg_nano.a(lib_a-wctomb_r.o)
                0x000000000000b134                __ascii_wctomb
 *fill*         0x000000000000b14e        0x2 ff
 .text._write_r
                0x000000000000b150       0x24 /Users/hamsikapongubala/Desktop/MP3-Project/toolchains/mac/gcc-arm-none-eabi-8-2019-q3-update/bin/../lib/gcc/arm-none-eabi/8.3.1/../../../../arm-none-eabi/lib/thumb/v7e-m+fp/hard/libg_nano.a(lib_a-writer.o)
                0x000000000000b150                _write_r
 .text._close_r
                0x000000000000b174       0x20 /Users/hamsikapongubala/Desktop/MP3-Project/toolchains/mac/gcc-arm-none-eabi-8-2019-q3-update/bin/../lib/gcc/arm-none-eabi/8.3.1/../../../../arm-none-eabi/lib/thumb/v7e-m+fp/hard/libg_nano.a(lib_a-closer.o)
                0x000000000000b174                _close_r
 .text._fstat_r
                0x000000000000b194       0x24 /Users/hamsikapongubala/Desktop/MP3-Project/toolchains/mac/gcc-arm-none-eabi-8-2019-q3-update/bin/../lib/gcc/arm-none-eabi/8.3.1/../../../../arm-none-eabi/lib/thumb/v7e-m+fp/hard/libg_nano.a(lib_a-fstatr.o)
                0x000000000000b194                _fstat_r
 .text._isatty_r
                0x000000000000b1b8       0x20 /Users/hamsikapongubala/Desktop/MP3-Project/toolchains/mac/gcc-arm-none-eabi-8-2019-q3-update/bin/../lib/gcc/arm-none-eabi/8.3.1/../../../../arm-none-eabi/lib/thumb/v7e-m+fp/hard/libg_nano.a(lib_a-isattyr.o)
                0x000000000000b1b8                _isatty_r
 .text._lseek_r
                0x000000000000b1d8       0x24 /Users/hamsikapongubala/Desktop/MP3-Project/toolchains/mac/gcc-arm-none-eabi-8-2019-q3-update/bin/../lib/gcc/arm-none-eabi/8.3.1/../../../../arm-none-eabi/lib/thumb/v7e-m+fp/hard/libg_nano.a(lib_a-lseekr.o)
                0x000000000000b1d8                _lseek_r
 .text._malloc_usable_size_r
                0x000000000000b1fc       0x10 /Users/hamsikapongubala/Desktop/MP3-Project/toolchains/mac/gcc-arm-none-eabi-8-2019-q3-update/bin/../lib/gcc/arm-none-eabi/8.3.1/../../../../arm-none-eabi/lib/thumb/v7e-m+fp/hard/libg_nano.a(lib_a-nano-msizer.o)
                0x000000000000b1fc                _malloc_usable_size_r